19:00:00 i H1S4-PDL1 open=1 fmt=N115200 rx=25030 tx=25272 err=5 drop=0
19:00:01 pedal: P1 1.1-s169 uid=203836484D435011003B0070 optr=FFFFFEAA disp=CC by=probe set=auto probe=CC adc=886,885,004,004
19:00:01 check: UpToDate — pedal runs 1.1-s169, the app carries 1.1-s169
19:00:01 image 1.1-s169 md5 f0fd3cff8642e0547669b8cd003ee7dd 4196 B, pages 0-2
19:00:01 GLASS: Updating the foot pedal — do not unplug
19:00:01 before: P1 1.1-s169 uid=203836484D435011003B0070 optr=FFFFFEAA disp=CC by=probe set=auto probe=CC adc=886,885,004,004
19:00:01 !BOOT reply: !BOOT\x0A
19:00:01 sync: ACK
19:00:01 OPTR=0xFBFFFEAA RDP=0xAA nBOOT_SEL=1 nBOOT1=1 nBOOT0=0 NRST_MODE=3
19:00:01 GLASS: Updating the foot pedal — do not unplug  5%
19:00:15 GLASS: Updating the foot pedal — do not unplug  15%
19:00:29 GLASS: Updating the foot pedal — do not unplug  25%
19:00:43 GLASS: Updating the foot pedal — do not unplug  35%
19:00:57 GLASS: Updating the foot pedal — do not unplug  45%
19:01:11 GLASS: Updating the foot pedal — do not unplug  55%
19:01:25 GLASS: Updating the foot pedal — do not unplug  65%
19:01:40 GLASS: Updating the foot pedal — do not unplug  75%
19:01:44 GLASS: Updating the foot pedal — do not unplug  85%
19:01:45 GLASS: Updating the foot pedal — do not unplug  95%
19:01:46 flashed: pages 0-2 erased, 4196 B written and verified in 104.8 s (attempt 1)
19:01:46 Go 0x08000000
19:01:46 after: P1 1.1-s169 uid=203836484D435011003B0070 optr=FFFFFEAA disp=CC by=probe set=auto probe=CC adc=88B,88B,002,001
19:01:46 done in 105.7 s: 1.1-s169 disp=CC set=auto
19:01:46 GLASS: Foot pedal updated
19:01:46 relay restored (open N115200): oN115200 H1S4-PDL1
19:01:46 OK: updated to 1.1-s169
exit=0
19:01:47 P1 1.1-s169 uid=203836484D435011003B0070 optr=FFFFFEAA disp=CC by=probe set=auto probe=CC adc=88B,88B,002,001
19:01:47 relay restored (open N115200): oN115200 H1S4-PDL1
19:01:47 i H1S4-PDL1 open=1 fmt=N115200 rx=29832 tx=30258 err=5 drop=0
END
