15:42:34 pressing the armed START
15:42:34 tap 400,955
15:42:35 SCREEN [waiting] n=1/6 status='Set the bench up' :: Plug the network lead into the network socket on the rear panel, then press ENTER.
15:42:35 reached 'Plug ' -- stopping
15:42:35 --- 1 distinct screens ---
15:42:35     11.0s [waiting] 1/6 | Set the bench up | Plug the network lead into the network socket on the rear panel, then press ENTER.
15:43:58 SCREEN [waiting] n=1/6 status='Set the bench up' :: Plug the network lead into the network socket on the rear panel, then press ENTER.
15:43:59 tap 400,955
15:44:00 SCREEN [waiting] n=2/6 status='Set the bench up' :: Put a USB memory stick into each of the TWO USB sockets on the top panel, then press ENTER.
15:44:01 tap 400,955
15:44:01 SCREEN [waiting] n=3/6 status='Set the bench up' :: Hang the XLR lead on AUX 1 and leave it there, then press ENTER.
15:44:03 tap 400,955
15:44:06 SCREEN [waiting] n=4/6 status='Set the bench up' :: Hang the XLR-to-jack lead on AUX 2 and leave it there, then press ENTER.
15:44:07 tap 400,955
15:44:11 SCREEN [waiting] n=5/6 status='Set the bench up' :: Put the jack-to-XLR lead into MIC 8 and leave it there, then press ENTER.
15:44:11 reached 'into MIC' -- stopping
15:44:11 --- 5 distinct screens ---
15:44:11      0.0s [waiting] 1/6 | Set the bench up | Plug the network lead into the network socket on the rear panel, then press ENTER.
15:44:11      1.6s [waiting] 2/6 | Set the bench up | Put a USB memory stick into each of the TWO USB sockets on the top panel, then press ENTER.
15:44:11      3.2s [waiting] 3/6 | Set the bench up | Hang the XLR lead on AUX 1 and leave it there, then press ENTER.
15:44:11      7.8s [waiting] 4/6 | Set the bench up | Hang the XLR-to-jack lead on AUX 2 and leave it there, then press ENTER.
15:44:11     12.4s [waiting] 5/6 | Set the bench up | Put the jack-to-XLR lead into MIC 8 and leave it there, then press ENTER.
15:46:38 SCREEN [waiting] n=5/6 status='Set the bench up' :: Put the jack-to-XLR lead into MIC 8 and leave it there, then press ENTER.
15:46:39 tap 400,955
15:46:39 SCREEN [waiting] n=6/6 status='Set the bench up' :: Put the 150 ohm plug on the bench, where you can reach it, then press ENTER.
15:46:41 tap 400,955
15:46:41 SCREEN [waiting] n=1/3 status='Station 1 of 3' :: Next: front panel switches. 12 checks. Press ENTER.
15:46:42 tap 400,955
15:46:46 SCREEN [waiting] n=0/36 status='Right switch panel' :: RIGHT switch board: press the lit button, FX MUTE. The RED ring should be lit.
15:46:47 tap 400,955
15:46:50 tap 400,955
15:46:53 tap 400,955
15:46:57 tap 400,955
15:47:00 tap 400,955
15:47:03 tap 400,955
15:47:07 tap 400,955
15:47:10 tap 400,955
15:47:14 SCREEN [waiting] n=1/36 status='Right switch panel' :: RIGHT switch board: press the lit button, MONITOR. The white ring should be lit.
15:47:15 tap 400,955
15:47:18 tap 400,955
15:47:22 tap 400,955
15:47:25 tap 400,955
15:47:28 tap 400,955
15:47:32 tap 400,955
15:47:35 tap 400,955
15:47:39 tap 400,955
15:47:42 tap 400,955
15:47:46 SCREEN [waiting] n=2/36 status='Right switch panel' :: RIGHT switch board: press the lit button, REC/PLY. The RED ring should be lit.
15:47:47 tap 400,955
15:47:50 tap 400,955
15:47:53 tap 400,955
15:47:57 tap 400,955
15:48:00 tap 400,955
15:48:04 tap 400,955
15:48:07 tap 400,955
15:48:10 tap 400,955
15:48:14 SCREEN [waiting] n=3/36 status='Right switch panel' :: RIGHT switch board: press the lit button, STUDIO CTL. The white ring should be lit.
15:48:15 tap 400,955
15:48:18 tap 400,955
15:48:22 tap 400,955
15:48:25 tap 400,955
15:48:29 tap 400,955
15:48:32 tap 400,955
15:48:35 tap 400,955
15:48:39 tap 400,955
15:48:42 tap 400,955
15:48:46 SCREEN [waiting] n=3/36 status='Right switch panel' :: RIGHT switch board: Turn the encoder one click clockwise, then one back.
15:48:47 tap 400,955
15:48:50 tap 400,955
15:48:54 tap 400,955
15:48:57 tap 400,955
15:49:00 tap 400,955
15:49:04 tap 400,955
15:49:07 tap 400,955
15:49:11 tap 400,955
15:49:14 SCREEN [waiting] n=3/3 status='Station 3 of 3' :: Next: analog paths. Supplies LIVE. 33 checks. Press ENTER.
15:49:16 tap 400,955
15:49:19 SCREEN [starting] n=3/3 status='Getting the unit ready...' :: Next: analog paths. Supplies LIVE. 33 checks. Press ENTER.
15:49:28 SCREEN [waiting] n=1/59 status='Waiting for the lead...' :: Plug AUX 1 into MIC 7, then press ENTER.
15:49:28 reached 'Plug AUX' -- stopping
15:49:28 --- 11 distinct screens ---
15:49:28      0.0s [waiting] 5/6 | Set the bench up | Put the jack-to-XLR lead into MIC 8 and leave it there, then press ENTER.
15:49:28      1.6s [waiting] 6/6 | Set the bench up | Put the 150 ohm plug on the bench, where you can reach it, then press ENTER.
15:49:28      3.2s [waiting] 1/3 | Station 1 of 3 | Next: front panel switches. 12 checks. Press ENTER.
15:49:28      7.8s [waiting] 0/36 | Right switch panel | RIGHT switch board: press the lit button, FX MUTE. The RED ring should be lit.
15:49:28     36.2s [waiting] 1/36 | Right switch panel | RIGHT switch board: press the lit button, MONITOR. The white ring should be lit.
15:49:28     68.0s [waiting] 2/36 | Right switch panel | RIGHT switch board: press the lit button, REC/PLY. The RED ring should be lit.
15:49:28     96.4s [waiting] 3/36 | Right switch panel | RIGHT switch board: press the lit button, STUDIO CTL. The white ring should be lit.
15:49:28    128.3s [waiting] 3/36 | Right switch panel | RIGHT switch board: Turn the encoder one click clockwise, then one back.
15:49:28    156.7s [waiting] 3/3 | Station 3 of 3 | Next: analog paths. Supplies LIVE. 33 checks. Press ENTER.
15:49:28    161.3s [starting] 3/3 | Getting the unit ready... | Next: analog paths. Supplies LIVE. 33 checks. Press ENTER.
15:49:28    170.5s [waiting] 1/59 | Waiting for the lead... | Plug AUX 1 into MIC 7, then press ENTER.
