15:50:32 pressing the armed START
15:50:32 tap 400,955
15:50:32 SCREEN [paused] n=1/59 status='The test stopped before it finished - it was stopped. The unit is safe. Press START to run the test again.' :: 
15:50:32 SCREEN [waiting] n=1/3 status='Station 1 of 3' :: Next: front panel switches. 12 checks. Press ENTER.
15:50:34 tap 400,955
15:50:37 SCREEN [waiting] n=0/36 status='Right switch panel' :: RIGHT switch board: press the lit button, FX MUTE. The RED ring should be lit.
15:50:38 tap 400,955
15:50:41 tap 400,955
15:50:45 tap 400,955
15:50:48 tap 400,955
15:50:52 tap 400,955
15:50:55 tap 400,955
15:50:59 tap 400,955
15:51:02 tap 400,955
15:51:06 SCREEN [waiting] n=1/36 status='Right switch panel' :: RIGHT switch board: press the lit button, MONITOR. The white ring should be lit.
15:51:07 tap 400,955
15:51:10 tap 400,955
15:51:14 tap 400,955
15:51:17 tap 400,955
15:51:20 tap 400,955
15:51:24 tap 400,955
15:51:27 tap 400,955
15:51:31 tap 400,955
15:51:34 tap 400,955
15:51:38 SCREEN [waiting] n=2/36 status='Right switch panel' :: RIGHT switch board: press the lit button, REC/PLY. The RED ring should be lit.
15:51:39 tap 400,955
15:51:42 tap 400,955
15:51:45 tap 400,955
15:51:49 tap 400,955
15:51:52 tap 400,955
15:51:56 tap 400,955
15:51:59 tap 400,955
15:52:02 tap 400,955
15:52:06 SCREEN [waiting] n=3/36 status='Right switch panel' :: RIGHT switch board: press the lit button, STUDIO CTL. The white ring should be lit.
15:52:07 tap 400,955
15:52:10 tap 400,955
15:52:14 tap 400,955
15:52:17 tap 400,955
15:52:21 tap 400,955
15:52:24 tap 400,955
15:52:27 tap 400,955
15:52:31 tap 400,955
15:52:34 tap 400,955
15:52:38 SCREEN [waiting] n=3/36 status='Right switch panel' :: RIGHT switch board: Turn the encoder one click clockwise, then one back.
15:52:39 tap 400,955
15:52:42 tap 400,955
15:52:46 tap 400,955
15:52:49 tap 400,955
15:52:52 tap 400,955
15:52:56 tap 400,955
15:52:59 tap 400,955
15:53:03 tap 400,955
15:53:06 SCREEN [waiting] n=3/3 status='Station 3 of 3' :: Next: analog paths. Supplies LIVE. 33 checks. Press ENTER.
15:53:08 tap 400,955
15:53:11 SCREEN [starting] n=3/3 status='Getting the unit ready...' :: Next: analog paths. Supplies LIVE. 33 checks. Press ENTER.
15:53:21 SCREEN [waiting] n=1/59 status='Waiting for the lead...' :: Plug AUX 1 into MIC 7, then press ENTER.
15:53:22 tap 400,955
15:53:25 SCREEN [waiting] n=1/59 status='Looking for a working socket...' :: Move the lead to MIC 9, then press ENTER.
15:53:26 tap 400,955
15:53:30 SCREEN [waiting] n=1/59 status='Looking for a working socket...' :: Move the lead to MIC 10, then press ENTER.
15:53:31 tap 400,955
15:53:34 SCREEN [waiting] n=1/59 status='Looking for a working socket...' :: Move the other end to AUX 4, and this end to MIC 11, then press ENTER.
15:53:36 tap 400,955
15:53:39 SCREEN [waiting] n=1/59 status='Looking for a working socket...' :: Move the lead to MIC 12, then press ENTER.
15:53:40 tap 400,955
15:53:44 SCREEN [waiting] n=1/59 status='Looking for a working socket...' :: Move the lead to MIC 17, then press ENTER.
15:53:45 tap 400,955
15:53:48 SCREEN [waiting] n=1/59 status='Looking for a working socket...' :: Move the other end to AUX 5, and this end to MIC 18, then press ENTER.
15:53:49 tap 400,955
15:53:53 SCREEN [waiting] n=1/59 status='Looking for a working socket...' :: Move the lead to MIC 19, then press ENTER.
15:53:54 tap 400,955
15:53:57 SCREEN [waiting] n=1/59 status='Looking for a working socket...' :: Move the lead to MIC 20, then press ENTER.
15:53:59 tap 400,955
15:54:02 SCREEN [waiting] n=1/59 status='Looking for a working socket...' :: Move the other end to AUX 6, and this end to MIC 21, then press ENTER.
15:54:03 tap 400,955
15:54:07 SCREEN [waiting] n=1/59 status='Looking for a working socket...' :: Move the lead to MIC 22, then press ENTER.
15:54:08 tap 400,955
15:54:11 SCREEN [waiting] n=1/59 status='Looking for a working socket...' :: Move the lead to MIC 23, then press ENTER.
15:54:12 tap 400,955
15:54:16 SCREEN [waiting] n=1/59 status='Looking for a working socket...' :: Move the other end to AUX 7, and this end to MIC 24, then press ENTER.
15:54:17 tap 400,955
15:54:20 SCREEN [waiting] n=1/59 status='Looking for a working socket...' :: Move the lead to MIC 8, then press ENTER.
15:54:22 tap 400,955
15:54:25 SCREEN [finished] n=1/59 status='No signal on any socket - call the supervisor.' :: 
