16:30:13 pressing the armed START
16:30:13 tap 400,955
16:30:13 SCREEN [waiting] n=1/6 status='Set the bench up' :: Plug the network lead into the network socket on the rear panel, then press ENTER.
16:30:15 tap 400,955
16:30:18 SCREEN [waiting] n=2/6 status='Set the bench up' :: Put a USB memory stick into each of the TWO USB sockets on the top panel, then press ENTER.
16:30:19 tap 400,955
16:30:23 SCREEN [waiting] n=3/6 status='Set the bench up' :: Hang the XLR lead on AUX 1 and leave it there, then press ENTER.
16:30:24 tap 400,955
16:30:27 SCREEN [waiting] n=4/6 status='Set the bench up' :: Hang the XLR-to-jack lead on AUX 2 and leave it there, then press ENTER.
16:30:28 tap 400,955
16:30:32 SCREEN [waiting] n=5/6 status='Set the bench up' :: Put the jack-to-XLR lead into MIC 8 and leave it there, then press ENTER.
16:30:33 tap 400,955
16:30:36 SCREEN [waiting] n=6/6 status='Set the bench up' :: Put the 150 ohm plug on the bench, where you can reach it, then press ENTER.
16:30:38 tap 400,955
16:30:41 SCREEN [waiting] n=1/3 status='Station 1 of 3' :: Next: front panel switches. 44 checks. Press ENTER.
16:30:42 tap 400,955
16:30:46 SCREEN [waiting] n=0/14 status='Left switch panel' :: LEFT switch board: press the lit button, MONO AUX. The white pair should be lit.
16:30:47 tap 400,955
16:30:50 tap 400,955
16:30:53 tap 400,955
16:30:57 tap 400,955
16:31:00 tap 400,955
16:31:03 tap 400,955
16:31:07 tap 400,955
16:31:10 tap 400,955
16:31:14 SCREEN [waiting] n=1/14 status='Left switch panel' :: LEFT switch board: press the lit button, STEREO AUX. The white pair should be lit.
16:31:15 tap 400,955
16:31:18 tap 400,955
16:31:22 tap 400,955
16:31:25 tap 400,955
16:31:28 tap 400,955
16:31:32 tap 400,955
16:31:35 tap 400,955
16:31:39 tap 400,955
16:31:42 tap 400,955
16:31:46 SCREEN [waiting] n=2/14 status='Left switch panel' :: LEFT switch board: press the lit button, FX. The white pair should be lit.
16:31:47 tap 400,955
16:31:50 tap 400,955
16:31:53 tap 400,955
16:31:57 tap 400,955
16:32:00 tap 400,955
16:32:04 tap 400,955
16:32:07 tap 400,955
16:32:11 tap 400,955
16:32:14 SCREEN [waiting] n=3/14 status='Left switch panel' :: LEFT switch board: press the lit button, EQ. The white pair should be lit.
16:32:16 tap 400,955
16:32:19 tap 400,955
16:32:22 tap 400,955
16:32:25 tap 400,955
16:32:29 tap 400,955
16:32:32 tap 400,955
16:32:36 tap 400,955
16:32:39 tap 400,955
16:32:42 tap 400,955
16:32:46 SCREEN [waiting] n=4/14 status='Left switch panel' :: LEFT switch board: press the lit button, AUX ON FADERS. The white pair should be lit.
16:32:47 tap 400,955
16:32:50 tap 400,955
16:32:54 tap 400,955
16:32:57 tap 400,955
16:33:01 tap 400,955
16:33:04 tap 400,955
16:33:07 tap 400,955
16:33:11 tap 400,955
16:33:15 SCREEN [waiting] n=5/14 status='Left switch panel' :: LEFT switch board: press the lit button, OVERVIEW. The white pair should be lit.
16:33:16 tap 400,955
16:33:19 tap 400,955
16:33:22 tap 400,955
16:33:26 tap 400,955
16:33:29 tap 400,955
16:33:32 tap 400,955
16:33:36 tap 400,955
16:33:39 tap 400,955
16:33:43 tap 400,955
16:33:46 SCREEN [waiting] n=0/36 status='Right switch panel' :: RIGHT switch board: press the lit button, FX MUTE. The RED ring should be lit.
16:33:48 tap 400,955
16:33:51 tap 400,955
16:33:54 tap 400,955
16:33:57 tap 400,955
16:34:01 tap 400,955
16:34:04 tap 400,955
16:34:08 tap 400,955
16:34:11 tap 400,955
16:34:15 SCREEN [waiting] n=1/36 status='Right switch panel' :: RIGHT switch board: press the lit button, HOME. The white ring should be lit.
16:34:16 tap 400,955
16:34:19 tap 400,955
16:34:22 tap 400,955
16:34:26 tap 400,955
16:34:29 tap 400,955
16:34:33 tap 400,955
16:34:36 tap 400,955
16:34:39 tap 400,955
16:34:43 tap 400,955
16:34:47 SCREEN [waiting] n=2/36 status='Right switch panel' :: RIGHT switch board: press the lit button, MENU. The white ring should be lit.
16:34:48 tap 400,955
16:34:51 tap 400,955
16:34:54 tap 400,955
16:34:58 tap 400,955
16:35:01 tap 400,955
16:35:04 tap 400,955
16:35:08 tap 400,955
16:35:11 tap 400,955
16:35:15 SCREEN [waiting] n=3/36 status='Right switch panel' :: RIGHT switch board: press the lit button, +48. The white ring should be lit.
16:35:16 tap 400,955
16:35:19 tap 400,955
16:35:23 tap 400,955
16:35:26 tap 400,955
16:35:29 tap 400,955
16:35:33 tap 400,955
16:35:36 tap 400,955
16:35:40 tap 400,955
16:35:43 tap 400,955
16:35:47 SCREEN [waiting] n=4/36 status='Right switch panel' :: RIGHT switch board: press the lit button, FEEDBACK. The white ring should be lit.
16:35:48 tap 400,955
16:35:51 tap 400,955
16:35:54 tap 400,955
16:35:58 tap 400,955
16:36:01 tap 400,955
16:36:05 tap 400,955
16:36:08 tap 400,955
16:36:11 tap 400,955
16:36:15 SCREEN [waiting] n=5/36 status='Right switch panel' :: RIGHT switch board: press the lit button, MUTE. The white ring should be lit.
16:36:16 tap 400,955
16:36:19 tap 400,955
16:36:23 tap 400,955
16:36:26 tap 400,955
16:36:30 tap 400,955
16:36:33 tap 400,955
16:36:36 tap 400,955
16:36:40 tap 400,955
16:36:43 tap 400,955
16:36:47 SCREEN [waiting] n=6/36 status='Right switch panel' :: RIGHT switch board: press the lit button, SCENE. The white ring should be lit.
16:36:48 tap 400,955
16:36:51 tap 400,955
16:36:55 tap 400,955
16:36:58 tap 400,955
16:37:01 tap 400,955
16:37:05 tap 400,955
16:37:08 tap 400,955
16:37:12 tap 400,955
16:37:15 SCREEN [waiting] n=7/36 status='Right switch panel' :: RIGHT switch board: press the lit button, L. The white ring should be lit.
16:37:17 tap 400,955
16:37:20 tap 400,955
16:37:23 tap 400,955
16:37:26 tap 400,955
16:37:30 tap 400,955
16:37:33 tap 400,955
16:37:37 tap 400,955
16:37:40 tap 400,955
16:37:43 tap 400,955
16:37:47 SCREEN [waiting] n=8/36 status='Right switch panel' :: RIGHT switch board: press the lit button, C. The white ring should be lit.
16:37:48 tap 400,955
16:37:51 tap 400,955
16:37:55 tap 400,955
16:37:58 tap 400,955
16:38:02 tap 400,955
16:38:05 tap 400,955
16:38:08 tap 400,955
16:38:12 tap 400,955
16:38:16 SCREEN [waiting] n=9/36 status='Right switch panel' :: RIGHT switch board: press the lit button, CH ASSIGN. The white ring should be lit.
16:38:17 tap 400,955
16:38:20 tap 400,955
16:38:23 tap 400,955
16:38:27 tap 400,955
16:38:30 tap 400,955
16:38:33 tap 400,955
16:38:37 tap 400,955
16:38:40 tap 400,955
16:38:44 tap 400,955
16:38:47 SCREEN [waiting] n=10/36 status='Right switch panel' :: RIGHT switch board: press the lit button, R. The white ring should be lit.
16:38:49 tap 400,955
16:38:52 tap 400,955
16:38:55 tap 400,955
16:38:59 tap 400,955
16:39:02 tap 400,955
16:39:05 tap 400,955
16:39:09 tap 400,955
16:39:12 tap 400,955
16:39:16 SCREEN [waiting] n=11/36 status='Right switch panel' :: RIGHT switch board: press the lit button, MONITOR. The white ring should be lit.
16:39:17 tap 400,955
16:39:20 tap 400,955
16:39:24 tap 400,955
16:39:27 tap 400,955
16:39:30 tap 400,955
16:39:34 tap 400,955
16:39:37 tap 400,955
16:39:41 tap 400,955
16:39:44 tap 400,955
16:39:48 SCREEN [waiting] n=12/36 status='Right switch panel' :: RIGHT switch board: press the lit button, REC/PLY. The RED ring should be lit.
16:39:49 tap 400,955
16:39:52 tap 400,955
16:39:55 tap 400,955
16:39:59 tap 400,955
16:40:02 tap 400,955
16:40:06 tap 400,955
16:40:09 tap 400,955
16:40:12 tap 400,955
16:40:16 SCREEN [waiting] n=13/36 status='Right switch panel' :: RIGHT switch board: press the lit button, STUDIO CTL. The white ring should be lit.
16:40:17 tap 400,955
16:40:20 tap 400,955
16:40:24 tap 400,955
16:40:27 tap 400,955
16:40:31 tap 400,955
16:40:34 tap 400,955
16:40:37 tap 400,955
16:40:41 tap 400,955
16:40:44 tap 400,955
16:40:45 SCREEN [waiting] n=13/36 status='Right switch panel' :: RIGHT switch board: Turn the encoder one click clockwise, then one back.
16:40:46 tap 400,955
16:40:49 tap 400,955
16:40:52 tap 400,955
16:40:56 tap 400,955
16:40:59 tap 400,955
16:41:02 tap 400,955
16:41:06 tap 400,955
16:41:09 tap 400,955
16:41:13 tap 400,955
16:41:16 SCREEN [waiting] n=3/3 status='Station 3 of 3' :: Next: analog paths. Supplies LIVE. 33 checks. Press ENTER.
16:41:18 tap 400,955
16:41:21 SCREEN [starting] n=3/3 status='Getting the unit ready...' :: Next: analog paths. Supplies LIVE. 33 checks. Press ENTER.
16:41:31 SCREEN [waiting] n=1/59 status='Waiting for the lead...' :: Plug AUX 1 into MIC 7, then press ENTER.
16:41:32 tap 400,955
16:41:35 SCREEN [waiting] n=1/59 status='Looking for a working socket...' :: Move the lead to MIC 9, then press ENTER.
16:41:36 tap 400,955
16:41:40 SCREEN [waiting] n=1/59 status='Looking for a working socket...' :: Move the lead to MIC 10, then press ENTER.
16:41:41 tap 400,955
16:41:44 SCREEN [waiting] n=1/59 status='Looking for a working socket...' :: Move the other end to AUX 4, and this end to MIC 11, then press ENTER.
16:41:46 tap 400,955
16:41:49 SCREEN [waiting] n=1/59 status='Looking for a working socket...' :: Move the lead to MIC 12, then press ENTER.
16:41:50 tap 400,955
16:41:54 SCREEN [waiting] n=1/59 status='Looking for a working socket...' :: Move the lead to MIC 17, then press ENTER.
16:41:55 tap 400,955
16:41:58 SCREEN [waiting] n=1/59 status='Looking for a working socket...' :: Move the other end to AUX 5, and this end to MIC 18, then press ENTER.
16:41:59 tap 400,955
16:42:03 SCREEN [waiting] n=1/59 status='Looking for a working socket...' :: Move the lead to MIC 19, then press ENTER.
16:42:04 tap 400,955
16:42:07 SCREEN [waiting] n=1/59 status='Looking for a working socket...' :: Move the lead to MIC 20, then press ENTER.
16:42:09 tap 400,955
16:42:12 SCREEN [waiting] n=1/59 status='Looking for a working socket...' :: Move the other end to AUX 6, and this end to MIC 21, then press ENTER.
16:42:13 tap 400,955
16:42:17 SCREEN [waiting] n=1/59 status='Looking for a working socket...' :: Move the lead to MIC 22, then press ENTER.
16:42:18 tap 400,955
16:42:21 SCREEN [waiting] n=1/59 status='Looking for a working socket...' :: Move the lead to MIC 23, then press ENTER.
16:42:22 tap 400,955
16:42:26 SCREEN [waiting] n=1/59 status='Looking for a working socket...' :: Move the other end to AUX 7, and this end to MIC 24, then press ENTER.
16:42:27 tap 400,955
16:42:30 SCREEN [waiting] n=1/59 status='Looking for a working socket...' :: Move the lead to MIC 8, then press ENTER.
16:42:32 tap 400,955
16:42:35 SCREEN [finished] n=1/59 status='No signal on any socket - call the supervisor.' :: 
16:44:57 SCREEN [waiting] n=4/39 status='Waiting for the lead...' :: Plug AUX 6 into MIC 7, then press ENTER.
16:44:58 tap 400,955
16:44:58 SCREEN [waiting] n=18/39 status='Waiting for the lead...' :: Take the lead out of MIC 11 and put the 150 ohm plug in, then press ENTER.
16:45:00 tap 400,955
16:45:00 SCREEN [waiting] n=32/39 status='Waiting for the lead...' :: Take the lead out of MIC 22 and put the 150 ohm plug in, then press ENTER.
16:45:01 tap 400,955
16:45:01 SCREEN [paused] n=32/39 status='Paused - the unit is safe. Press START to run the test again.' :: 
