S160 MIC 1-5 OPEN-input noise audit, MW-D24-2, 2026-10-01T12:34:58Z (symbols /home/app/loopthd/s154)
input-referred dBu = P + 3.01 + 23.13 (units.csv dac_fs_dbu) - G; G = pass-4 code-0 ref + mic-gain-codes step
OPEN INPUTS: these are NOT EIN figures (EIN needs the 150 ohm source); nothing here is graded against -126.0 dBu.

setting        G dB     node   DC-24k   20-20k        A | in 20-20k      in A in DC-24k
---------------------------------------------------------------------------------------
MIC1_c63      58.39   -75.09   -79.89   -80.56   -83.77 |    -112.8    -116.0    -112.1
MIC2_c00       5.55  -113.04  -113.19  -114.47  -117.63 |     -93.9     -97.0     -92.6
MIC2_c32      53.68   -78.26   -78.55   -78.75   -85.62 |    -106.3    -113.2    -106.1
MIC2_c48      56.94   -75.48   -75.89   -76.09   -82.49 |    -106.9    -113.3    -106.7
MIC2_c63      58.66   -73.44   -73.65   -73.87   -80.80 |    -106.4    -113.3    -106.2
MIC3_c63      58.66   -74.26   -74.50   -74.68   -81.08 |    -107.2    -113.6    -107.0
MIC4_c63      58.66   -72.64   -74.12   -74.29   -80.47 |    -106.8    -113.0    -106.6
MIC5_c63      58.65   -77.25   -80.47   -81.14   -84.19 |    -113.7    -116.7    -113.0

PER OCTAVE, input-referred dB OVER the reference (code 63, open):
  vs MIC1_c63
               10-20   20-50  50-100 100-200 200-500   500-1     1-2     2-5    5-10   10-20   20-24
  MIC 2         +3.1    -4.2    -1.4    -0.1    -0.1    -0.5    -0.1    -0.3    -1.0    +8.0    +1.6
  MIC 3         +1.9    +1.1    -0.4    +0.4    +0.1    -0.4    -0.1    -0.6    -1.0    +7.1    -0.1
  MIC 4         +2.5    -1.7    +0.3    +1.0    +1.0    +0.4    +0.4    -0.1    -0.3    +7.5    +0.3
  MIC 5         +2.2    -1.4    -1.2    +0.8    +0.2    -0.2    +0.1    -0.5    -0.9    -1.0    -1.1
  vs MIC5_c63
               10-20   20-50  50-100 100-200 200-500   500-1     1-2     2-5    5-10   10-20   20-24
  MIC 1         -2.2    +1.4    +1.2    -0.8    -0.2    +0.2    -0.1    +0.5    +0.9    +1.0    +1.1
  MIC 2         +0.9    -2.8    -0.2    -1.0    -0.3    -0.3    -0.2    +0.2    -0.0    +9.0    +2.7
  MIC 3         -0.3    +2.5    +0.8    -0.5    -0.1    -0.2    -0.2    -0.1    -0.1    +8.1    +1.0
  MIC 4         +0.4    -0.3    +1.5    +0.2    +0.7    +0.6    +0.3    +0.4    +0.6    +8.5    +1.4

NAMED LINES (dB over the local floor; None = off the grid):
  MIC1_c63     50 Hz 15.0 -0.1 1.6 -3.4 1.1 | 60 Hz 0.9 1.6 -0.5 2.2 -3.5
  MIC2_c00     50 Hz 4.2 -0.7 -2.7 0.7 -0.4 | 60 Hz 0.4 -0.2 -0.8 -0.3 -0.6
  MIC2_c32     50 Hz 4.0 -0.2 -4.2 -1.9 1.2 | 60 Hz 1.9 1.0 3.7 -0.6 2.6
  MIC2_c48     50 Hz 1.7 1.1 1.3 0.6 1.3 | 60 Hz 0.5 -1.8 1.4 0.3 -0.2
  MIC2_c63     50 Hz 0.6 -1.4 1.6 -1.8 3.1 | 60 Hz 2.1 2.2 -1.4 2.8 1.5
  MIC3_c63     50 Hz 16.2 -1.0 -2.9 -2.2 2.2 | 60 Hz 2.7 0.1 -1.8 -2.8 -0.2
  MIC4_c63     50 Hz 11.2 -0.1 0.4 -3.4 2.2 | 60 Hz 1.5 -3.4 0.4 0.4 1.4
  MIC5_c63     50 Hz 12.7 -5.2 1.4 0.4 1.7 | 60 Hz -0.2 -2.3 1.2 -1.5 -0.2

STRONGEST LINES (Hz, dB over a +-40-bin running median, bin dBFS):
  MIC1_c63     49.8 Hz +15.7, 16664.1 Hz +12.5, 17947.3 Hz +9.2
  MIC2_c00     
  MIC2_c32     
  MIC2_c48     17.6 Hz +8
  MIC2_c63     
  MIC3_c63     49.8 Hz +16.7
  MIC4_c63     49.8 Hz +12.3
  MIC5_c63     49.8 Hz +11.4

plots: MW/D24/DSP/s160
