1 kHz bands, LANE dBFS (mean-square)
               8      9     10     11     12     13     14     15     16     17     18     19     20     21     22     23  kHz
MIC1_c63   -94.6  -94.5  -94.3  -94.4  -94.5  -94.7  -94.6  -94.4  -94.3  -94.4  -93.8  -86.2  -92.4  -95.0  -95.1  -96.2
MIC2_c00  -129.5 -129.4 -129.6 -129.8 -129.9 -129.7 -129.7 -129.7 -129.5 -129.5 -128.5 -121.0 -128.7 -129.1 -129.6 -130.0
MIC2_c32  -100.5  -99.9 -100.1  -99.8 -100.2 -100.3  -99.8  -99.7  -98.6  -95.2  -80.2  -87.5  -96.3  -98.2  -99.9 -100.9
MIC2_c48   -97.3  -97.2  -96.7  -96.0  -96.7  -97.0  -96.8  -95.9  -93.4  -79.6  -80.2  -92.5  -95.0  -96.0  -96.5  -96.8
MIC2_c63   -95.4  -95.2  -94.8  -94.6  -95.2  -95.3  -95.1  -94.7  -93.7  -91.0  -78.6  -76.7  -89.8  -92.8  -94.3  -95.5
MIC3_c63   -95.4  -95.5  -94.8  -94.7  -94.6  -95.3  -95.1  -94.7  -92.2  -84.6  -76.2  -89.0  -92.8  -94.2  -95.0  -95.5
MIC4_c63   -94.8  -95.0  -94.8  -95.0  -93.9  -95.2  -94.8  -94.0  -90.1  -76.0  -83.0  -91.0  -93.4  -93.9  -93.8  -94.6
MIC5_c63   -95.6  -95.4  -95.2  -95.0  -95.1  -95.3  -95.1  -95.2  -94.9  -94.7  -93.4  -87.3  -94.6  -95.2  -95.3  -96.2

hump peak (smoothed 300 Hz, 6-24 kHz), lane dB/bin over MIC 5 c63:
  MIC1_c63  peak excess  +8.4 dB at 19723 Hz
  MIC2_c63  peak excess +17.8 dB at 18923 Hz
  MIC3_c63  peak excess +21.1 dB at 18226 Hz
  MIC4_c63  peak excess +21.6 dB at 17766 Hz
  MIC2_c48  peak excess +20.7 dB at 17982 Hz
  MIC2_c32  peak excess +16.0 dB at 18794 Hz
  MIC2_c00  peak excess -29.6 dB at 19547 Hz

MIC 2 by code, 10-20 kHz and 1-5 kHz, lane dBFS / input-referred dBu:
  MIC2_c00  code  0  10-20k  -117.5 /   -96.9   1-5k  -122.5 /  -101.9   HF-MF  +5.1 dB
  MIC2_c32  code 32  10-20k   -79.1 /  -106.6   1-5k   -94.4 /  -122.0   HF-MF +15.4 dB
  MIC2_c48  code 48  10-20k   -76.4 /  -107.2   1-5k   -91.3 /  -122.1   HF-MF +14.9 dB
  MIC2_c63  code 63  10-20k   -74.2 /  -106.7   1-5k   -89.5 /  -122.0   HF-MF +15.3 dB
  MIC1_c63  code 63  10-20k   -82.5 /  -114.7   1-5k   -89.4 /  -121.7   HF-MF  +7.0 dB
  MIC5_c63  code 63  10-20k   -83.2 /  -115.7   1-5k   -89.5 /  -122.0   HF-MF  +6.4 dB
