+ cd /home/app/s65s26
+ bash boot.sh /home/app/s65s26
+ tail -6
          raw2 0xC3019E6F
          on2:  DSP4_STRIP_FUSED, DSP4_SIMD_DYN, DSP4_SIMD_GRAPH, DSP4_SIMD_STRIPS, DSP4_GATHER_FIRST, DSP4_DYN_LUT, DSP4_GATE_LINTHR, DSP4_C2_BQ_GRAPH, DSP4_TEST_NODES
            DSP4_TEST_NODES = 1, shipping is 0
chip 2: raw 0xCF45FF10
          == the shipping configuration
          raw2 0xC3019E6F
+ P
+ sudo pinctrl set 6,24 op dh
+ SYMDIR=/home/app/s65s26
+ python3 s56_setup.py
+ tail -3
5 {'Mute001': 0, 'CompOn001': 0, 'GateOn001': 0, 'EqOn001': 0, 'TubeOn001': 0, 'MainOn001': 0, 'AuxOn001': 0, 'Pol001': 0}
muted 1-24: [1, 2, 3, 4, 7, 8, 9, 10, 11, 12, 13, 14, 15, 16, 17, 18, 19, 20, 21, 22, 23, 24]
MeasChan 5 OscOn 1 OscChan 6 freq 1000.000 level 0.100000
+ P
+ sudo pinctrl set 6,24 op dh
+ SYMDIR=/home/app/s65s26
+ python3 s65_hookcheck.py
{"strip": 5, "mode": "PFL", "L_1k": -23.018, "R_1k": -23.011, "L_oct": [48.7, 48.6], "active": 1}
{"strip": 5, "mode": "AFL panL", "L_1k": -23.011, "R_1k": -163.897, "L_oct": [48.7, 48.6], "active": 1}
{"strip": 6, "mode": "PFL", "L_1k": -23.001, "R_1k": -23.001, "L_oct": [48.7, 48.6], "active": 1}
{"strip": 6, "mode": "AFL panL", "L_1k": -23.011, "R_1k": -165.173, "L_oct": [48.7, 48.6], "active": 1}
+ P
+ sudo pinctrl set 6,24 op dh
+ SYMDIR=/home/app/s65s26
+ python3 s65_drive.py d24
  LimiterThr   absent for this product
  MainOn        24/24  written 0x00000001
  MatrixOn     absent for this product
  MatrixSend   absent for this product
  Mute          24/24  written 0x00000000
chip 1 load: 648 written, 0 FAILED, 4 families absent, 5 s
OscChan 99 OscOn 1 level -6.00 dBFS
witness {'_mtr_gr_C1_MTR_01': '0x00000000', '_mtr_cgr_C1_MTR_01': '0xC21E6E75', '_mtr_peak_C1_MTR_01': '0x3F004DCD', '_mtr_gr_C1_MTR_02': '0x00000000', '_mtr_cgr_C1_MTR_02': '0xC21E6E75', '_mtr_peak_C1_MTR_02': '0x3F003D60', '_mtr_gr_C1_MTR_03': '0x00000000', '_mtr_cgr_C1_MTR_03': '0xC21E832B', '_mtr_peak_C1_MTR_03': '0x3F004596'}
+ P
+ sudo pinctrl set 6,24 op dh
+ SYMDIR=/home/app/s65s26
+ NSTRIPS=24
+ python3 s65_cost.py d24_s26_s65_driven 6
{
 "ev": "cost",
 "tag": "d24_s26_s65_driven",
 "budget": 327680,
 "arms": {
  "none_off": {
   "n": 4404,
   "min": 189885,
   "p10": 190294,
   "median": 190632.0,
   "p90": 191935,
   "max": 192393,
   "pct": 58.18,
   "pct_max": 58.71,
   "overruns": 0,
   "seconds": 3.0,
   "active": [
    0
   ]
  },
  "none_on": {
   "n": 3976,
   "min": 224989,
   "p10": 225011,
   "median": 225383.0,
   "p90": 226344,
   "max": 226816,
   "pct": 68.78,
   "pct_max": 69.22,
   "overruns": 0,
   "seconds": 3.0,
   "active": [
    0
   ]
  },
  "pfl1": {
   "n": 3736,
   "min": 224504,
   "p10": 225238,
   "median": 225607.0,
   "p90": 226559,
   "max": 227011,
   "pct": 68.85,
   "pct_max": 69.28,
   "overruns": 0,
   "seconds": 3.0,
   "active": [
    1
   ]
  },
  "afl_all": {
   "n": 3932,
   "min": 230874,
   "p10": 230882,
   "median": 231256.0,
   "p90": 232221,
   "max": 232676,
   "pct": 70.57,
   "pct_max": 71.01,
   "overruns": 0,
   "seconds": 3.0,
   "active": [
    24
   ]
  }
 },
 "t": 1789582856.884
}
+ cd /home/app/s65s26base
+ bash boot.sh /home/app/s65s26base
+ tail -4
            DSP4_TEST_NODES = 1, shipping is 0
chip 2: raw 0xCF45FF10
          == the shipping configuration
          raw2 0xC3019E6F
+ P
+ sudo pinctrl set 6,24 op dh
+ SYMDIR=/home/app/s65s26base
+ python3 s65_drive.py d24
  LimiterThr   absent for this product
  MainOn        24/24  written 0x00000001
  MatrixOn     absent for this product
  MatrixSend   absent for this product
  Mute          24/24  written 0x00000000
chip 1 load: 648 written, 0 FAILED, 4 families absent, 5 s
OscChan 99 OscOn 1 level -6.00 dBFS
witness {'_mtr_gr_C1_MTR_01': '0x00000000', '_mtr_cgr_C1_MTR_01': '0xC21E6E75', '_mtr_peak_C1_MTR_01': '0x3F004DCD', '_mtr_gr_C1_MTR_02': '0x00000000', '_mtr_cgr_C1_MTR_02': '0xC21E6E75', '_mtr_peak_C1_MTR_02': '0x3F003D60', '_mtr_gr_C1_MTR_03': '0x00000000', '_mtr_cgr_C1_MTR_03': '0xC21E832B', '_mtr_peak_C1_MTR_03': '0x3F003D60'}
+ P
+ sudo pinctrl set 6,24 op dh
+ BASE=1
+ SYMDIR=/home/app/s65s26base
+ python3 s65_cost.py d24_s26_base_driven 6
{
 "ev": "cost",
 "tag": "d24_s26_base_driven",
 "budget": 327680,
 "arms": {
  "base": {
   "n": 4337,
   "min": 187874,
   "p10": 187900,
   "median": 188610,
   "p90": 189218,
   "max": 190004,
   "pct": 57.56,
   "pct_max": 57.98,
   "overruns": 0,
   "seconds": 3.0,
   "active": []
  }
 },
 "t": 1789582875.183
}
+ cd /home/app/s65s26
+ bash boot_d32.sh /home/app/s65s26
+ tail -4
            DSP4_TEST_NODES = 1, shipping is 0
chip 2: raw 0xCF45FF10
          == the shipping configuration
          raw2 0xC3019E6F
+ P
+ sudo pinctrl set 6,24 op dh
+ SYMDIR=/home/app/s65s26
+ python3 s65_drive.py d32
  LimiterThr   absent for this product
  MainOn        24/24  written 0x00000001
  MatrixOn     absent for this product
  MatrixSend   absent for this product
  Mute          24/24  written 0x00000000
chip 1 load: 648 written, 0 FAILED, 4 families absent, 5 s
OscChan 99 OscOn 1 level -6.00 dBFS
witness {'_mtr_gr_C1_MTR_01': '0x00000000', '_mtr_cgr_C1_MTR_01': '0xC21E6E75', '_mtr_peak_C1_MTR_01': '0x3F003D60', '_mtr_gr_C1_MTR_02': '0x00000000', '_mtr_cgr_C1_MTR_02': '0xC21E832B', '_mtr_peak_C1_MTR_02': '0x3F004596', '_mtr_gr_C1_MTR_03': '0x00000000', '_mtr_cgr_C1_MTR_03': '0xC21E832B', '_mtr_peak_C1_MTR_03': '0x3F004DCD'}
+ P
+ sudo pinctrl set 6,24 op dh
+ SYMDIR=/home/app/s65s26
+ NSTRIPS=32
+ python3 s65_cost.py d32_s26_s65_driven 6
{
 "ev": "cost",
 "tag": "d32_s26_s65_driven",
 "budget": 327680,
 "arms": {
  "none_off": {
   "n": 3908,
   "min": 229804,
   "p10": 229821,
   "median": 230205.0,
   "p90": 231586,
   "max": 232065,
   "pct": 70.25,
   "pct_max": 70.82,
   "overruns": 0,
   "seconds": 3.0,
   "active": [
    0
   ]
  },
  "none_on": {
   "n": 3885,
   "min": 264202,
   "p10": 264215,
   "median": 264575,
   "p90": 265981,
   "max": 266483,
   "pct": 80.74,
   "pct_max": 81.32,
   "overruns": 0,
   "seconds": 3.0,
   "active": [
    0
   ]
  },
  "pfl1": {
   "n": 3636,
   "min": 264429,
   "p10": 264444,
   "median": 264804.0,
   "p90": 266206,
   "max": 266680,
   "pct": 80.81,
   "pct_max": 81.38,
   "overruns": 0,
   "seconds": 3.0,
   "active": [
    1
   ]
  },
  "afl_all": {
   "n": 3815,
   "min": 272012,
   "p10": 272029,
   "median": 272395,
   "p90": 273794,
   "max": 274365,
   "pct": 83.13,
   "pct_max": 83.73,
   "overruns": 0,
   "seconds": 3.0,
   "active": [
    32
   ]
  }
 },
 "t": 1789582923.799
}
+ cd /home/app/s65s26base
+ bash boot_d32.sh /home/app/s65s26base
+ tail -4
            DSP4_TEST_NODES = 1, shipping is 0
chip 2: raw 0xCF45FF10
          == the shipping configuration
          raw2 0xC3019E6F
+ P
+ sudo pinctrl set 6,24 op dh
+ SYMDIR=/home/app/s65s26base
+ python3 s65_drive.py d32
  LimiterThr   absent for this product
  MainOn        24/24  written 0x00000001
  MatrixOn     absent for this product
  MatrixSend   absent for this product
  Mute          24/24  written 0x00000000
chip 1 load: 648 written, 0 FAILED, 4 families absent, 6 s
OscChan 99 OscOn 1 level -6.00 dBFS
witness {'_mtr_gr_C1_MTR_01': '0x00000000', '_mtr_cgr_C1_MTR_01': '0xC21E832B', '_mtr_peak_C1_MTR_01': '0x3F003D60', '_mtr_gr_C1_MTR_02': '0x00000000', '_mtr_cgr_C1_MTR_02': '0xC21E832B', '_mtr_peak_C1_MTR_02': '0x3F004596', '_mtr_gr_C1_MTR_03': '0x00000000', '_mtr_cgr_C1_MTR_03': '0xC21E832B', '_mtr_peak_C1_MTR_03': '0x3F004DCD'}
+ P
+ sudo pinctrl set 6,24 op dh
+ BASE=1
+ SYMDIR=/home/app/s65s26base
+ python3 s65_cost.py d32_s26_base_driven 6
{
 "ev": "cost",
 "tag": "d32_s26_base_driven",
 "budget": 327680,
 "arms": {
  "base": {
   "n": 3003,
   "min": 228339,
   "p10": 228341,
   "median": 228366,
   "p90": 230110,
   "max": 230137,
   "pct": 69.69,
   "pct_max": 70.23,
   "overruns": 0,
   "seconds": 3.0,
   "active": []
  }
 },
 "t": 1789582942.092
}
+ echo LADDER_DONE
LADDER_DONE
