Default layout source: compiled fallback (docs/d24-analog-xlr-map.md)
InputMap.TryParse(defs inputs.csv): True 
defs layout source:    defs/products/d24/inputs.csv
AnalogChannelState ctor: (Boolean phShunt, Boolean phantom, Int32 gainStep)

MIC  chain_index  defs send_pos  app tx (fallback)  app tx (defs)  measured  verdict
  1            1             23                 23             23     depop  OK
  2            3             21                 21             21     depop  OK
  3            5             19                 19             19     depop  OK
  4            7             17                 17             17     depop  OK
  5            9             15                 15             15        15  OK
  6           11             13                 13             13        13  OK
  7           13             11                 11             11        11  OK
  8           15              9                  9              9         9  OK
  9           17              7                  7              7         7  OK
 10           19              5                  5              5         5  OK
 11           21              3                  3              3         3  OK
 12           23              1                  1              1         1  OK
 13            2             22                 22             22     depop  OK
 14            4             20                 20             20     depop  OK
 15            6             18                 18             18     depop  OK
 16            8             16                 16             16     depop  OK
 17           10             14                 14             14        14  OK
 18           12             12                 12             12        12  OK
 19           14             10                 10             10        10  OK
 20           16              8                  8              8         8  OK
 21           18              6                  6              6         6  OK
 22           20              4                  4              4         4  OK
 23           22              2                  2              2         2  OK
 24           24              0                  0              0         0  OK

16 populated inputs checked against the part, 0 disagree
