-- 1a case_false_pass_mic1
ok   1a REPRODUCED on S157 (f87002c8): a lead wiggle then a pull, no plug -- graded on the open input
ok   1a GONE: the same trace in the per-input order is never graded (that step is ENTER only now)
ok   1a GONE: the open input alone, in the pass shape, is never graded
-- 1b case_small_step_never_arrived
ok   1b REPRODUCED on S157: MIC 2, plug in at 6.3 s, a 1.8 dB step -- never arrives
ok   1b GONE: MIC 2 grades on the plug (insertion at 6.3 s)
ok   1b REPRODUCED on S157: MIC 3 (open -76.3 -> -78.1) never arrives
ok   1b GONE: MIC 3 grades on the plug (2.1 s, step 2.8 dB)
-- 1c case_carried_over_press
ok   1c the first tap answers the screen it was pressed on
   .. a 'nosignal' press for an earlier screen was dropped (screen ?, pressed 0.1 s before this one went up)
ok   1c GONE: the second tap, left in the file, is dropped by the next prompt
ok   ... a press made on the new screen is taken
ok   1c REPRODUCED on S157's d24_live: the next prompt spends it
-- 2 case_the_24_insertions
ok   MIC 1  open -77.4 -> -87.0 (9.6 dB), plug at 4.2 s: graded on the plug, 1.43 s after it
ok   MIC 2  open -75.0 -> -78.1 (3.2 dB), plug at 6.1 s: graded on the plug, 1.04 s after it
ok   MIC 3  open -76.4 -> -79.2 (2.8 dB), plug at 2.1 s: graded on the plug, 0.94 s after it
ok   MIC 4  open -75.8 -> -78.8 (3.0 dB), plug at 3.4 s: graded on the plug, 1.08 s after it
ok   MIC 5  open -79.2 -> -87.3 (8.2 dB), plug at 2.4 s: graded on the plug, 0.94 s after it
ok   MIC 6  open -79.6 -> -85.0 (5.4 dB), plug at 2.5 s: graded on the plug, 0.94 s after it
ok   MIC 7  open -79.6 -> -83.0 (3.5 dB), plug at 16.7 s: graded on the plug, 0.75 s after it
ok   MIC 8  open -79.3 -> -85.1 (5.8 dB), plug at 2.3 s: graded on the plug, 0.75 s after it
ok   MIC 9  open -81.0 -> -87.2 (6.1 dB), plug at 2.0 s: graded on the plug, 0.94 s after it
ok   MIC 10 open -80.8 -> -90.4 (9.6 dB), plug at 1.4 s: graded on the plug, 1.55 s after it
ok   MIC 11 open -79.7 -> -86.1 (6.4 dB), plug at 1.3 s: graded on the plug, 0.94 s after it
ok   MIC 12 open -76.3 -> -90.1 (13.7 dB), plug at 1.4 s: graded on the plug, 0.91 s after it
ok   MIC 13 open -79.0 -> -94.0 (15.0 dB), plug at 1.9 s: graded on the plug, 1.05 s after it
ok   MIC 14 open -81.2 -> -93.1 (11.9 dB), plug at 1.5 s: graded on the plug, 0.84 s after it
ok   MIC 15 open -76.9 -> -92.7 (15.8 dB), plug at 1.0 s: graded on the plug, 0.52 s after it
ok   MIC 16 open -81.9 -> -93.7 (11.7 dB), plug at 0.9 s: graded on the plug, 0.98 s after it
ok   MIC 17 open -81.6 -> -87.3 (5.7 dB), plug at 1.1 s: graded on the plug, 1.27 s after it
ok   MIC 18 open -81.7 -> -91.9 (10.2 dB), plug at 1.5 s: graded on the plug, 1.08 s after it
ok   MIC 19 open -81.4 -> -89.0 (7.7 dB), plug at 1.2 s: graded on the plug, 0.97 s after it
ok   MIC 20 open -78.3 -> -83.0 (4.7 dB), plug at 1.0 s: graded on the plug, 0.98 s after it
ok   MIC 21 open -81.5 -> -87.5 (6.0 dB), plug at 0.7 s: graded on the plug, 0.95 s after it
ok   MIC 22 open -81.5 -> -89.2 (7.7 dB), plug at 2.0 s: graded on the plug, 0.88 s after it
ok   MIC 23 open -81.1 -> -91.0 (9.9 dB), plug at 1.2 s: graded on the plug, 1.27 s after it
ok   MIC 24 open -73.9 -> -90.9 (17.0 dB), plug at 1.4 s: graded on the plug, 1.08 s after it
ok   24/24 graded on the plug; median 0.96 s after it, worst 1.55 s
-- 3 case_mic1_open_20s
ok   MIC 1 OPEN, nothing fitted, a minute of its own spikes: never graded
-- 4 case_physical_model
ok   S153 model, pass shape: 48 of 48 steps graded on the plug, median 0.67 s after it, worst 1.06 s
-- 5 case_lead_in_shape_is_enter_only
ok   per-input order (tone lead in at the prompt): never auto-graded, even through a real pull and plug
ok   ... ENTER after the swap measures it
ok   ... ENTER with the lead still in is asked once more, not measured
ok   ... and the second ENTER measures it (the operator has looked)
-- 6 case_presses
ok   live.json carries the screen number the app echoes
ok   an app that echoes `screen` is taken on that screen
ok   ... a status change is not a new screen
   .. a 'enter' press for an earlier screen was dropped (screen 1, pressed -0.0 s before this one went up)
ok   ... and is dropped once the next instruction is up
ok   PAUSE is never dropped, however old
ok   an app with no `screen` is held to its stamp: a fresh press counts
-- 7 case_unit_lock
ok   a bench run into a scratch dir is refused while the glass lock is held (2026-10-01 11:15)
ok   ... and it left the scratch dir unlocked
-- 8 case_order_and_screens
ok   the 150 ohm pass is a block of its own
ok   ... of 24 patches, one per input
ok   ... straight after the input walk
ok   ... and the input walk carries no terminator step any more

  lead  patches  checks   machine s   per patch   hand s @ 5.0 s
  --------------------------------------------------------------
  K1         36     180        84.3        2.34           180
  K5         24      24        11.3        0.47           120
  K4         24      24         9.2        0.38           120
  K2          6      14         8.5        1.42            30
  K3          2       4         2.1        1.04            10
  --------------------------------------------------------------
  all        92     246       115.4        1.25           460

  projected pass: 460 s hands (460 s moving the lead + 0 s pressing ENTER) + 115 s machine = 9.6 min

  block                     steps  readings   machine s   per step   hand s @ 5.0 s
  ------------------------------------------------------------------------------
  the outputs                  11        11         4.1      0.374              55
  the inputs                   25       169        80.2      3.209             125
  the 150 ohm pass             24        24        11.3      0.471             120
  the TRS outputs               6        14         8.5      1.418              30
  the line inputs              24        24         9.2      0.384             120
  the mini-jack inputs          2         4         2.1      1.040              10
  ------------------------------------------------------------------------------
  the whole pass               92       246       115.4      1.255             460

  where the machine seconds go
    gain steps                    76.3 s
    settled readings              22.5 s
    looking for a misplaced lead    19.6 s
    getting the unit ready        18.6 s
    putting the route up          13.6 s
    ...of which the 595 chain      222 writes, 1.8 s (8.1 ms each)

  the operator waits for the machine only when the machine is slower than their hands:
    worst block: the inputs at 3.209 s a step against 5.0 s of hand
ok   every 150 ohm waiting screen of a whole simulated pass carries ENTER
ok   ... and no other waiting screen does
ok   ... the line under it says where the plug comes from

all checks passed -- no unit, no bus, no write, no rails
