code 30 [15] ch8   Q7..Q0 01111000 0x78 osc  -63.23  lane RMS   -14.64  coh pk  -11.63  gain(rms)  +51.597  gain(coh)  +51.597  THD+N  -46.20 dB = 0.4899 %  mtr pk -11.58
code 31 [15] ch8   Q7..Q0 01111100 0x7C osc  -63.23  lane RMS   -14.50  coh pk  -11.49  gain(rms)  +51.741  gain(coh)  +51.741  THD+N  -46.14 dB = 0.4933 %  mtr pk -11.44
code 32 [15] ch8   Q7..Q0 10000000 0x80 osc  -63.23  lane RMS   -12.50  coh pk   -9.49  gain(rms)  +53.744  gain(coh)  +53.744  THD+N  -46.10 dB = 0.4955 %  mtr pk -9.40
code 33 [15] ch8   Q7..Q0 10000100 0x84 osc  -63.23  lane RMS   -12.38  coh pk   -9.37  gain(rms)  +53.859  gain(coh)  +53.859  THD+N  -46.17 dB = 0.4912 %  mtr pk -9.31
code 34 [15] ch8   Q7..Q0 10001000 0x88 osc  -63.23  lane RMS   -12.22  coh pk   -9.21  gain(rms)  +54.020  gain(coh)  +54.020  THD+N  -46.12 dB = 0.4945 %  mtr pk -9.13
code 35 [15] ch8   Q7..Q0 10001100 0x8C osc  -63.23  lane RMS   -12.11  coh pk   -9.10  gain(rms)  +54.129  gain(coh)  +54.129  THD+N  -46.17 dB = 0.4914 %  mtr pk -8.98
code 36 [15] ch8   Q7..Q0 10010000 0x90 osc  -63.23  lane RMS   -11.82  coh pk   -8.81  gain(rms)  +54.421  gain(coh)  +54.420  THD+N  -46.23 dB = 0.4883 %  mtr pk -8.74
code 37 [15] ch8   Q7..Q0 10010100 0x94 osc  -63.23  lane RMS   -11.72  coh pk   -8.71  gain(rms)  +54.525  gain(coh)  +54.525  THD+N  -46.21 dB = 0.4895 %  mtr pk -8.64
code 38 [15] ch8   Q7..Q0 10011000 0x98 osc  -63.23  lane RMS   -11.57  coh pk   -8.56  gain(rms)  +54.675  gain(coh)  +54.674  THD+N  -46.17 dB = 0.4912 %  mtr pk -8.50
code 39 [15] ch8   Q7..Q0 10011100 0x9C osc  -63.23  lane RMS   -11.46  coh pk   -8.45  gain(rms)  +54.777  gain(coh)  +54.776  THD+N  -46.18 dB = 0.4907 %  mtr pk -8.39
code 40 [15] ch8   Q7..Q0 10100000 0xA0 osc  -63.23  lane RMS   -10.94  coh pk   -7.93  gain(rms)  +55.298  gain(coh)  +55.298  THD+N  -46.16 dB = 0.4922 %  mtr pk -7.88
code 41 [15] ch8   Q7..Q0 10100100 0xA4 osc  -63.23  lane RMS   -10.85  coh pk   -7.84  gain(rms)  +55.391  gain(coh)  +55.391  THD+N  -46.17 dB = 0.4914 %  mtr pk -7.77
code 42 [15] ch8   Q7..Q0 10101000 0xA8 osc  -63.23  lane RMS   -10.71  coh pk   -7.70  gain(rms)  +55.528  gain(coh)  +55.527  THD+N  -46.22 dB = 0.4884 %  mtr pk -7.66
code 43 [15] ch8   Q7..Q0 10101100 0xAC osc  -63.23  lane RMS   -10.62  coh pk   -7.61  gain(rms)  +55.618  gain(coh)  +55.618  THD+N  -46.15 dB = 0.4926 %  mtr pk -7.56
code 44 [15] ch8   Q7..Q0 10110000 0xB0 osc  -63.23  lane RMS   -10.38  coh pk   -7.37  gain(rms)  +55.865  gain(coh)  +55.864  THD+N  -46.16 dB = 0.4920 %  mtr pk -7.31
code 45 [15] ch8   Q7..Q0 10110100 0xB4 osc  -63.23  lane RMS   -10.29  coh pk   -7.28  gain(rms)  +55.952  gain(coh)  +55.952  THD+N  -46.34 dB = 0.4819 %  mtr pk -7.22
code 46 [15] ch8   Q7..Q0 10111000 0xB8 osc  -63.23  lane RMS   -10.16  coh pk   -7.15  gain(rms)  +56.080  gain(coh)  +56.080  THD+N  -46.20 dB = 0.4897 %  mtr pk -7.08
code 47 [15] ch8   Q7..Q0 10111100 0xBC osc  -63.23  lane RMS   -10.08  coh pk   -7.07  gain(rms)  +56.164  gain(coh)  +56.164  THD+N  -46.11 dB = 0.4947 %  mtr pk -7.01
code 48 [15] ch8   Q7..Q0 11000000 0xC0 osc  -63.23  lane RMS    -9.24  coh pk   -6.23  gain(rms)  +57.001  gain(coh)  +57.001  THD+N  -46.18 dB = 0.4911 %  mtr pk -6.16
code 49 [15] ch8   Q7..Q0 11000100 0xC4 osc  -63.23  lane RMS    -9.16  coh pk   -6.15  gain(rms)  +57.076  gain(coh)  +57.076  THD+N  -46.21 dB = 0.4894 %  mtr pk -6.09
code 50 [15] ch8   Q7..Q0 11001000 0xC8 osc  -63.23  lane RMS    -9.05  coh pk   -6.04  gain(rms)  +57.189  gain(coh)  +57.189  THD+N  -46.17 dB = 0.4917 %  mtr pk -5.98
code 51 [15] ch8   Q7..Q0 11001100 0xCC osc  -70.26  lane RMS   -16.01  coh pk  -13.00  gain(rms)  +57.265  gain(coh)  +57.265  THD+N  -39.08 dB = 1.1117 %  mtr pk -11.40
code 52 [15] ch8   Q7..Q0 11010000 0xD0 osc  -70.26  lane RMS   -15.81  coh pk  -12.80  gain(rms)  +57.468  gain(coh)  +57.467  THD+N  -38.98 dB = 1.1246 %  mtr pk -12.60
code 53 [15] ch8   Q7..Q0 11010100 0xD4 osc  -70.26  lane RMS   -15.74  coh pk  -12.73  gain(rms)  +57.539  gain(coh)  +57.539  THD+N  -39.08 dB = 1.1114 %  mtr pk -12.57
code 54 [15] ch8   Q7..Q0 11011000 0xD8 osc  -70.26  lane RMS   -15.63  coh pk  -12.62  gain(rms)  +57.646  gain(coh)  +57.645  THD+N  -39.20 dB = 1.0959 %  mtr pk -12.38
code 55 [15] ch8   Q7..Q0 11011100 0xDC osc  -70.26  lane RMS   -15.56  coh pk  -12.55  gain(rms)  +57.716  gain(coh)  +57.715  THD+N  -39.14 dB = 1.1040 %  mtr pk -12.40
code 56 [15] ch8   Q7..Q0 11100000 0xE0 osc  -70.26  lane RMS   -15.19  coh pk  -12.18  gain(rms)  +58.086  gain(coh)  +58.086  THD+N  -39.10 dB = 1.1087 %  mtr pk -11.99
code 57 [15] ch8   Q7..Q0 11100100 0xE4 osc  -70.26  lane RMS   -15.12  coh pk  -12.11  gain(rms)  +58.155  gain(coh)  +58.155  THD+N  -39.20 dB = 1.0961 %  mtr pk -11.86
code 58 [15] ch8   Q7..Q0 11101000 0xE8 osc  -70.26  lane RMS   -15.02  coh pk  -12.01  gain(rms)  +58.254  gain(coh)  +58.254  THD+N  -39.26 dB = 1.0895 %  mtr pk -11.87
code 59 [15] ch8   Q7..Q0 11101100 0xEC osc  -70.26  lane RMS   -14.96  coh pk  -11.95  gain(rms)  +58.319  gain(coh)  +58.318  THD+N  -39.21 dB = 1.0957 %  mtr pk -11.81
code 60 [15] ch8   Q7..Q0 11110000 0xF0 osc  -70.26  lane RMS   -14.78  coh pk  -11.77  gain(rms)  +58.496  gain(coh)  +58.496  THD+N  -39.15 dB = 1.1025 %  mtr pk -11.66
code 61 [15] ch8   Q7..Q0 11110100 0xF4 osc  -70.26  lane RMS   -14.71  coh pk  -11.70  gain(rms)  +58.563  gain(coh)  +58.562  THD+N  -39.24 dB = 1.0911 %  mtr pk -11.52
code 62 [15] ch8   Q7..Q0 11111000 0xF8 osc  -70.26  lane RMS   -14.62  coh pk  -11.61  gain(rms)  +58.657  gain(coh)  +58.656  THD+N  -39.06 dB = 1.1145 %  mtr pk -11.48
code 63 [15] ch8   Q7..Q0 11111100 0xFC osc  -70.26  lane RMS   -14.56  coh pk  -11.55  gain(rms)  +58.717  gain(coh)  +58.717  THD+N  -39.28 dB = 1.0861 %  mtr pk -11.40
