meter peak at osc -20 (lane pk -14.42 expected): -14.43 dBFS
lane target -60.0  osc  -65.58  RMS   -63.01  coh pk   -60.00  THD+N   -42.75 dB =   0.72861 %  noise  -105.76  meter pk 0.106838 (-19.425 dBFS)
lane target -40.0  osc  -45.58  RMS   -43.01  coh pk   -40.00  THD+N   -63.08 dB =   0.07012 %  noise  -106.10  meter pk 0.049557 (-26.098 dBFS)
lane target -30.0  osc  -35.58  RMS   -33.01  coh pk   -30.00  THD+N   -73.07 dB =   0.02221 %  noise  -106.08  meter pk 0.031598 (-30.007 dBFS)
lane target -20.0  osc  -25.58  RMS   -23.01  coh pk   -20.00  THD+N   -81.60 dB =   0.00832 %  noise  -104.61  meter pk 0.099892 (-20.009 dBFS)
lane target -18.0  osc  -23.58  RMS   -21.01  coh pk   -18.00  THD+N   -84.37 dB =   0.00605 %  noise  -105.38  meter pk 0.125760 (-18.009 dBFS)
lane target -16.0  osc  -21.58  RMS   -19.01  coh pk   -16.00  THD+N   -85.85 dB =   0.00510 %  noise  -104.86  meter pk 0.158314 (-16.010 dBFS)
lane target -14.0  osc  -19.58  RMS   -17.01  coh pk   -14.00  THD+N   -88.14 dB =   0.00392 %  noise  -105.15  meter pk 0.199301 (-14.010 dBFS)
lane target -13.0  osc  -18.58  RMS   -16.21  coh pk   -13.20  THD+N   -55.72 dB =   0.16375 %  noise   -71.93  meter pk 0.218539 (-13.209 dBFS)
lane target -12.0  osc  -17.58  RMS   -15.98  coh pk   -13.11  THD+N   -15.03 dB =  17.73165 %  noise   -31.00  meter pk 0.331018 (-9.603 dBFS)
lane target -11.0  osc  -16.58  RMS   -15.72  coh pk   -12.86  THD+N   -14.69 dB =  18.42942 %  noise   -30.41  meter pk 0.337378 (-9.438 dBFS)
lane target -10.0  osc  -15.58  RMS   -15.45  coh pk   -12.59  THD+N   -14.91 dB =  17.96281 %  noise   -30.37  meter pk 0.350600 (-9.104 dBFS)
lane target  -8.0  osc  -13.58  RMS   -14.96  coh pk   -12.08  THD+N   -15.62 dB =  16.55302 %  noise   -30.59  meter pk 0.371243 (-8.607 dBFS)
lane target  -6.0  osc  -11.58  RMS   -14.46  coh pk   -11.57  THD+N   -15.85 dB =  16.13326 %  noise   -30.31  meter pk 0.392786 (-8.117 dBFS)
lane target  -3.0  osc   -8.58  RMS   -13.71  coh pk   -10.84  THD+N   -15.08 dB =  17.62499 %  noise   -28.79  meter pk 0.427997 (-7.371 dBFS)
lane target  -1.0  osc   -6.58  RMS   -13.21  coh pk   -10.35  THD+N   -14.74 dB =  18.33209 %  noise   -27.95  meter pk 0.454320 (-6.853 dBFS)
lane target  -0.5  osc   -6.08  RMS   -13.09  coh pk   -10.19  THD+N   -15.78 dB =  16.25045 %  noise   -28.87  meter pk 0.460597 (-6.734 dBFS)
lane target  +0.0  osc   -5.58  RMS   -12.95  coh pk   -10.06  THD+N   -15.74 dB =  16.33304 %  noise   -28.69  meter pk 0.465648 (-6.639 dBFS)
lane target  +0.5  osc   -5.08  RMS   -12.84  coh pk    -9.96  THD+N   -15.08 dB =  17.62761 %  noise   -27.91  meter pk 0.470918 (-6.541 dBFS)
lane target  +1.0  osc   -4.58  RMS   -12.71  coh pk    -9.84  THD+N   -14.83 dB =  18.13723 %  noise   -27.54  meter pk 0.478656 (-6.400 dBFS)
lane target  +2.0  osc   -3.58  RMS   -12.46  coh pk    -9.58  THD+N   -15.66 dB =  16.48442 %  noise   -28.12  meter pk 0.493782 (-6.129 dBFS)
lane target  +3.0  osc   -2.58  RMS   -12.21  coh pk    -9.32  THD+N   -16.05 dB =  15.75681 %  noise   -28.26  meter pk 0.509098 (-5.864 dBFS)
lane target  +4.0  osc   -1.58  RMS   -11.96  coh pk    -9.09  THD+N   -15.03 dB =  17.73073 %  noise   -26.99  meter pk 0.524914 (-5.598 dBFS)
lane target  +5.0  osc   -0.58  RMS   -11.71  coh pk    -8.84  THD+N   -15.08 dB =  17.62448 %  noise   -26.79  meter pk 0.540077 (-5.351 dBFS)
