meter peak at osc -20 (lane pk -14.42 expected): -14.43 dBFS
lane target -60.0  osc  -65.58  RMS   -63.01  coh pk   -60.00  THD+N   -42.58 dB =   0.74322 %  noise  -105.59  meter pk 0.094517 (-20.490 dBFS)
lane target -40.0  osc  -45.58  RMS   -43.01  coh pk   -40.00  THD+N   -62.98 dB =   0.07092 %  noise  -106.00  meter pk 0.036109 (-28.848 dBFS)
lane target -30.0  osc  -35.58  RMS   -33.01  coh pk   -30.00  THD+N   -73.17 dB =   0.02196 %  noise  -106.18  meter pk 0.031595 (-30.008 dBFS)
lane target -20.0  osc  -25.58  RMS   -23.01  coh pk   -20.00  THD+N   -82.48 dB =   0.00752 %  noise  -105.49  meter pk 0.099895 (-20.009 dBFS)
lane target -18.0  osc  -23.58  RMS   -21.01  coh pk   -18.00  THD+N   -84.14 dB =   0.00621 %  noise  -105.15  meter pk 0.125755 (-18.010 dBFS)
lane target -16.0  osc  -21.58  RMS   -19.01  coh pk   -16.00  THD+N   -86.59 dB =   0.00468 %  noise  -105.60  meter pk 0.158318 (-16.009 dBFS)
lane target -14.0  osc  -19.58  RMS   -17.01  coh pk   -14.00  THD+N   -88.48 dB =   0.00377 %  noise  -105.49  meter pk 0.199306 (-14.010 dBFS)
lane target -13.0  osc  -18.58  RMS   -16.01  coh pk   -13.00  THD+N   -89.21 dB =   0.00346 %  noise  -105.22  meter pk 0.223618 (-13.010 dBFS)
lane target -12.0  osc  -17.58  RMS   -15.01  coh pk   -12.00  THD+N   -90.29 dB =   0.00306 %  noise  -105.30  meter pk 0.250907 (-12.010 dBFS)
lane target -11.0  osc  -16.58  RMS   -14.01  coh pk   -11.00  THD+N   -90.82 dB =   0.00288 %  noise  -104.83  meter pk 0.281525 (-11.010 dBFS)
lane target -10.0  osc  -15.58  RMS   -13.01  coh pk   -10.00  THD+N   -91.38 dB =   0.00270 %  noise  -104.38  meter pk 0.315871 (-10.010 dBFS)
lane target  -8.0  osc  -13.58  RMS   -11.01  coh pk    -8.00  THD+N   -92.80 dB =   0.00229 %  noise  -103.81  meter pk 0.397667 (-8.010 dBFS)
lane target  -6.0  osc  -11.58  RMS    -9.01  coh pk    -6.00  THD+N   -92.59 dB =   0.00235 %  noise  -101.60  meter pk 0.500635 (-6.010 dBFS)
lane target  -3.0  osc   -8.58  RMS    -6.01  coh pk    -3.00  THD+N   -88.76 dB =   0.00365 %  noise   -94.77  meter pk 0.707142 (-3.010 dBFS)
lane target  -1.0  osc   -6.58  RMS    -4.04  coh pk    -1.03  THD+N   -43.92 dB =   0.63690 %  noise   -47.96  meter pk 0.885307 (-1.058 dBFS)
lane target  -0.5  osc   -6.08  RMS    -3.67  coh pk    -0.67  THD+N   -31.80 dB =   2.56898 %  noise   -35.48  meter pk 0.898930 (-0.925 dBFS)
lane target  +0.0  osc   -5.58  RMS    -3.36  coh pk    -0.36  THD+N   -26.62 dB =   4.66663 %  noise   -29.98  meter pk 0.914027 (-0.781 dBFS)
lane target  +0.5  osc   -5.08  RMS    -3.08  coh pk    -0.09  THD+N   -23.15 dB =   6.95774 %  noise   -26.23  meter pk 0.930767 (-0.623 dBFS)
lane target  +1.0  osc   -4.58  RMS    -2.81  coh pk     0.16  THD+N   -20.73 dB =   9.19621 %  noise   -23.54  meter pk 0.951116 (-0.435 dBFS)
lane target  +2.0  osc   -3.58  RMS    -2.35  coh pk     0.59  THD+N   -17.87 dB =  12.77591 %  noise   -20.22  meter pk 0.969617 (-0.268 dBFS)
lane target  +3.0  osc   -2.58  RMS    -1.98  coh pk     0.92  THD+N   -16.23 dB =  15.43318 %  noise   -18.21  meter pk 0.974981 (-0.220 dBFS)
lane target  +4.0  osc   -1.58  RMS    -1.70  coh pk     1.17  THD+N   -14.92 dB =  17.93827 %  noise   -16.62  meter pk 0.979428 (-0.181 dBFS)
lane target  +5.0  osc   -0.58  RMS    -1.50  coh pk     1.32  THD+N   -13.65 dB =  20.76191 %  noise   -15.16  meter pk 0.973481 (-0.233 dBFS)
