T7 at code 2, osc -31.04 dBFS (lane target -6.0 dBFS pk)
strip 20 (source): RMS -9.01 dBFS, coherent peak -6.00 dBFS
strip  1  RMS  -115.91 dBFS  coh pk  -146.61 dBFS  xtalk(coh)  -140.61 dB  XtalkResult  -106.90 dB  (was Mute=1)
strip  2  RMS  -116.06 dBFS  coh pk  -143.12 dBFS  xtalk(coh)  -137.12 dB  XtalkResult  -107.05 dB  (was Mute=1)
strip  3  RMS  -116.21 dBFS  coh pk  -147.60 dBFS  xtalk(coh)  -141.60 dB  XtalkResult  -107.20 dB  (was Mute=1)
strip  4  RMS  -115.94 dBFS  coh pk  -148.18 dBFS  xtalk(coh)  -142.18 dB  XtalkResult  -106.93 dB  (was Mute=1)
strip  5  RMS  -114.52 dBFS  coh pk  -140.43 dBFS  xtalk(coh)  -134.43 dB  XtalkResult  -105.51 dB  (was Mute=1)
strip  7  RMS  -111.35 dBFS  coh pk  -145.11 dBFS  xtalk(coh)  -139.11 dB  XtalkResult  -102.34 dB  (was Mute=1)
strip  8  RMS  -111.25 dBFS  coh pk  -153.88 dBFS  xtalk(coh)  -147.88 dB  XtalkResult  -102.24 dB  (was Mute=1)
strip  9  RMS  -114.72 dBFS  coh pk  -145.93 dBFS  xtalk(coh)  -139.93 dB  XtalkResult  -105.71 dB  (was Mute=1)
strip 10  RMS  -113.98 dBFS  coh pk  -141.15 dBFS  xtalk(coh)  -135.15 dB  XtalkResult  -104.97 dB  (was Mute=1)
strip 11  RMS  -112.79 dBFS  coh pk  -137.37 dBFS  xtalk(coh)  -131.37 dB  XtalkResult  -103.78 dB  (was Mute=1)
strip 12  RMS  -114.34 dBFS  coh pk  -143.33 dBFS  xtalk(coh)  -137.33 dB  XtalkResult  -105.33 dB  (was Mute=1)
strip 13  RMS  -115.96 dBFS  coh pk  -144.98 dBFS  xtalk(coh)  -138.98 dB  XtalkResult  -106.95 dB  (was Mute=1)
strip 14  RMS  -116.17 dBFS  coh pk  -148.71 dBFS  xtalk(coh)  -142.71 dB  XtalkResult  -107.16 dB  (was Mute=1)
strip 15  RMS  -116.16 dBFS  coh pk  -145.84 dBFS  xtalk(coh)  -139.84 dB  XtalkResult  -107.15 dB  (was Mute=1)
strip 16  RMS  -115.78 dBFS  coh pk  -144.43 dBFS  xtalk(coh)  -138.43 dB  XtalkResult  -106.77 dB  (was Mute=1)
strip 17  RMS  -113.72 dBFS  coh pk  -143.20 dBFS  xtalk(coh)  -137.20 dB  XtalkResult  -104.71 dB  (was Mute=1)
strip 18  RMS  -113.54 dBFS  coh pk  -140.52 dBFS  xtalk(coh)  -134.52 dB  XtalkResult  -104.53 dB  (was Mute=1)
strip 19  RMS  -114.11 dBFS  coh pk  -146.63 dBFS  xtalk(coh)  -140.63 dB  XtalkResult  -105.10 dB  (was Mute=1)
strip 21  RMS  -114.17 dBFS  coh pk  -137.77 dBFS  xtalk(coh)  -131.78 dB  XtalkResult  -105.16 dB  (was Mute=1)
strip 22  RMS  -113.06 dBFS  coh pk  -145.83 dBFS  xtalk(coh)  -139.83 dB  XtalkResult  -104.05 dB  (was Mute=1)
strip 23  RMS  -114.77 dBFS  coh pk  -147.36 dBFS  xtalk(coh)  -141.36 dB  XtalkResult  -105.76 dB  (was Mute=1)
strip 24  RMS  -111.79 dBFS  coh pk  -153.22 dBFS  xtalk(coh)  -147.22 dB  XtalkResult  -102.78 dB  (was Mute=1)
WORST neighbour: strip 11 at -131.37 dB (coherent)
CONTROL strip 11, reference running, OscChan 0 (no stimulus): coh pk -141.19 dBFS -> floor -135.19 dB re source; RMS -113.76
