S162 MIC 1-5 OPEN-input noise audit (Q542 Schottky fitted), MW-D24-2, 2026-10-01T16:55:58Z (symbols /home/app/loopthd/s154)
input-referred dBu = P + 3.01 + 23.13 (units.csv dac_fs_dbu) - G; G = pass-4 code-0 ref + mic-gain-codes step
OPEN INPUTS: these are NOT EIN figures (EIN needs the 150 ohm source); nothing here is graded against -126.0 dBu.

setting        G dB     node   DC-24k   20-20k        A | in 20-20k      in A in DC-24k
---------------------------------------------------------------------------------------
MIC1_c63      58.39   -75.12   -79.98   -81.94   -84.22 |    -114.2    -116.5    -112.2
MIC2_c00       5.55  -113.25  -112.87  -115.42  -117.80 |     -94.8     -97.2     -92.3
MIC2_c32      53.68   -78.19   -78.64   -87.31   -89.58 |    -114.8    -117.1    -106.2
MIC2_c48      56.94   -74.63   -74.96   -83.95   -86.26 |    -114.8    -117.1    -105.8
MIC2_c63      58.66   -72.24   -72.69   -82.14   -84.55 |    -114.7    -117.1    -105.2
MIC3_c63      58.66   -73.01   -73.41   -82.24   -84.64 |    -114.8    -117.2    -105.9
MIC4_c63      58.66   -70.78   -71.78   -81.68   -84.13 |    -114.2    -116.6    -104.3
MIC5_c63      58.65   -77.34   -80.12   -82.35   -84.61 |    -114.9    -117.1    -112.6

PER OCTAVE, input-referred dB OVER the reference (code 63, open):
  vs MIC1_c63
               10-20   20-50  50-100 100-200 200-500   500-1     1-2     2-5    5-10   10-20   20-24
  MIC 2         -0.0    -3.7    -2.2    -0.6    -0.3    +0.2    -0.4    -0.6    -0.8    -0.3   +11.2
  MIC 3         -0.9    -2.3    -1.5    -1.7    +0.2    +0.1    -0.6    -0.6    -0.8    -0.5   +10.3
  MIC 4         -0.6    -2.9    -1.0    -0.2    +0.5    +0.4    +0.1    -0.1    -0.2    +0.1   +12.2
  MIC 5         -3.4    -5.1    -2.5    -0.3    +0.1    -0.1    -0.4    -0.5    -0.8    -0.7    -0.1
  vs MIC5_c63
               10-20   20-50  50-100 100-200 200-500   500-1     1-2     2-5    5-10   10-20   20-24
  MIC 1         +3.4    +5.1    +2.5    +0.3    -0.1    +0.1    +0.4    +0.5    +0.8    +0.7    +0.1
  MIC 2         +3.3    +1.4    +0.3    -0.3    -0.5    +0.3    -0.0    -0.0    +0.0    +0.3   +11.3
  MIC 3         +2.4    +2.8    +1.0    -1.4    +0.1    +0.2    -0.2    -0.0    -0.0    +0.2   +10.4
  MIC 4         +2.7    +2.2    +1.5    +0.1    +0.4    +0.5    +0.4    +0.4    +0.6    +0.8   +12.3

NAMED LINES (dB over the local floor; None = off the grid):
  MIC1_c63     50 Hz 15.2 2.3 2.2 -0.8 -1.2 | 60 Hz 3.0 -1.2 0.8 -1.8 -3.2
  MIC2_c00     50 Hz 2.4 2.1 -0.8 1.5 -0.8 | 60 Hz 0.4 -1.7 -1.6 -0.6 -0.7
  MIC2_c32     50 Hz 7.8 2.0 -0.2 0.5 1.1 | 60 Hz -0.3 -2.4 -2.2 -1.3 3.7
  MIC2_c48     50 Hz 8.9 -1.3 -0.8 0.1 0.1 | 60 Hz 3.8 -1.1 3.4 -1.6 2.9
  MIC2_c63     50 Hz 7.3 0.6 1.6 0.1 0.3 | 60 Hz 2.4 -0.1 -0.1 -1.1 -0.2
  MIC3_c63     50 Hz 13.1 -1.1 -1.8 2.1 -2.2 | 60 Hz 3.5 1.0 -0.3 0.8 1.0
  MIC4_c63     50 Hz 10.5 0.4 0.2 1.0 0.8 | 60 Hz 1.1 1.2 -0.4 -1.4 -3.1
  MIC5_c63     50 Hz 3.2 0.4 -1.3 1.6 2.0 | 60 Hz 1.9 2.6 0.4 -6.2 1.3

STRONGEST LINES (Hz, dB over a +-40-bin running median, bin dBFS):
  MIC1_c63     49.8 Hz +13.9, 16664.1 Hz +11.4, 17947.3 Hz +8.3
  MIC2_c00     23762.7 Hz +8.4, 23768.6 Hz +8.3, 23756.8 Hz +8.1
  MIC2_c32     23824.2 Hz +9.3
  MIC2_c48     49.8 Hz +9.6
  MIC2_c63     
  MIC3_c63     49.8 Hz +11.2
  MIC4_c63     49.8 Hz +11.5
  MIC5_c63     

plots: .
