S162 vs S160, MW-D24-2, OPEN inputs (NOT EIN). Input-referred by S57-R (dac_fs 23.13 dBu, pass-4 G0 + mic-gain-codes).
Hump = peak of the 300 Hz-smoothed input-referred excess over the SAME run's MIC 5, 6-23.9 kHz.

setting   |  20-20k dBu  S160/S162 |   A dBu      S160/S162 |   10-20k oct over MIC5 |       20-24k over MIC5 |       hump  S160 -> S162
MIC1_c63  |    -112.8    -114.2    |    -116.0    -116.5    |     +1.0     +0.7     |     +1.1     +0.1     | 19723 Hz  +8.7 -> 23628 Hz  +9.8
MIC2_c63  |    -106.4    -114.7    |    -113.3    -117.1    |     +9.0     +0.3     |     +2.7    +11.3     | 18923 Hz +17.8 -> 23628 Hz +22.7
MIC3_c63  |    -107.2    -114.8    |    -113.6    -117.2    |     +8.1     +0.2     |     +1.0    +10.4     | 18226 Hz +21.1 -> 23628 Hz +21.5
MIC4_c63  |    -106.8    -114.2    |    -113.0    -116.6    |     +8.5     +0.8     |     +1.4    +12.3     | 17766 Hz +21.6 -> 23602 Hz +23.8
MIC5_c63  |    -113.7    -114.9    |    -116.7    -117.1    |     +0.0     +0.0     |     +0.0     +0.0     |  6003 Hz  +0.0 ->  6003 Hz  +0.0
MIC2_c00  |     -93.9     -94.8    |     -97.0     -97.2    |    +18.8    +18.6     |    +19.1    +18.2     | 23897 Hz +24.7 -> 23678 Hz +25.0
MIC2_c32  |    -106.3    -114.8    |    -113.2    -117.1    |     +9.1     +0.0     |     +1.8    +10.1     | 18794 Hz +20.9 -> 23742 Hz +15.6
MIC2_c48  |    -106.9    -114.8    |    -113.3    -117.1    |     +8.4     +0.1     |     +1.0    +10.9     | 17982 Hz +22.4 -> 23854 Hz +11.0

1 kHz bands 14-24 kHz, input-referred dB over the same run's MIC 5 (code 63):
                   14     15     16     17     18     19     20     21     22     23  kHz
MIC1 S160        +0.7   +1.0   +0.9   +0.6   -0.1   +1.3   +2.4   +0.5   +0.4   +0.2
MIC1 S162        +0.9   +0.6   +0.9   +0.5   +0.3   -0.0   -0.2   +0.2   -0.3   +0.2
MIC2 S160        -0.1   +0.5   +1.3   +3.7  +14.8  +10.5   +4.8   +2.4   +1.0   +0.7
MIC2 S162        -0.3   -0.4   -0.4   +0.2   +1.7   +1.8   +0.8   +2.0   +4.4  +12.5
MIC3 S160        +0.0   +0.5   +2.8  +10.1  +17.2   -1.8   +1.8   +1.0   +0.3   +0.6
MIC3 S162        -0.3   -0.4   -0.4   +0.1   +1.7   +1.6   +0.8   +1.5   +3.4  +11.7
MIC4 S160        +0.3   +1.1   +4.8  +18.7  +10.5   -3.7   +1.2   +1.3   +1.5   +1.5
MIC4 S162        +0.0   +0.2   +0.4   +0.9   +2.5   +2.6   +1.3   +2.4   +4.8  +13.5

THE COMPONENT NEAR NYQUIST, 22-24 kHz: band power, and the power OVER the same run's MIC 5 code 63 (power difference), lane dBFS and input-referred dBu:
  S160 MIC1_c63  band   -92.6 dBFS /  -124.9 dBu   excess  -109.4 dBFS /  -141.6 dBu
  S160 MIC2_c63  band   -91.8 dBFS /  -124.4 dBu   excess   -99.2 dBFS /  -131.7 dBu
  S160 MIC3_c63  band   -92.2 dBFS /  -124.8 dBu   excess  -102.2 dBFS /  -134.7 dBu
  S160 MIC4_c63  band   -91.2 dBFS /  -123.7 dBu   excess   -96.5 dBFS /  -129.0 dBu
  S160 MIC2_c48  band   -93.6 dBFS /  -124.4 dBu   excess  -300.0 dBFS /  -330.8 dBu
  S160 MIC2_c32  band   -97.3 dBFS /  -124.9 dBu   excess  -300.0 dBFS /  -327.5 dBu
  S162 MIC1_c63  band   -85.5 dBFS /  -117.8 dBu   excess  -300.0 dBFS /  -332.2 dBu
  S162 MIC2_c63  band   -73.3 dBFS /  -105.8 dBu   excess   -73.6 dBFS /  -106.1 dBu
  S162 MIC3_c63  band   -74.2 dBFS /  -106.7 dBu   excess   -74.5 dBFS /  -107.0 dBu
  S162 MIC4_c63  band   -72.3 dBFS /  -104.8 dBu   excess   -72.5 dBFS /  -105.1 dBu
  S162 MIC2_c48  band   -75.4 dBFS /  -106.2 dBu   excess   -75.9 dBFS /  -106.7 dBu
  S162 MIC2_c32  band   -79.5 dBFS /  -107.1 dBu   excess   -80.9 dBFS /  -108.4 dBu

S162 DRIFT MAP from a cold rails-up (2 x 16k per point; ref = S162 MIC 5 code 63):
input       t s |   peak Hz   dB/bin |   hump Hz  over M5 | 10-20k o/M5 | 20-24k o/M5
MIC 2       0.6 |     22192   -109.3 |     22192    +11.5 |       +0.5 |       +0.8
MIC 4       3.9 |     22134   -109.6 |     22134    +11.0 |       +0.7 |       +1.2
MIC 2      30.6 |     22714   -104.6 |     22711    +16.2 |       +0.1 |       +2.9
MIC 2      60.6 |     23229   -100.1 |     23221    +20.8 |       -0.0 |       +6.7
MIC 2      90.6 |     23660    -97.3 |     23631    +21.3 |       +0.1 |       +8.8
MIC 2     120.7 |     23842    -96.7 |     23795    +16.2 |       +0.2 |       +9.8
MIC 2     150.6 |     23897    -96.9 |     23897    +10.4 |       +0.4 |      +10.2
MIC 2     180.6 |     23897    -94.6 |     23818    +14.5 |       +0.3 |      +10.7
MIC 2     210.6 |     23804    -93.9 |     23774    +20.1 |       +0.3 |      +11.2
MIC 2     240.7 |     23824    -95.2 |     23757    +18.9 |       +0.4 |      +11.0
MIC 2     270.6 |     23786    -95.4 |     23722    +21.5 |       +0.3 |      +11.2
MIC 2     300.6 |     23736    -94.8 |     23725    +22.1 |       +0.5 |      +11.2
MIC 4     304.0 |     23733    -94.5 |     23725    +22.3 |       +1.0 |      +12.2
MIC 2     330.6 |     23701    -94.3 |     23663    +23.4 |       +0.6 |      +11.3
MIC 2     360.7 |     23704    -95.1 |     23704    +22.2 |       +0.5 |      +11.2
MIC 2     390.6 |     23681    -94.7 |     23678    +23.2 |       +0.6 |      +11.3
MIC 2     420.7 |     23669    -94.6 |     23672    +23.4 |       +0.6 |      +11.3
MIC 2     450.6 |     23695    -94.6 |     23675    +22.9 |       +0.5 |      +11.2
MIC 2     480.6 |     23701    -94.9 |     23687    +22.5 |       +0.6 |      +11.2
MIC 2     510.6 |     23663    -94.7 |     23640    +23.5 |       +0.5 |      +11.3
MIC 2     540.6 |     23663    -94.8 |     23648    +23.3 |       +0.4 |      +11.3
MIC 2     570.6 |     23607    -95.0 |     23587    +24.1 |       +0.5 |      +11.4
MIC 2     600.7 |     23654    -94.8 |     23634    +23.5 |       +0.5 |      +11.3
MIC 4     604.1 |     23643    -94.1 |     23596    +24.8 |       +0.7 |      +12.4
MIC 2     630.6 |     23616    -95.4 |     23587    +23.3 |       +0.6 |      +11.4
MIC 2     660.6 |     23622    -94.9 |     23587    +24.1 |       +0.3 |      +11.4
MIC 2     690.6 |     23610    -94.9 |     23581    +24.4 |       +0.3 |      +11.4
MIC 2     720.6 |     23572    -94.6 |     23575    +24.9 |       +0.4 |      +11.5
MIC 2     750.6 |     23619    -94.0 |     23590    +24.9 |       +0.4 |      +11.4
MIC 2     780.6 |     23663    -94.4 |     23660    +23.6 |       +0.4 |      +11.3
MIC 2     810.7 |     23681    -94.8 |     23648    +23.3 |       +0.5 |      +11.3
MIC 2     840.6 |     23669    -94.8 |     23669    +23.2 |       +0.5 |      +11.3
MIC 2     870.6 |     23698    -94.9 |     23678    +22.8 |       +0.4 |      +11.2
MIC 2     900.6 |     23654    -94.5 |     23654    +23.6 |       +0.3 |      +11.3
MIC 4     903.9 |     23637    -93.8 |     23634    +24.8 |       +0.7 |      +12.2

MIC 2 drift summary: hump excess +10.4..+24.9 dB (median +23.2); where >= 6 dB the peak spans 22192-23897 Hz; 10-20k octave over MIC 5 -0.0..+0.6 dB

S160 A/B (before), per capture, t approx. since rails-up:
  MIC 2  code 63 t~   5.7 s  hump 18861 Hz +18.6 dB  10-20k o/M5  +8.9  20-24k o/M5  +2.2
  MIC 2  code 63 t~   6.4 s  hump 18864 Hz +18.4 dB  10-20k o/M5  +8.8  20-24k o/M5  +2.1
  MIC 2  code 63 t~   7.1 s  hump 18718 Hz +20.9 dB  10-20k o/M5  +8.8  20-24k o/M5  +2.3
  MIC 2  code 48 t~  12.8 s  hump 19975 Hz +22.7 dB  10-20k o/M5  +8.5  20-24k o/M5 +10.8
  MIC 2  code 48 t~  13.4 s  hump 19875 Hz +21.3 dB  10-20k o/M5  +9.1  20-24k o/M5  +8.8
  MIC 2  code 48 t~  14.1 s  hump 19723 Hz +20.8 dB  10-20k o/M5  +9.4  20-24k o/M5  +6.1
  MIC 2  code 63 t~  20.8 s  hump 17771 Hz +21.9 dB  10-20k o/M5  +8.1  20-24k o/M5  +1.1
  MIC 2  code 63 t~  21.5 s  hump 17818 Hz +21.1 dB  10-20k o/M5  +8.1  20-24k o/M5  +1.0
  MIC 2  code 63 t~  22.1 s  hump 17470 Hz +20.3 dB  10-20k o/M5  +7.9  20-24k o/M5  +0.5
  MIC 2  code 32 t~  27.8 s  hump 19564 Hz +15.6 dB  10-20k o/M5  +9.5  20-24k o/M5  +3.6
  MIC 2  code 32 t~  28.5 s  hump 19515 Hz +14.8 dB  10-20k o/M5  +9.5  20-24k o/M5  +3.8
  MIC 2  code 32 t~  29.1 s  hump 19327 Hz +13.6 dB  10-20k o/M5  +9.5  20-24k o/M5  +3.3
  MIC 2  code 63 t~  34.9 s  hump 17001 Hz +20.5 dB  10-20k o/M5  +7.6  20-24k o/M5  +1.1
  MIC 2  code 63 t~  35.5 s  hump 16831 Hz +19.8 dB  10-20k o/M5  +7.4  20-24k o/M5  +0.9
  MIC 2  code 63 t~  36.1 s  hump 16708 Hz +20.1 dB  10-20k o/M5  +7.4  20-24k o/M5  +0.6
  MIC 4  code 63 t~  42.8 s  hump 16655 Hz +20.2 dB  10-20k o/M5  +7.4  20-24k o/M5  +1.0
  MIC 4  code 63 t~  43.4 s  hump 16509 Hz +20.0 dB  10-20k o/M5  +7.5  20-24k o/M5  +0.9
  MIC 4  code 63 t~  44.1 s  hump 16459 Hz +20.4 dB  10-20k o/M5  +7.4  20-24k o/M5  +1.1
  MIC 4  code 48 t~  49.8 s  hump 18161 Hz +23.0 dB  10-20k o/M5 +10.0  20-24k o/M5  +1.8
  MIC 4  code 48 t~  50.4 s  hump 18082 Hz +22.4 dB  10-20k o/M5  +9.9  20-24k o/M5  +2.0
  MIC 4  code 48 t~  51.1 s  hump 18056 Hz +22.4 dB  10-20k o/M5  +9.9  20-24k o/M5  +1.7
  MIC 4  code 63 t~  57.8 s  hump 15999 Hz +18.4 dB  10-20k o/M5  +7.1  20-24k o/M5  +0.3
  MIC 4  code 63 t~  58.4 s  hump 16078 Hz +20.2 dB  10-20k o/M5  +7.1  20-24k o/M5  +0.2
  MIC 4  code 63 t~  59.1 s  hump 16046 Hz +19.8 dB  10-20k o/M5  +7.1  20-24k o/M5  +0.1

plots: .
