2025-05-03 20:21:16,032 [INFO] Activator:176 - 


2025-05-03 20:21:16,048 [INFO] Activator:177 - !SESSION log4j initialized
2025-05-03 20:21:21,385 [INFO] LogOutputStream:77 - [STDOUT_REDIRECT] 
2025-05-03 20:21:26,154 [INFO] ApplicationProperties:184 - Using Application install path: C:\ST\STM32CubeIDE_1.13.1\STM32CubeIDE\plugins\com.st.stm32cube.common.mx_6.14.1.202504091515
2025-05-03 20:21:26,173 [INFO] DbMcusXml:78 - Set database path to: C:\ST\STM32CubeIDE_1.13.1\STM32CubeIDE\plugins\com.st.stm32cube.common.mx_6.14.1.202504091515\\db\/mcu/
2025-05-03 20:21:26,174 [INFO] ApiDb:274 - Set plugin database path to: C:\ST\STM32CubeIDE_1.13.1\STM32CubeIDE\plugins\com.st.stm32cube.common.mx_6.14.1.202504091515\\db\/plugins/boardmanager/
2025-05-03 20:21:26,174 [WARN] ApiDb:259 - Overriding images path with different value:  => C:\ST\STM32CubeIDE_1.13.1\STM32CubeIDE\plugins\com.st.stm32cube.common.mx_6.14.1.202504091515\\db\/plugins/mcufinder/images/
2025-05-03 20:21:26,182 [INFO] ApiDb:250 - Set database path to: C:\Users\peterwatts\.stmcufinder\plugins\mcufinder//mcu/
2025-05-03 20:21:26,184 [INFO] DbMcusAds:125 - Set database path to: C:\Users\peterwatts\.stmcufinder\plugins\mcufinder//mcu/
2025-05-03 20:21:26,187 [INFO] CrossReferenceDbSqlite:203 - Set database path to: C:\Users\peterwatts\.stmcufinder\plugins\mcufinder//mcu/cs/
2025-05-03 20:21:26,372 [INFO] RulesReader:64 - Compatibility file has been processed (302 Rules)
2025-05-03 20:21:26,513 [INFO] DbMcusXml:78 - Set database path to: C:\ST\STM32CubeIDE_1.13.1\STM32CubeIDE\plugins\com.st.stm32cube.common.mx_6.14.1.202504091515\\db\/mcu/
2025-05-03 20:21:26,514 [INFO] ApiDb:274 - Set plugin database path to: C:\ST\STM32CubeIDE_1.13.1\STM32CubeIDE\plugins\com.st.stm32cube.common.mx_6.14.1.202504091515\\db\/plugins/boardmanager/
2025-05-03 20:21:26,514 [INFO] ApiDb:261 - Set plugin images path to: C:\ST\STM32CubeIDE_1.13.1\STM32CubeIDE\plugins\com.st.stm32cube.common.mx_6.14.1.202504091515\\db\/plugins/mcufinder/images/
2025-05-03 20:21:26,515 [WARN] DbFile:41 - Overriding database path with different value: C:\Users\peterwatts\.stmcufinder\plugins\mcufinder/ => C:\Users\peterwatts\.stmcufinder\plugins\mcufinder
2025-05-03 20:21:26,515 [INFO] ApiDb:250 - Set database path to: C:\Users\peterwatts\.stmcufinder\plugins\mcufinder//mcu/
2025-05-03 20:21:26,516 [WARN] DbFile:41 - Overriding database path with different value: C:\Users\peterwatts\.stmcufinder\plugins\mcufinder/ => C:\Users\peterwatts\.stmcufinder\plugins\mcufinder
2025-05-03 20:21:26,516 [INFO] DbMcusAds:125 - Set database path to: C:\Users\peterwatts\.stmcufinder\plugins\mcufinder//mcu/
2025-05-03 20:21:26,517 [WARN] DbFile:41 - Overriding database path with different value: C:\Users\peterwatts\.stmcufinder\plugins\mcufinder/ => C:\Users\peterwatts\.stmcufinder\plugins\mcufinder
2025-05-03 20:21:26,517 [WARN] DbFile:41 - Overriding database path with different value: C:\Users\peterwatts\.stmcufinder\plugins\mcufinder/ => C:\Users\peterwatts\.stmcufinder\plugins\mcufinder
2025-05-03 20:21:26,517 [INFO] CrossReferenceDbSqlite:203 - Set database path to: C:\Users\peterwatts\.stmcufinder\plugins\mcufinder//mcu/cs/
2025-05-03 20:21:26,653 [INFO] MainPanel:272 - HeapMemory: 268435456
2025-05-03 20:21:26,829 [INFO] DbMcusXml:78 - Set database path to: C:\ST\STM32CubeIDE_1.13.1\STM32CubeIDE\plugins\com.st.stm32cube.common.mx_6.14.1.202504091515\\db\/mcu/
2025-05-03 20:21:26,829 [INFO] ApiDb:274 - Set plugin database path to: C:\ST\STM32CubeIDE_1.13.1\STM32CubeIDE\plugins\com.st.stm32cube.common.mx_6.14.1.202504091515\\db\/plugins/boardmanager/
2025-05-03 20:21:26,829 [INFO] ApiDb:261 - Set plugin images path to: C:\ST\STM32CubeIDE_1.13.1\STM32CubeIDE\plugins\com.st.stm32cube.common.mx_6.14.1.202504091515\\db\/plugins/mcufinder/images/
2025-05-03 20:21:26,830 [WARN] DbFile:41 - Overriding database path with different value: C:\Users\peterwatts\.stmcufinder\plugins\mcufinder/ => C:\Users\peterwatts\.stmcufinder\plugins\mcufinder
2025-05-03 20:21:26,830 [INFO] ApiDb:250 - Set database path to: C:\Users\peterwatts\.stmcufinder\plugins\mcufinder//mcu/
2025-05-03 20:21:26,831 [WARN] DbFile:41 - Overriding database path with different value: C:\Users\peterwatts\.stmcufinder\plugins\mcufinder/ => C:\Users\peterwatts\.stmcufinder\plugins\mcufinder
2025-05-03 20:21:26,831 [INFO] DbMcusAds:125 - Set database path to: C:\Users\peterwatts\.stmcufinder\plugins\mcufinder//mcu/
2025-05-03 20:21:26,831 [WARN] DbFile:41 - Overriding database path with different value: C:\Users\peterwatts\.stmcufinder\plugins\mcufinder/ => C:\Users\peterwatts\.stmcufinder\plugins\mcufinder
2025-05-03 20:21:26,832 [WARN] DbFile:41 - Overriding database path with different value: C:\Users\peterwatts\.stmcufinder\plugins\mcufinder/ => C:\Users\peterwatts\.stmcufinder\plugins\mcufinder
2025-05-03 20:21:26,832 [INFO] CrossReferenceDbSqlite:203 - Set database path to: C:\Users\peterwatts\.stmcufinder\plugins\mcufinder//mcu/cs/
2025-05-03 20:21:26,860 [INFO] ApplicationProperties:184 - Using Application install path: C:\ST\STM32CubeIDE_1.13.1\STM32CubeIDE\plugins\com.st.stm32cube.common.mx_6.14.1.202504091515
2025-05-03 20:21:26,862 [INFO] PluginManage:196 - Search for loadable plugins [exclusion list=, ]
2025-05-03 20:21:26,864 [INFO] PluginManage:310 - Check plugin analytics
2025-05-03 20:21:27,192 [INFO] AnalyticsPlugin:253 - Accepted Software Licenses: 
2025-05-03 20:21:27,193 [INFO] AnalyticsPlugin:255 - Accepted CMSIS Pack Licenses: 
2025-05-03 20:21:27,194 [INFO] AnalyticsPlugin:257 - Accepted Firmware Licenses: 
2025-05-03 20:21:27,202 [INFO] PluginManage:359 - Loaded plugin analytics (category:tool,tabindex:-1)
2025-05-03 20:21:27,203 [INFO] PluginManage:310 - Check plugin cadmodel
2025-05-03 20:21:27,229 [INFO] CADModel:105 - Init CAD model plugin
2025-05-03 20:21:27,230 [INFO] PluginManage:359 - Loaded plugin cadmodel (category:power,tabindex:5)
2025-05-03 20:21:27,230 [INFO] PluginManage:310 - Check plugin clock
2025-05-03 20:21:27,262 [INFO] PluginManage:359 - Loaded plugin clock (category:base,tabindex:2)
2025-05-03 20:21:27,263 [INFO] PluginManage:310 - Check plugin ddr
2025-05-03 20:21:27,267 [INFO] PluginManage:359 - Loaded plugin ddr (category:tool,tabindex:6)
2025-05-03 20:21:27,268 [INFO] PluginManage:310 - Check plugin filemanager
2025-05-03 20:21:27,560 [INFO] PluginManage:359 - Loaded plugin filemanager (category:base,tabindex:10)
2025-05-03 20:21:27,561 [INFO] PluginManage:310 - Check plugin ipmanager
2025-05-03 20:21:27,582 [INFO] PluginManage:359 - Loaded plugin ipmanager (category:base,tabindex:5)
2025-05-03 20:21:27,584 [INFO] PluginManage:310 - Check plugin lpbam
2025-05-03 20:21:27,612 [INFO] PluginManage:359 - Loaded plugin lpbam (category:base,tabindex:0)
2025-05-03 20:21:27,613 [INFO] PluginManage:310 - Check plugin memorymap
2025-05-03 20:21:27,646 [INFO] PluginManage:359 - Loaded plugin memorymap (category:base,tabindex:4)
2025-05-03 20:21:27,647 [INFO] PluginManage:310 - Check plugin pinoutandconfiguration
2025-05-03 20:21:27,678 [INFO] PluginManage:359 - Loaded plugin pinoutandconfiguration (category:base,tabindex:1)
2025-05-03 20:21:27,678 [INFO] PluginManage:310 - Check plugin pinoutconfig
2025-05-03 20:21:27,818 [WARN] SupportedApi:132 - Cannot load RTOS API schema: s4s-elt-must-match.1: The content of 'definitions' must match (annotation?, (simpleType | complexType)?, (unique | key | keyref)*)). A problem was found starting at: attribute.
2025-05-03 20:21:28,050 [INFO] PluginManage:359 - Loaded plugin pinoutconfig (category:base,tabindex:0)
2025-05-03 20:21:28,050 [INFO] PluginManage:310 - Check plugin power
2025-05-03 20:21:28,081 [INFO] PluginManage:359 - Loaded plugin power (category:power,tabindex:4)
2025-05-03 20:21:28,082 [INFO] PluginManage:310 - Check plugin projectmanager
2025-05-03 20:21:28,108 [INFO] PluginManage:359 - Loaded plugin projectmanager (category:projectmanager,tabindex:4)
2025-05-03 20:21:28,108 [INFO] PluginManage:310 - Check plugin rif
2025-05-03 20:21:28,136 [INFO] PluginManage:359 - Loaded plugin rif (category:base,tabindex:3)
2025-05-03 20:21:28,137 [INFO] PluginManage:310 - Check plugin thirdparty
2025-05-03 20:21:28,587 [INFO] PluginManage:359 - Loaded plugin thirdparty (category:base,tabindex:-1)
2025-05-03 20:21:28,588 [INFO] PluginManage:310 - Check plugin tools
2025-05-03 20:21:28,588 [WARN] IntegrityCheckThread:84 - waiting for thirdparty lock release [integrity check]
2025-05-03 20:21:28,594 [INFO] IntegrityCheckThread:86 - entering critical section [integrity check]
2025-05-03 20:21:28,596 [INFO] ThirdPartyUpdaterWithRetryManager:70 - Updater plugin not ready yet. [1/15]
2025-05-03 20:21:28,650 [INFO] PluginManage:359 - Loaded plugin tools (category:base,tabindex:7)
2025-05-03 20:21:28,651 [INFO] PluginManage:310 - Check plugin tutovideos
2025-05-03 20:21:28,957 [INFO] PluginManage:359 - Loaded plugin tutovideos (category:base,tabindex:-1)
2025-05-03 20:21:28,957 [INFO] PluginManage:310 - Check plugin updater
2025-05-03 20:21:28,990 [INFO] PluginManage:359 - Loaded plugin updater (category:base,tabindex:12)
2025-05-03 20:21:28,991 [INFO] PluginManage:310 - Check plugin userauth
2025-05-03 20:21:28,996 [INFO] UserAuth:118 - Init User Auth plugin
2025-05-03 20:21:28,998 [INFO] PluginManage:359 - Loaded plugin userauth (category:base,tabindex:14)
2025-05-03 20:21:28,999 [INFO] PluginManage:283 - PluginManage : Loaded plugins [18]
2025-05-03 20:21:29,338 [INFO] PinOutPanel:1589 - setPackage(No Configuration,No Configuration)
2025-05-03 20:21:29,478 [INFO] CADModel:165 - CPN selected for project level
2025-05-03 20:21:29,479 [INFO] CADModel:114 - Register for checkConnection events
2025-05-03 20:21:29,518 [INFO] IPUIPlugin:80 - create IPUIPlugin
2025-05-03 20:21:29,519 [INFO] PluginManager:220 - loadIPPluginJar : add adc
2025-05-03 20:21:29,592 [INFO] IPUIPlugin:80 - create IPUIPlugin
2025-05-03 20:21:29,593 [INFO] PluginManager:220 - loadIPPluginJar : add aes
2025-05-03 20:21:29,668 [INFO] IPUIPlugin:80 - create IPUIPlugin
2025-05-03 20:21:29,668 [INFO] PluginManager:220 - loadIPPluginJar : add can
2025-05-03 20:21:29,713 [INFO] IPUIPlugin:80 - create IPUIPlugin
2025-05-03 20:21:29,713 [INFO] PluginManager:220 - loadIPPluginJar : add comp
2025-05-03 20:21:29,780 [INFO] IPUIPlugin:80 - create IPUIPlugin
2025-05-03 20:21:29,780 [INFO] PluginManager:220 - loadIPPluginJar : add cryp
2025-05-03 20:21:29,801 [INFO] IPUIPlugin:80 - create IPUIPlugin
2025-05-03 20:21:29,802 [INFO] PluginManager:220 - loadIPPluginJar : add ddr_ctrl_phy
2025-05-03 20:21:29,856 [INFO] IPUIPlugin:80 - create IPUIPlugin
2025-05-03 20:21:29,856 [INFO] PluginManager:220 - loadIPPluginJar : add dfsdm
2025-05-03 20:21:29,878 [INFO] IPUIPlugin:80 - create IPUIPlugin
2025-05-03 20:21:29,879 [INFO] PluginManager:220 - loadIPPluginJar : add dma
2025-05-03 20:21:29,946 [INFO] IPUIPlugin:80 - create IPUIPlugin
2025-05-03 20:21:29,947 [INFO] PluginManager:220 - loadIPPluginJar : add dma3
2025-05-03 20:21:30,021 [INFO] IPUIPlugin:80 - create IPUIPlugin
2025-05-03 20:21:30,023 [INFO] PluginManager:220 - loadIPPluginJar : add extmemmanager
2025-05-03 20:21:30,062 [INFO] IPUIPlugin:80 - create IPUIPlugin
2025-05-03 20:21:30,063 [INFO] PluginManager:220 - loadIPPluginJar : add fatfs
2025-05-03 20:21:30,145 [INFO] IPUIPlugin:80 - create IPUIPlugin
2025-05-03 20:21:30,146 [INFO] PluginManager:220 - loadIPPluginJar : add fmc
2025-05-03 20:21:30,170 [INFO] IPUIPlugin:80 - create IPUIPlugin
2025-05-03 20:21:30,171 [INFO] PluginManager:220 - loadIPPluginJar : add freertos
2025-05-03 20:21:30,207 [INFO] IPUIPlugin:80 - create IPUIPlugin
2025-05-03 20:21:30,207 [INFO] PluginManager:220 - loadIPPluginJar : add genericplugin
2025-05-03 20:21:30,367 [INFO] IPUIPlugin:80 - create IPUIPlugin
2025-05-03 20:21:30,368 [INFO] PluginManager:220 - loadIPPluginJar : add gfxmmu
2025-05-03 20:21:30,587 [INFO] IPUIPlugin:80 - create IPUIPlugin
2025-05-03 20:21:30,587 [INFO] PluginManager:220 - loadIPPluginJar : add gic
2025-05-03 20:21:30,608 [INFO] IPUIPlugin:80 - create IPUIPlugin
2025-05-03 20:21:30,608 [INFO] PluginManager:220 - loadIPPluginJar : add gpio
2025-05-03 20:21:30,754 [INFO] IPUIPlugin:80 - create IPUIPlugin
2025-05-03 20:21:30,755 [INFO] PluginManager:220 - loadIPPluginJar : add gtzc
2025-05-03 20:21:30,803 [INFO] IPUIPlugin:80 - create IPUIPlugin
2025-05-03 20:21:30,804 [INFO] PluginManager:220 - loadIPPluginJar : add hash
2025-05-03 20:21:30,907 [INFO] IPUIPlugin:80 - create IPUIPlugin
2025-05-03 20:21:30,908 [INFO] PluginManager:220 - loadIPPluginJar : add i2c
2025-05-03 20:21:30,973 [INFO] IPUIPlugin:80 - create IPUIPlugin
2025-05-03 20:21:30,973 [INFO] PluginManager:220 - loadIPPluginJar : add i2s
2025-05-03 20:21:31,033 [INFO] IPUIPlugin:80 - create IPUIPlugin
2025-05-03 20:21:31,034 [INFO] PluginManager:220 - loadIPPluginJar : add i3c
2025-05-03 20:21:31,184 [INFO] IPUIPlugin:80 - create IPUIPlugin
2025-05-03 20:21:31,185 [INFO] PluginManager:220 - loadIPPluginJar : add ipddr
2025-05-03 20:21:31,313 [INFO] IPUIPlugin:80 - create IPUIPlugin
2025-05-03 20:21:31,314 [INFO] PluginManager:220 - loadIPPluginJar : add linkedlist
2025-05-03 20:21:31,367 [INFO] IPUIPlugin:80 - create IPUIPlugin
2025-05-03 20:21:31,368 [INFO] PluginManager:220 - loadIPPluginJar : add lorawan
2025-05-03 20:21:31,422 [INFO] IPUIPlugin:80 - create IPUIPlugin
2025-05-03 20:21:31,422 [INFO] PluginManager:220 - loadIPPluginJar : add ltdc
2025-05-03 20:21:31,442 [INFO] IPUIPlugin:80 - create IPUIPlugin
2025-05-03 20:21:31,443 [INFO] PluginManager:220 - loadIPPluginJar : add mdma
2025-05-03 20:21:31,461 [INFO] IPUIPlugin:80 - create IPUIPlugin
2025-05-03 20:21:31,462 [INFO] PluginManager:220 - loadIPPluginJar : add nvic
2025-05-03 20:21:31,515 [INFO] IPUIPlugin:80 - create IPUIPlugin
2025-05-03 20:21:31,516 [INFO] PluginManager:220 - loadIPPluginJar : add opamp
2025-05-03 20:21:31,598 [INFO] ThirdPartyUpdaterWithRetryManager:70 - Updater plugin not ready yet. [2/15]
2025-05-03 20:21:31,608 [INFO] IPUIPlugin:80 - create IPUIPlugin
2025-05-03 20:21:31,609 [INFO] PluginManager:220 - loadIPPluginJar : add openamp
2025-05-03 20:21:31,676 [INFO] IPUIPlugin:80 - create IPUIPlugin
2025-05-03 20:21:31,676 [INFO] PluginManager:220 - loadIPPluginJar : add pdm2pcm
2025-05-03 20:21:31,697 [INFO] IPUIPlugin:80 - create IPUIPlugin
2025-05-03 20:21:31,701 [INFO] PluginManager:220 - loadIPPluginJar : add plateformsettings
2025-05-03 20:21:31,776 [INFO] IPUIPlugin:80 - create IPUIPlugin
2025-05-03 20:21:31,776 [INFO] PluginManager:220 - loadIPPluginJar : add quadspi
2025-05-03 20:21:31,841 [INFO] IPUIPlugin:80 - create IPUIPlugin
2025-05-03 20:21:31,844 [INFO] PluginManager:220 - loadIPPluginJar : add radio
2025-05-03 20:21:31,867 [INFO] IPUIPlugin:80 - create IPUIPlugin
2025-05-03 20:21:31,867 [INFO] PluginManager:220 - loadIPPluginJar : add resmgrutility
2025-05-03 20:21:31,951 [INFO] IPUIPlugin:80 - create IPUIPlugin
2025-05-03 20:21:31,952 [INFO] PluginManager:220 - loadIPPluginJar : add sai
2025-05-03 20:21:32,013 [INFO] IPUIPlugin:80 - create IPUIPlugin
2025-05-03 20:21:32,014 [INFO] PluginManager:220 - loadIPPluginJar : add spi
2025-05-03 20:21:32,139 [INFO] IPUIPlugin:80 - create IPUIPlugin
2025-05-03 20:21:32,140 [INFO] PluginManager:220 - loadIPPluginJar : add stm32_wpan
2025-05-03 20:21:32,181 [INFO] IPUIPlugin:80 - create IPUIPlugin
2025-05-03 20:21:32,182 [INFO] PluginManager:220 - loadIPPluginJar : add tim
2025-05-03 20:21:32,281 [INFO] IPUIPlugin:80 - create IPUIPlugin
2025-05-03 20:21:32,282 [INFO] PluginManager:220 - loadIPPluginJar : add touchsensing
2025-05-03 20:21:32,323 [INFO] IPUIPlugin:80 - create IPUIPlugin
2025-05-03 20:21:32,323 [INFO] PluginManager:220 - loadIPPluginJar : add tracer_emb
2025-05-03 20:21:32,367 [INFO] IPUIPlugin:80 - create IPUIPlugin
2025-05-03 20:21:32,368 [INFO] PluginManager:220 - loadIPPluginJar : add ts
2025-05-03 20:21:32,412 [INFO] IPUIPlugin:80 - create IPUIPlugin
2025-05-03 20:21:32,412 [INFO] PluginManager:220 - loadIPPluginJar : add tsc
2025-05-03 20:21:32,453 [INFO] IPUIPlugin:80 - create IPUIPlugin
2025-05-03 20:21:32,454 [INFO] PluginManager:220 - loadIPPluginJar : add ucpd
2025-05-03 20:21:32,535 [INFO] IPUIPlugin:80 - create IPUIPlugin
2025-05-03 20:21:32,535 [INFO] PluginManager:220 - loadIPPluginJar : add usart
2025-05-03 20:21:32,617 [INFO] IPUIPlugin:80 - create IPUIPlugin
2025-05-03 20:21:32,617 [INFO] PluginManager:220 - loadIPPluginJar : add usbx
2025-05-03 20:21:32,786 [FATAL] Updater:351 - Updater called before beeing initialized
2025-05-03 20:21:32,835 [INFO] RulesReader:64 - Compatibility file has been processed (302 Rules)
2025-05-03 20:21:32,859 [INFO] RulesReader:64 - Compatibility file has been processed (302 Rules)
2025-05-03 20:21:32,873 [INFO] CADModel:165 - CPN selected for project level
2025-05-03 20:21:32,874 [INFO] CADModel:114 - Register for checkConnection events
2025-05-03 20:21:32,874 [FATAL] Updater:351 - Updater called before beeing initialized
2025-05-03 20:21:32,874 [ERROR] CADModel:125 - Updater not yet initialized, retry later 
2025-05-03 20:21:33,086 [FATAL] Updater:351 - Updater called before beeing initialized
2025-05-03 20:21:33,088 [INFO] CADModel:165 - CPN selected for project level
2025-05-03 20:21:33,089 [INFO] CADModel:114 - Register for checkConnection events
2025-05-03 20:21:33,089 [FATAL] Updater:351 - Updater called before beeing initialized
2025-05-03 20:21:33,089 [ERROR] CADModel:125 - Updater not yet initialized, retry later 
2025-05-03 20:21:33,093 [FATAL] Updater:351 - Updater called before beeing initialized
2025-05-03 20:21:33,283 [FATAL] Updater:351 - Updater called before beeing initialized
2025-05-03 20:21:33,298 [INFO] DbMcusAds:53 - JSON generation date=Thu Sep 30 07:55:09 BST 2021 (1632984909247)
2025-05-03 20:21:33,299 [FATAL] Updater:351 - Updater called before beeing initialized
2025-05-03 20:21:33,350 [WARN] DetailPanel:346 - Failed to get advertising image, set to default
2025-05-03 20:21:33,716 [FATAL] Updater:351 - Updater called before beeing initialized
2025-05-03 20:21:33,718 [FATAL] Updater:351 - Updater called before beeing initialized
2025-05-03 20:21:33,719 [FATAL] Updater:351 - Updater called before beeing initialized
2025-05-03 20:21:33,719 [WARN] DetailPanel:346 - Failed to get advertising image, set to default
2025-05-03 20:21:33,721 [FATAL] Updater:351 - Updater called before beeing initialized
2025-05-03 20:21:33,823 [ERROR] Updater:1198 - MainUpdater not yet initialized. External WinMGr cannot be set.
2025-05-03 20:21:33,843 [INFO] Updater:1134 - Updater Version found : 6.14.1
2025-05-03 20:21:33,861 [INFO] ApplicationProperties:184 - Using Application install path: C:\ST\STM32CubeIDE_1.13.1\STM32CubeIDE\plugins\com.st.stm32cube.common.mx_6.14.1.202504091515
2025-05-03 20:21:34,600 [INFO] ThirdPartyUpdaterWithRetryManager:70 - Updater plugin not ready yet. [3/15]
2025-05-03 20:21:35,452 [ERROR] LogOutputStream:75 - [STDERR_REDIRECT] May 03, 2025 8:21:35 PM java.util.prefs.WindowsPreferences <init>
2025-05-03 20:21:35,454 [ERROR] LogOutputStream:75 - [STDERR_REDIRECT] WARNING: Could not open/create prefs root node Software\JavaSoft\Prefs at root 0xffffffff80000002. Windows RegCreateKeyEx(...) returned error code 5.
2025-05-03 20:21:35,454 [ERROR] LogOutputStream:75 - [STDERR_REDIRECT] 
2025-05-03 20:21:36,028 [INFO] MainUpdater:2872 - connection check result : 10
2025-05-03 20:21:36,029 [INFO] MainUpdater:289 - Updater Check For Update Now.
2025-05-03 20:21:36,029 [INFO] MicroXplorer:498 - Change Database Version : DB.6.0.141
2025-05-03 20:21:36,059 [INFO] McuFinderGlobals:63 - Set McuFinder mode to 2 (CubeIDE integrated)
2025-05-03 20:21:36,068 [INFO] UserAuth:484 - Internet connection configuration mode: 1
2025-05-03 20:21:36,109 [INFO] JxBrowserEngine:152 - Initiate JxBrowser Engine with user profile folder
2025-05-03 20:21:36,375 [INFO] CheckServerUpdateThread:120 - End of CheckServer Thread
2025-05-03 20:21:38,244 [INFO] WebApp:169 - Instantiating new browser for Auth
2025-05-03 20:21:38,383 [WARN] PackLoader:240 - Cannot read IP mode file for STMicroelectronics.FP-ATR-ASTRA1.2.0.2
2025-05-03 20:21:38,568 [WARN] PackLoader:240 - Cannot read IP mode file for STMicroelectronics.FP-ATR-ASTRA1.2.0.1
2025-05-03 20:21:38,659 [WARN] PackLoader:240 - Cannot read IP mode file for STMicroelectronics.X-CUBE-SMBUS.2.1.0
2025-05-03 20:21:38,731 [WARN] PackLoader:240 - Cannot read IP mode file for STMicroelectronics.X-CUBE-WB05N.1.1.0
2025-05-03 20:21:38,861 [WARN] PackLoader:240 - Cannot read IP mode file for STMicroelectronics.X-CUBE-TOUCHGFX.4.23.0
2025-05-03 20:21:38,882 [WARN] PackLoader:240 - Cannot read IP mode file for STMicroelectronics.X-CUBE-TOUCHGFX.4.23.2
2025-05-03 20:21:39,138 [WARN] PackLoader:240 - Cannot read IP mode file for STMicroelectronics.X-CUBE-AZRTOS-F7.1.1.0
2025-05-03 20:21:39,421 [WARN] PackLoader:240 - Cannot read IP mode file for STMicroelectronics.FP-SNS-MOTENV1.4.3.2
2025-05-03 20:21:39,764 [WARN] PackLoader:240 - Cannot read IP mode file for STMicroelectronics.X-CUBE-MEMS1.11.0.0
2025-05-03 20:21:40,038 [WARN] PackLoader:240 - Cannot read IP mode file for STMicroelectronics.FP-SNS-FLIGHT1.5.0.2
2025-05-03 20:21:40,077 [WARN] PackLoader:240 - Cannot read IP mode file for STMicroelectronics.X-CUBE-DISPLAY.3.0.0
2025-05-03 20:21:40,151 [WARN] PackLoader:240 - Cannot read IP mode file for STMicroelectronics.X-CUBE-BLE1.7.0.0
2025-05-03 20:21:40,152 [ERROR] LogOutputStream:75 - [STDERR_REDIRECT] 
