ADAU145X Assembler, Analog Devices Inc.
Version: 3.3.0,0  (built 11/27/2025)

##### Compile Started: Thursday, 05 February 2026 15:47:49 #####
ADAU145X Assembler, Analog Devices Inc.
Version: 3.3.0,0  (built 11/27/2025)

##### Compile Started: Thursday, 05 February 2026 15:47:49 #####
##### Compile succeeded:  0 errors, 0 warnings #####

##### Summary #####
DM0 RAM used:       00024    (of 40960)
DM1 RAM used:       00014    (of 40960)
PM  RAM used(Data): 00000    (of 24576)
PM  RAM used(Inst): 00092    (of 24576) 81 instructions (32bit: 70  64bit: 11)
Total PM used:      00092    (of 24576)

--------------------------------------------------------------------------------------
STREAM                        Inst      Inst      DM0     DM1     PM
Instance                      (cycles)  (size)    
--------------------------------------------------------------------------------------
STACK                          -         -        16      0       0       
FRAMEWORK                     60        42        4       8       0
Input0to15_7                  4         4         0       2       0
Output_15                     2         2         0       0       0
Output_14                     2         2         0       0       0
--------------------------------------------------------------------------------------
Total                         68        50        20      10      0
--------------------------------------------------------------------------------------
(% Fs=48.0kHz)                2%        1%        1%      1%      0%


======================================================================================
                                    Total Percentage 
======================================================================================
FRAMEWORK                   Inst(%)   Inst(%)    DM0(%)  DM1(%)  PM(%)
Instance                   (cycles)   (size)  
======================================================================================
STREAM                        2         1         1       1       0
======================================================================================
Total %                       2         1         1       1       0
======================================================================================

