16:27:34 relay oN115200 H1S4-PDL1
16:27:35 app V: b'P1 1.0-s167-cc uid=203836484D435011003B0070 optr=FFFFFEAA'
16:33:00 !BOOT -> b'\x00\xf8!BOO'
16:33:00 relay oE115200 H1S4-PDL1
16:33:00 sync ACK
16:33:00 before: OPTR=0xFBFFFEAA RDP=0xAA nBOOT_SEL=1 nBOOT1=1 nBOOT0=0 NRST_MODE=3
16:33:00 mass erase ACK
16:33:03 block  0 @0x08000000 ACK
16:33:04 block  1 @0x08000040 ACK
16:33:05 block  2 @0x08000080 ACK
16:33:06 block  3 @0x080000C0 ACK
16:33:07 block  4 @0x08000100 ACK
16:33:08 block  5 @0x08000140 ACK
16:33:09 block  6 @0x08000180 ACK
16:33:10 block  7 @0x080001C0 ACK
16:33:11 block  8 @0x08000200 ACK
16:33:12 block  9 @0x08000240 ACK
16:33:13 block 10 @0x08000280 ACK
16:33:13 block 11 @0x080002C0 FAILED: Write: got 02  <-- power cut
16:33:19 sync got 00
16:33:20 ROM back after cut: True (6.1 s after the failed block)
16:33:20 Get ID 0x453
16:33:20 after cut: OPTR=0xFBFFFEAA RDP=0xAA nBOOT_SEL=1 nBOOT1=1 nBOOT0=0 NRST_MODE=3
16:33:20 flash after cut, first 704 B match image: True
16:33:23 RETRY FLASH: {'erase_s': 0.04, 'write_s': 2.03, 'verify_s': 1.27, 'verified_bytes': 2648, 'go': True, 'total_s': 3.36}
16:33:25 relay oN115200 H1S4-PDL1
16:33:26 app V: b'P1 1.0-s167-cc uid=203836484D435011003B0070 optr=FFFFFEAA\n'
16:33:26 all on b':\n'
16:33:26 i H1S4-PDL1 open=1 fmt=N115200 rx=9713 tx=10189 err=4 drop=0
