16:02:59 pass 1 LD1      b'L0001\n'
16:03:03 pass 1 LD2      b'L0002\n'
16:03:06 pass 1 LD3      b'L0004\n'
16:03:10 pass 1 LD4      b'L0008\n'
16:03:13 pass 1 seg a    b'L0010\n'
16:03:17 pass 1 seg b    b'L0020\n'
16:03:20 pass 1 seg c    b'L0040\n'
16:03:24 pass 1 seg d    b'L0080\n'
16:03:27 pass 1 seg e    b'L0100\n'
16:03:31 pass 1 seg f    b'L0200\n'
16:03:34 pass 1 seg g    b'L0400\n'
16:03:38 pass 1 L(pin6)  b'L0800\n'
16:03:41 pass 1 DP       b'L1000\n'
16:03:45 pass 2 LD1      b'L0001\n'
16:03:48 pass 2 LD2      b'L0002\n'
16:03:52 pass 2 LD3      b'L0004\n'
16:03:55 pass 2 LD4      b'L0008\n'
16:03:59 pass 2 seg a    b'L0010\n'
16:04:02 pass 2 seg b    b'L0020\n'
16:04:06 pass 2 seg c    b'L0040\n'
16:04:09 pass 2 seg d    b'L0080\n'
16:04:13 pass 2 seg e    b'L0100\n'
16:04:16 pass 2 seg f    b'L0200\n'
16:04:20 pass 2 seg g    b'L0400\n'
16:04:23 pass 2 L(pin6)  b'L0800\n'
16:04:27 pass 2 DP       b'L1000\n'
16:04:30 all on b':\n'
16:04:30 i H1S4-PDL1 open=1 fmt=N115200 rx=2788 tx=2878 err=1 drop=0
