16:25:00 pass 1 LD1       b'L0001\n'
16:25:04 pass 1 LD2       b'L0002\n'
16:25:08 pass 1 LD3       b'L0004\n'
16:25:12 pass 1 LD4       b'L0008\n'
16:25:16 pass 1 seg a     b'L0010\n'
16:25:20 pass 1 seg b     b'L0020\n'
16:25:24 pass 1 seg c     b'L0040\n'
16:25:28 pass 1 seg d     b'L0080\n'
16:25:32 pass 1 seg e     b'L0100\n'
16:25:36 pass 1 seg f     b'L0200\n'
16:25:40 pass 1 seg g     b'L0400\n'
16:25:44 pass 1 left dot  b'L0800\n'
16:25:48 pass 1 right dot b'L1000\n'
16:25:52 pass 2 LD1       b'L0001\n'
16:25:56 pass 2 LD2       b'L0002\n'
16:26:00 pass 2 LD3       b'L0004\n'
16:26:04 pass 2 LD4       b'L0008\n'
16:26:08 pass 2 seg a     b'L0010\n'
16:26:12 pass 2 seg b     b'L0020\n'
16:26:16 pass 2 seg c     b'L0040\n'
16:26:20 pass 2 seg d     b'L0080\n'
16:26:24 pass 2 seg e     b'L0100\n'
16:26:28 pass 2 seg f     b'L0200\n'
16:26:32 pass 2 seg g     b'L0400\n'
16:26:36 pass 2 left dot  b'L0800\n'
16:26:40 pass 2 right dot b'L1000\n'
16:26:44 all on b':\n'
