=== A. RAILS DOWN (AN_EN lo), 595 at the SAFE image ===
26: op -- pd | lo // GPIO26 = output
27: ip    pu | hi // GPIO27 = input
-- rails down / chain SAFE
_buf_C1_XIN_CODEC_01     10 distinct  0000b960 000049e0 ffff7980 0000e900 00012a60 fffe26e0 ffffa1e0 00016ae0 00004340 ffff6a00
_buf_C1_XIN_CODEC_02     10 distinct  00005500 000060a0 000026a0 ffffc260 00012a60 00006c00 ffffbfc0 00000520 ffffa080 fffefe60
_buf_C1_XIN_CODEC_03     10 distinct  00000e40 000007a0 ffffff80 00000020 fffff480 fffff340 00000d60 fffffbe0 fffff200 000009e0
_buf_C1_XIN_CODEC_04     10 distinct  000000e0 00000de0 00004ca0 00001d20 000046a0 00001ce0 000031a0 00001720 00003840 fffffe60
_buf_C1_IN_01            1  distinct  00000000 00000000 00000000 00000000 00000000 00000000 00000000 00000000 00000000 00000000
_buf_C1_IN_02            1  distinct  00000000 00000000 00000000 00000000 00000000 00000000 00000000 00000000 00000000 00000000
_buf_C1_IN_05            1  distinct  00000000 00000000 00000000 00000000 00000000 00000000 00000000 00000000 00000000 00000000
_buf_C1_IN_09            1  distinct  00000000 00000000 00000000 00000000 00000000 00000000 00000000 00000000 00000000 00000000
_buf_C1_IN_17            1  distinct  00000000 00000000 00000000 00000000 00000000 00000000 00000000 00000000 00000000 00000000
_buf_C1_XIN_MEMS         1  distinct  ffffffff ffffffff ffffffff ffffffff ffffffff ffffffff ffffffff ffffffff ffffffff ffffffff

=== B. RAILS UP (AN_EN hi -- authorised for gate 0 only), 595 SAFE ===
26: op -- pd | hi // GPIO26 = output
-- rails up / chain SAFE
_buf_C1_XIN_CODEC_01     10 distinct  fffee300 0000a020 0000bc60 00006720 ffff1ba0 00005220 fffe9260 000158e0 00006640 00013ce0
_buf_C1_XIN_CODEC_02     10 distinct  00001540 00007a20 00002d20 ffff3f20 ffff1be0 fffe43c0 fffff460 ffffd360 00002be0 000074a0
_buf_C1_XIN_CODEC_03     10 distinct  00000400 00000200 fffff540 fffff2c0 fffffa60 00002160 fffff9e0 fffffe40 000001c0 00001b00
_buf_C1_XIN_CODEC_04     10 distinct  ffffea00 00004220 00002560 ffffd480 000013c0 00006340 000040c0 fffff940 ffffe8c0 00000760
_buf_C1_IN_01            1  distinct  00000000 00000000 00000000 00000000 00000000 00000000 00000000 00000000 00000000 00000000
_buf_C1_IN_02            1  distinct  00000000 00000000 00000000 00000000 00000000 00000000 00000000 00000000 00000000 00000000
_buf_C1_IN_05            1  distinct  00000000 00000000 00000000 00000000 00000000 00000000 00000000 00000000 00000000 00000000
_buf_C1_IN_09            1  distinct  00000000 00000000 00000000 00000000 00000000 00000000 00000000 00000000 00000000 00000000
_buf_C1_IN_17            1  distinct  00000000 00000000 00000000 00000000 00000000 00000000 00000000 00000000 00000000 00000000
_buf_C1_XIN_MEMS         1  distinct  ffffffff ffffffff ffffffff ffffffff ffffffff ffffffff ffffffff ffffffff ffffffff ffffffff

=== C. 595 UNMUTED at maximum gain (0xFC), rails still up ===
environment: line 4: bc: command not found
  sent : 0xFC x24 + 0x00
  pass1: 11001001 11100000 11110001 00100000 00000000 00000000 00000000 00000000 00000000 11100000 11111110 00000000 00000000 00000000 00000000 00000000 00000000 11100000 11111110 00000000 00000000 00000000 00000000 00000000 00000000 
  VERIFIED 200/200 at 0xFC
27: ip    pu | hi // GPIO27 = input
-- rails up / chain UNMUTED gain 63
_buf_C1_XIN_CODEC_01     10 distinct  ffff11c0 ffff79e0 fffec580 ffff5a80 00008da0 fffff120 00014b20 00005460 00001a40 0000cb40
_buf_C1_XIN_CODEC_02     10 distinct  ffffb420 ffffb3c0 000045c0 ffff5b80 ffff6cc0 00008640 ffff57e0 ffff5ca0 fffea540 ffff4180
_buf_C1_XIN_CODEC_03     10 distinct  00000140 000003a0 fffffd80 00000540 00001fe0 00000180 ffffea40 fffff440 fffffc40 fffffa80
_buf_C1_XIN_CODEC_04     10 distinct  fffff180 00002040 00000200 fffff5e0 ffffd380 00001f80 000003e0 000016a0 ffffbb80 ffffae40
_buf_C1_IN_01            1  distinct  00000000 00000000 00000000 00000000 00000000 00000000 00000000 00000000 00000000 00000000
_buf_C1_IN_02            1  distinct  00000000 00000000 00000000 00000000 00000000 00000000 00000000 00000000 00000000 00000000
_buf_C1_IN_05            1  distinct  00000000 00000000 00000000 00000000 00000000 00000000 00000000 00000000 00000000 00000000
_buf_C1_IN_09            1  distinct  00000000 00000000 00000000 00000000 00000000 00000000 00000000 00000000 00000000 00000000
_buf_C1_IN_17            1  distinct  00000000 00000000 00000000 00000000 00000000 00000000 00000000 00000000 00000000 00000000
_buf_C1_XIN_MEMS         1  distinct  ffffffff ffffffff ffffffff ffffffff ffffffff ffffffff ffffffff ffffffff ffffffff ffffffff

=== D. the 595 SAFE image back on the chain, and the rails down ===
environment: line 4: bc: command not found
  sent : 0x01 x24 + 0x00
  pass1: 11001001 11100000 11110001 00100000 00000000 00000000 00000000 00000000 00000000 11100000 11111110 00000000 00000000 00000000 00000000 00000000 00000000 11100000 11111110 00000000 00000000 00000000 00000000 00000000 00000000 
  VERIFIED 200/200 at 0x01
27: ip    pu | hi // GPIO27 = input
26: op -- pd | lo // GPIO26 = output
