  image: chip1.ldr 7d73e79a chip2.ldr ef85c658  (shipping float configuration)
/tmp/landed-d24.json  3989 cells  sha256 220a14eca190  pin defs-v2026.09.19.3
landed contract: d24  pin defs-v2026.09.19.3  sha256 220a14eca190  3989 cells

== cross-check: transcribed constants vs the landed contract ==
  cross-check: 25 of 25 transcribed constants agree with the landed contract

== chip 1 ==
  chip 1 build_cfg 0xCF45FF10
  chip 1 ready, healthy=True

== numeric (chip 1) ==
  zero sentinel: _scope_len = 1024
--- numeric: COMPRESSOR (COMP)
--- COMP: the makeup second rounding and the parallel blend (D28)
  build arm: DIAG_BUILD_CFG2 0xE2018E7F — GATE_LINTHR=1 DYN_LUT=1, block 16
  cvt comp makeup -> Q4.28                                    367756576 /    367756576  ok
  cvt comp parallel blend (D40: PERCENT on the wire)         2147483647 /   2147483647  ok
  cvt comp threshold -> Q6.25 log2                           -167198112 /   -167198112  ok
  cvt comp slope (1 - 1/ratio) -> Q0.31                      1610612736 /   1610612736  ok
  cvt comp half-knee (hard knee: zero)                                0 /            0  ok
  cvt comp k2 (hard knee: zero)                                       0 /            0  ok
  node state unreadable — no verdict for this node
--- numeric: FADER_PAN (FDR)
--- FDR: the pan law and the level coefficient (D31)
  cvt fdr level coefficient                                    99321120 /     99321120  ok
  cvt fdr LEFT pan leg (linear law; D42 open)                 183217856 /    183341408  <-- MISMATCH
  cvt fdr RIGHT pan leg                                        85217608 /     85094040  <-- MISMATCH
  2 converted parameter(s) do NOT match the model — the sample path below would be measuring the wrong coefficients, so it is not run for this node
--- numeric: GATE (GATE)
--- GATE: the hold/range/smoother ladder (D30)
  cvt gate range floor (D39: dB on the wire)                    2684355 /      2684355  ok
  cvt gate threshold -> Q4.28 LINEAR (GATE_LINTHR)              2684355 /      2684355  ok
  cvt gate attack alpha -> Q0.31                              107374184 /    107374184  ok
  node state unreadable — no verdict for this node
--- numeric: TUBE_SAT (TUBE)
--- TUBE: the three chained roundings, PLUGIN-CLASS (D29)
  cvt tube saturation cell (unit UNDECLARED, D65)          0.8587999939918518 -> Q4.28 230532368
  step     amp 0x1A6F2E93  model 64 of 64 bit-exact   negative control differs in 64 of 64 (predicted 64)
  impulse  amp 0x1A6F2E93  model 64 of 64 bit-exact   negative control differs in 1 of 64 (predicted 1)
--- numeric: BQCVT SKIPPED — this image is the FLOAT cascade; its bit-exact bar is bqeverify.sh float against bq_float_ref

== audio ==
  audio: COMPRESSOR   _buf_C1_COMP_01          floor 64/147 moved 64/104418622 peak 0x06BD8E64->0x00844126 -> LIVE
  audio: DELAY        _buf_C1_DLY_01           floor 0/0 moved 46/9679024 peak 0x0093B0B4->0x0093B0B4 -> LIVE
  audio: EQ_BIQUAD    _buf_C1_EQ_01            floor 0/0 moved 64/82363168 peak 0x08000000->0x086D9A40 -> LIVE
  audio: FADER_PAN    _buf_C1_FDR_01           floor 0/0 moved 64/53667955 peak 0x0443E09A->0x0110F827 -> LIVE
  audio: GAIN         _buf_C1_GAIN_01          floor 0/0 moved 64/402653184 peak 0x08000000->0x20000000 -> LIVE
  audio: GATE         _buf_C1_GATE_01          floor 0/0 moved 64/82225841 peak 0x04FB268C->0x00147BDB -> LIVE
  audio: HPF_LPF      _buf_C1_FILT_01          floor 0/0 moved 51/4294967295 peak 0x08000000->0x0583A318 -> LIVE
  audio: MATRIX       _buf_C1_BUS_MTX_01       floor 0/0 moved 64/53667947 peak 0x0443E0AB->0x0110F840 -> LIVE
  audio: METER        no probe point — read-only peak/rms/gr words; changes no sample, so its verdict is the readback against the capture
  meter: captured 0.500000  word 0x3E819B7E = 0.253139 as float32 / 3.906642 as Q4.28 -> NO_VERDICT
  audio: NOISE_GEN    _buf_C1_NOISE            floor 0/0 moved 64/4274685694 peak 0x00000000->0x0FFEED30 -> LIVE
  audio: ROUTING      _buf_C1_BUS_AUX_01       floor 0/0 moved 64/53667947 peak 0x0443E0AB->0x0110F840 -> LIVE
  audio: TALKBACK     _buf_C1_TALK_01          floor 64/4294964736 moved 64/4294962240 peak 0x00006BC0->0x0001A880 -> NO_FLOOR
  audio: TUBE_SAT     _buf_C1_TUBE_01          floor 0/0 moved 64/66472384 peak 0x0443E09A->0x083A2A5A -> LIVE

== contract ==
- COMPRESSOR (C1_COMP_01, 544 cells)
  contract: 17 of 17 rw cells on C1_COMP_01 answer at their landed address
- DELAY (C1_DLY_01, 34 cells)
  contract: 1 of 1 rw cells on C1_DLY_01 answer at their landed address
- EQ_BIQUAD (C1_EQ_01, 625 cells)
  contract: 14 of 14 rw cells on C1_EQ_01 answer at their landed address
- FADER_PAN (C1_FDR_01, 122 cells)
  contract: 3 of 3 rw cells on C1_FDR_01 answer at their landed address
- GAIN (C1_GAIN_01, 96 cells)
  contract: 2 of 2 rw cells on C1_GAIN_01 answer at their landed address
- GATE (C1_GATE_01, 336 cells)
  contract: 12 of 12 rw cells on C1_GATE_01 answer at their landed address
- HPF_LPF (C1_FILT_01, 72 cells)
  contract: 3 of 3 rw cells on C1_FILT_01 answer at their landed address
- MATRIX (C1_RTG_01, 0 cells)
  contract: 4 of 4 rw cells on C1_RTG_01 answer at their landed address
- METER (C1_MTR_01, 118 cells)
  contract: 0 of 0 rw cells on C1_MTR_01 answer at their landed address
- NOISE_GEN (C1_NOISE, 3 cells)
  contract: 3 of 3 rw cells on C1_NOISE answer at their landed address
- ROUTING (C1_RTG_01, 1104 cells)
  contract: 46 of 46 rw cells on C1_RTG_01 answer at their landed address
- TALKBACK (C1_TALK_01, 8 cells)
  contract: 4 of 4 rw cells on C1_TALK_01 answer at their landed address
- TUBE_SAT (C1_TUBE_01, 48 cells)
  contract: 2 of 2 rw cells on C1_TUBE_01 answer at their landed address

== chip 2 ==
  chip 2 build_cfg 0xCF45FF10
  chip 2 ready, healthy=True

== audio ==
  audio: ANTI_FB      _buf_C2_AUX_AFB_01       floor 0/0 moved 64/4293815582 peak 0x08000000->0x1D1A50C0 -> LIVE
  audio: AUX_INPUT    no stimulus path on this bench
  audio: CROSSOVER    _buf_C2_MAIN_OEQ_01      floor 64/12116904 moved 64/4280841293 peak 0x02FA3EAC->0x03755D54 -> LIVE
  audio: DCA          no probe point — HOST-MANAGED since the 2026-08-30 ruling (D57) — the DSP applies no DCA gain, so there is nothing on the part for an audio probe to find
  audio: FX_ENGINE    _buf_C2_FX_ENG_01        floor 0/0 moved 2/4294967295 peak 0x08000000->0x00000001 -> LIVE
  audio: FX_RETURN    _buf_C2_MIX_MAIN_L       floor 45/2013265899 moved 64/2113929104 peak 0x7FFFFFFF->0x7D254F72 -> LIVE
  audio: GEQ          _buf_C2_AUX_GEQ_01       floor 0/0 moved 64/4281319638 peak 0x08000000->0x1A1BE600 -> LIVE
  audio: LIMITER      _buf_C2_AUX_LIM_01       floor 64/79998 moved 64/38777947 peak 0x02630B45->0x001356EA -> LIVE
  audio: MATRIX_OUT   _buf_C2_MTX_FDR_01       floor 0/0 moved 64/100663296 peak 0x08000000->0x02000000 -> LIVE
  audio: MIX_BUS      _buf_C2_MIX_AUX_01       floor 48/2013265919 moved 51/2113929215 peak 0x7FFFFFFF->0x7FFFFFFF -> LIVE
  audio: MONITOR      _buf_C2_MON              floor 53/85797852 moved 64/121956563 peak 0x08000000->0x02000000 -> LIVE

== contract ==
- ANTI_FB (C2_AUX_AFB_01, 160 cells)
  contract: 20 of 20 rw cells on C2_AUX_AFB_01 answer at their landed address
- AUX_INPUT (C2_BT_IN, 8 cells)
  contract: 2 of 2 rw cells on C2_BT_IN answer at their landed address
- CROSSOVER (C2_MAIN_XOVER, 8 cells)
  contract: 8 of 8 rw cells on C2_MAIN_XOVER answer at their landed address
- DCA (C2_DCA_01, 16 cells)
  contract: 2 of 2 rw cells on C2_DCA_01 answer at their landed address
- FX_ENGINE (C2_FX_ENG_01, 114 cells)
  contract: 16 of 16 rw cells on C2_FX_ENG_01 answer at their landed address
- FX_RETURN (C2_FX_FDR_01, 0 cells)
  contract: 2 of 2 rw cells on C2_FX_FDR_01 answer at their landed address
- GEQ (C2_AUX_GEQ_01, 403 cells)
  contract: 31 of 31 rw cells on C2_AUX_GEQ_01 answer at their landed address
- LIMITER (C2_AUX_LIM_01, 48 cells)
  contract: 4 of 4 rw cells on C2_AUX_LIM_01 answer at their landed address
- MATRIX_OUT (C2_MTX_FDR_01, 0 cells)
  contract: 4 of 4 rw cells on C2_MTX_FDR_01 answer at their landed address
- MIX_BUS (C2_MIX_AUX_01, 96 cells)
  contract: 4 of 4 rw cells on C2_MIX_AUX_01 answer at their landed address
- MONITOR (C2_MON, 3 cells)
  contract: 3 of 3 rw cells on C2_MON answer at their landed address

wrote famverify-20260920-1147.json

== summary ==
ANTI_FB      cells   160  contract  20/20   audio LIVE             numeric -           
AUX_INPUT    cells     8  contract   2/2    audio NO_STIMULUS_PATH numeric -           
COMPRESSOR   cells   544  contract  17/17   audio LIVE             numeric NO_STIMULUS 
CROSSOVER    cells     8  contract   8/8    audio LIVE             numeric -           
DCA          cells    16  contract   2/2    audio NO_PROBE         numeric -           
DELAY        cells    34  contract   1/1    audio LIVE             numeric -           
EQ_BIQUAD    cells   625  contract  14/14   audio LIVE             numeric NOT_APPLICABLE 
FADER_PAN    cells   122  contract   3/3    audio LIVE             numeric FAILED      
FX_ENGINE    cells   114  contract  16/16   audio LIVE             numeric -           
FX_RETURN    cells     0  contract   2/2    audio LIVE             numeric -           
GAIN         cells    96  contract   2/2    audio LIVE             numeric -           
GATE         cells   336  contract  12/12   audio LIVE             numeric NO_STIMULUS 
GEQ          cells   403  contract  31/31   audio LIVE             numeric -           
HPF_LPF      cells    72  contract   3/3    audio LIVE             numeric NOT_APPLICABLE 
LIMITER      cells    48  contract   4/4    audio LIVE             numeric -           
MATRIX       cells     0  contract   4/4    audio LIVE             numeric -           
MATRIX_OUT   cells     0  contract   4/4    audio LIVE             numeric -           
METER        cells   118  contract   0/0    audio NO_PROBE         numeric -           NO_VERDICT
MIX_BUS      cells    96  contract   4/4    audio LIVE             numeric -           
MONITOR      cells     3  contract   3/3    audio LIVE             numeric -           
NOISE_GEN    cells     3  contract   3/3    audio LIVE             numeric -           
OUTPUT_TDM   cells     8  contract   0/0    audio -                numeric -           
ROUTING      cells  1104  contract  46/46   audio LIVE             numeric -           
TALKBACK     cells     8  contract   4/4    audio NO_FLOOR         numeric -           
TEST_MEAS    cells     7  contract   0/0    audio -                numeric -           
TEST_OSC     cells     8  contract   0/0    audio -                numeric -           
TUBE_SAT     cells    48  contract   2/2    audio LIVE             numeric BIT_EXACT   
  report: goldens/famverify-20260920-1147.json
FULL rc=0
