>>> BENCH LOCKED: ./famverify.sh is waiting for the card (/tmp/dsp4-bench.lock).
>>> held by: pid=1445011 script=./latency.sh host=Peters-MBP started=2026-09-20T10:55:56Z
>>> BENCH LOCKED: ./famverify.sh acquired the card, proceeding.
  image: chip1.ldr 7d73e79a chip2.ldr ef85c658  (shipping float configuration)
/tmp/landed-d24.json  3989 cells  sha256 220a14eca190  pin defs-v2026.09.19.3
landed contract: d24  pin defs-v2026.09.19.3  sha256 220a14eca190  3989 cells

== cross-check: transcribed constants vs the landed contract ==
  cross-check: 25 of 25 transcribed constants agree with the landed contract

== chip 1 ==
  chip 1 build_cfg 0xCF45FF10
  chip 1 ready, healthy=True

== numeric (chip 1) ==
  zero sentinel: _scope_len = 1024
--- numeric: COMPRESSOR (COMP)
--- COMP: the makeup second rounding and the parallel blend (D28)
  build arm: DIAG_BUILD_CFG2 0xE2018E7F — GATE_LINTHR=1 DYN_LUT=1, block 16
  cvt comp makeup -> Q4.28                                    367756576 /    367756576  ok
  cvt comp parallel blend (D40: PERCENT on the wire)         2147483647 /   2147483647  ok
  cvt comp threshold -> Q6.25 log2                           -167198112 /   -167198112  ok
  cvt comp slope (1 - 1/ratio) -> Q0.31                      1610612736 /   1610612736  ok
  cvt comp half-knee (hard knee: zero)                                0 /            0  ok
  cvt comp k2 (hard knee: zero)                                       0 /            0  ok
  node state unreadable — no verdict for this node
--- numeric: BQCVT SKIPPED — this image is the FLOAT cascade; its bit-exact bar is bqeverify.sh float against bq_float_ref

== audio ==
  audio: COMPRESSOR   _buf_C1_COMP_01          floor 0/0 moved 64/174099163 peak 0x0AF5C27E->0x009537A3 -> LIVE

== contract ==
- COMPRESSOR (C1_COMP_01, 544 cells)
  contract: 17 of 17 rw cells on C1_COMP_01 answer at their landed address

wrote famverify-20260920-1216.json

== summary ==
ANTI_FB      cells   160  contract   0/0    audio -                numeric -           
AUX_INPUT    cells     8  contract   0/0    audio -                numeric -           
COMPRESSOR   cells   544  contract  17/17   audio LIVE             numeric NO_STIMULUS 
CROSSOVER    cells     8  contract   0/0    audio -                numeric -           
DCA          cells    16  contract   0/0    audio -                numeric -           
DELAY        cells    34  contract   0/0    audio -                numeric -           
EQ_BIQUAD    cells   625  contract   0/0    audio -                numeric -           
FADER_PAN    cells   122  contract   0/0    audio -                numeric -           
FX_ENGINE    cells   114  contract   0/0    audio -                numeric -           
GAIN         cells    96  contract   0/0    audio -                numeric -           
GATE         cells   336  contract   0/0    audio -                numeric -           
GEQ          cells   403  contract   0/0    audio -                numeric -           
HPF_LPF      cells    72  contract   0/0    audio -                numeric -           
LIMITER      cells    48  contract   0/0    audio -                numeric -           
METER        cells   118  contract   0/0    audio -                numeric -           
MIX_BUS      cells    96  contract   0/0    audio -                numeric -           
MONITOR      cells     3  contract   0/0    audio -                numeric -           
NOISE_GEN    cells     3  contract   0/0    audio -                numeric -           
OUTPUT_TDM   cells     8  contract   0/0    audio -                numeric -           
ROUTING      cells  1104  contract   0/0    audio -                numeric -           
TALKBACK     cells     8  contract   0/0    audio -                numeric -           
TEST_MEAS    cells     7  contract   0/0    audio -                numeric -           
TEST_OSC     cells     8  contract   0/0    audio -                numeric -           
TUBE_SAT     cells    48  contract   0/0    audio -                numeric -           
  report: goldens/famverify-20260920-1216.json
COMP rc=0
