-- test_already_carrying_says_so_at_once
ok   the glass says so the moment the prompt sees it already carrying
ok   the log says so too
ok   the removal+arrival rule itself is unchanged: this step still ends on the rise, after the removal
ok   ... and not before the removal was seen
-- test_a_lane_that_was_never_hot_gets_the_plain_screen
ok   a lane quiet at the prompt still arrives normally
ok   ... and never once says "already has signal"
-- test_p1_an_idle_lane_with_a_loud_peak_floor_still_arrives
ok   the OLD bug is real: peak vs RMS alone would have said hot0
ok   the FIXED station still arrives -- same instrument, no false removal demand
ok   ... at the plug-in, not after 40 s of a removal that could never come
ok   ... and the log shows hot0 False, on the peak floor, not the RMS one
-- test_p1_vs_p3_why_lane_1_differs_from_lane_3
ok   MIC 1's modelled gap clears `rise` -- this is the one hot0 broke on
ok   MIC 3's modelled gap does not -- consistent with it passing normally on the bench
ok   and on the fixed code MIC 3's own step arrives cleanly either way
-- test_a_loud_floor_sitting_still_is_never_named
ok   the asked-for lane times out honestly (nothing ever arrived)
ok   the noisy-floor lane is never named the whole run
ok   ... the sweep really ran (this is the path the bug lived in)
-- test_the_same_lane_genuinely_carrying_is_still_named
ok   a genuinely carrying lane is still named
ok   ... inside the proactive sweep's own bound, not the 20 s timeout or the 40 s hard stop
-- test_a_single_noisy_sweep_is_not_enough_it_has_to_hold
ok   one noisy sweep, gone on the next, is never named
ok   ... the sweep really ran more than once, so this proved something
-- test_s145_still_passes
ok   patch_auto_advance_check.py (S145) still passes

all checks passed -- no unit, no bus, no serial port, no write, no rails
