arm-none-eabi-gcc "../Drivers/STM32U5xx_HAL_Driver/Src/stm32u5xx_hal.c" -mcpu=cortex-m33 -std=gnu11 -g3 -DDEBUG -DUSE_HAL_DRIVER -DSTM32U575xx -c -I../Core/Inc -I../Drivers/STM32U5xx_HAL_Driver/Inc -I../Drivers/STM32U5xx_HAL_Driver/Inc/Legacy -I../Drivers/CMSIS/Device/ST/STM32U5xx/Include -I../Drivers/CMSIS/Include -O0 -ffunction-sections -fdata-sections -Wall -fstack-usage -fcyclomatic-complexity -MMD -MP -MF"Drivers/STM32U5xx_HAL_Driver/Src/stm32u5xx_hal.d" -MT"Drivers/STM32U5xx_HAL_Driver/Src/stm32u5xx_hal.o" --specs=nano.specs -mfpu=fpv5-sp-d16 -mfloat-abi=hard -mthumb -o "Drivers/STM32U5xx_HAL_Driver/Src/stm32u5xx_hal.o"
arm-none-eabi-gcc "../Drivers/STM32U5xx_HAL_Driver/Src/stm32u5xx_hal_cortex.c" -mcpu=cortex-m33 -std=gnu11 -g3 -DDEBUG -DUSE_HAL_DRIVER -DSTM32U575xx -c -I../Core/Inc -I../Drivers/STM32U5xx_HAL_Driver/Inc -I../Drivers/STM32U5xx_HAL_Driver/Inc/Legacy -I../Drivers/CMSIS/Device/ST/STM32U5xx/Include -I../Drivers/CMSIS/Include -O0 -ffunction-sections -fdata-sections -Wall -fstack-usage -fcyclomatic-complexity -MMD -MP -MF"Drivers/STM32U5xx_HAL_Driver/Src/stm32u5xx_hal_cortex.d" -MT"Drivers/STM32U5xx_HAL_Driver/Src/stm32u5xx_hal_cortex.o" --specs=nano.specs -mfpu=fpv5-sp-d16 -mfloat-abi=hard -mthumb -o "Drivers/STM32U5xx_HAL_Driver/Src/stm32u5xx_hal_cortex.o"
arm-none-eabi-gcc "../Drivers/STM32U5xx_HAL_Driver/Src/stm32u5xx_hal_dma.c" -mcpu=cortex-m33 -std=gnu11 -g3 -DDEBUG -DUSE_HAL_DRIVER -DSTM32U575xx -c -I../Core/Inc -I../Drivers/STM32U5xx_HAL_Driver/Inc -I../Drivers/STM32U5xx_HAL_Driver/Inc/Legacy -I../Drivers/CMSIS/Device/ST/STM32U5xx/Include -I../Drivers/CMSIS/Include -O0 -ffunction-sections -fdata-sections -Wall -fstack-usage -fcyclomatic-complexity -MMD -MP -MF"Drivers/STM32U5xx_HAL_Driver/Src/stm32u5xx_hal_dma.d" -MT"Drivers/STM32U5xx_HAL_Driver/Src/stm32u5xx_hal_dma.o" --specs=nano.specs -mfpu=fpv5-sp-d16 -mfloat-abi=hard -mthumb -o "Drivers/STM32U5xx_HAL_Driver/Src/stm32u5xx_hal_dma.o"
arm-none-eabi-gcc "../Drivers/STM32U5xx_HAL_Driver/Src/stm32u5xx_hal_dma_ex.c" -mcpu=cortex-m33 -std=gnu11 -g3 -DDEBUG -DUSE_HAL_DRIVER -DSTM32U575xx -c -I../Core/Inc -I../Drivers/STM32U5xx_HAL_Driver/Inc -I../Drivers/STM32U5xx_HAL_Driver/Inc/Legacy -I../Drivers/CMSIS/Device/ST/STM32U5xx/Include -I../Drivers/CMSIS/Include -O0 -ffunction-sections -fdata-sections -Wall -fstack-usage -fcyclomatic-complexity -MMD -MP -MF"Drivers/STM32U5xx_HAL_Driver/Src/stm32u5xx_hal_dma_ex.d" -MT"Drivers/STM32U5xx_HAL_Driver/Src/stm32u5xx_hal_dma_ex.o" --specs=nano.specs -mfpu=fpv5-sp-d16 -mfloat-abi=hard -mthumb -o "Drivers/STM32U5xx_HAL_Driver/Src/stm32u5xx_hal_dma_ex.o"
arm-none-eabi-gcc "../Drivers/STM32U5xx_HAL_Driver/Src/stm32u5xx_hal_exti.c" -mcpu=cortex-m33 -std=gnu11 -g3 -DDEBUG -DUSE_HAL_DRIVER -DSTM32U575xx -c -I../Core/Inc -I../Drivers/STM32U5xx_HAL_Driver/Inc -I../Drivers/STM32U5xx_HAL_Driver/Inc/Legacy -I../Drivers/CMSIS/Device/ST/STM32U5xx/Include -I../Drivers/CMSIS/Include -O0 -ffunction-sections -fdata-sections -Wall -fstack-usage -fcyclomatic-complexity -MMD -MP -MF"Drivers/STM32U5xx_HAL_Driver/Src/stm32u5xx_hal_exti.d" -MT"Drivers/STM32U5xx_HAL_Driver/Src/stm32u5xx_hal_exti.o" --specs=nano.specs -mfpu=fpv5-sp-d16 -mfloat-abi=hard -mthumb -o "Drivers/STM32U5xx_HAL_Driver/Src/stm32u5xx_hal_exti.o"
arm-none-eabi-gcc "../Drivers/STM32U5xx_HAL_Driver/Src/stm32u5xx_hal_flash.c" -mcpu=cortex-m33 -std=gnu11 -g3 -DDEBUG -DUSE_HAL_DRIVER -DSTM32U575xx -c -I../Core/Inc -I../Drivers/STM32U5xx_HAL_Driver/Inc -I../Drivers/STM32U5xx_HAL_Driver/Inc/Legacy -I../Drivers/CMSIS/Device/ST/STM32U5xx/Include -I../Drivers/CMSIS/Include -O0 -ffunction-sections -fdata-sections -Wall -fstack-usage -fcyclomatic-complexity -MMD -MP -MF"Drivers/STM32U5xx_HAL_Driver/Src/stm32u5xx_hal_flash.d" -MT"Drivers/STM32U5xx_HAL_Driver/Src/stm32u5xx_hal_flash.o" --specs=nano.specs -mfpu=fpv5-sp-d16 -mfloat-abi=hard -mthumb -o "Drivers/STM32U5xx_HAL_Driver/Src/stm32u5xx_hal_flash.o"
arm-none-eabi-gcc "../Drivers/STM32U5xx_HAL_Driver/Src/stm32u5xx_hal_flash_ex.c" -mcpu=cortex-m33 -std=gnu11 -g3 -DDEBUG -DUSE_HAL_DRIVER -DSTM32U575xx -c -I../Core/Inc -I../Drivers/STM32U5xx_HAL_Driver/Inc -I../Drivers/STM32U5xx_HAL_Driver/Inc/Legacy -I../Drivers/CMSIS/Device/ST/STM32U5xx/Include -I../Drivers/CMSIS/Include -O0 -ffunction-sections -fdata-sections -Wall -fstack-usage -fcyclomatic-complexity -MMD -MP -MF"Drivers/STM32U5xx_HAL_Driver/Src/stm32u5xx_hal_flash_ex.d" -MT"Drivers/STM32U5xx_HAL_Driver/Src/stm32u5xx_hal_flash_ex.o" --specs=nano.specs -mfpu=fpv5-sp-d16 -mfloat-abi=hard -mthumb -o "Drivers/STM32U5xx_HAL_Driver/Src/stm32u5xx_hal_flash_ex.o"
arm-none-eabi-gcc "../Drivers/STM32U5xx_HAL_Driver/Src/stm32u5xx_hal_gpio.c" -mcpu=cortex-m33 -std=gnu11 -g3 -DDEBUG -DUSE_HAL_DRIVER -DSTM32U575xx -c -I../Core/Inc -I../Drivers/STM32U5xx_HAL_Driver/Inc -I../Drivers/STM32U5xx_HAL_Driver/Inc/Legacy -I../Drivers/CMSIS/Device/ST/STM32U5xx/Include -I../Drivers/CMSIS/Include -O0 -ffunction-sections -fdata-sections -Wall -fstack-usage -fcyclomatic-complexity -MMD -MP -MF"Drivers/STM32U5xx_HAL_Driver/Src/stm32u5xx_hal_gpio.d" -MT"Drivers/STM32U5xx_HAL_Driver/Src/stm32u5xx_hal_gpio.o" --specs=nano.specs -mfpu=fpv5-sp-d16 -mfloat-abi=hard -mthumb -o "Drivers/STM32U5xx_HAL_Driver/Src/stm32u5xx_hal_gpio.o"
arm-none-eabi-gcc: error: unrecognized command-line option '-fcyclomatic-complexity'
make: *** [Drivers/STM32U5xx_HAL_Driver/Src/subdir.mk:76: Drivers/STM32U5xx_HAL_Driver/Src/stm32u5xx_hal_cortex.o] Error 1
make: *** Waiting for unfinished jobs....
arm-none-eabi-gcc: error: unrecognized command-line option '-fcyclomatic-complexity'
make: *** [Drivers/STM32U5xx_HAL_Driver/Src/subdir.mk:76: Drivers/STM32U5xx_HAL_Driver/Src/stm32u5xx_hal_dma.o] Error 1
arm-none-eabi-gcc: error: unrecognized command-line option '-fcyclomatic-complexity'
make: *** [Drivers/STM32U5xx_HAL_Driver/Src/subdir.mk:76: Drivers/STM32U5xx_HAL_Driver/Src/stm32u5xx_hal_exti.o] Error 1
arm-none-eabi-gcc: error: unrecognized command-line option '-fcyclomatic-complexity'
arm-none-eabi-gcc: error: unrecognized command-line option '-fcyclomatic-complexity'
make: *** [Drivers/STM32U5xx_HAL_Driver/Src/subdir.mk:76: Drivers/STM32U5xx_HAL_Driver/Src/stm32u5xx_hal_dma_ex.o] Error 1
make: *** [Drivers/STM32U5xx_HAL_Driver/Src/subdir.mk:76: Drivers/STM32U5xx_HAL_Driver/Src/stm32u5xx_hal_flash_ex.o] Error 1
arm-none-eabi-gcc: error: unrecognized command-line option '-fcyclomatic-complexity'
arm-none-eabi-gcc: error: unrecognized command-line option '-fcyclomatic-complexity'
make: *** [Drivers/STM32U5xx_HAL_Driver/Src/subdir.mk:76: Drivers/STM32U5xx_HAL_Driver/Src/stm32u5xx_hal.o] Error 1
make: *** [Drivers/STM32U5xx_HAL_Driver/Src/subdir.mk:76: Drivers/STM32U5xx_HAL_Driver/Src/stm32u5xx_hal_gpio.o] Error 1
arm-none-eabi-gcc: error: unrecognized command-line option '-fcyclomatic-complexity'
make: *** [Drivers/STM32U5xx_HAL_Driver/Src/subdir.mk:76: Drivers/STM32U5xx_HAL_Driver/Src/stm32u5xx_hal_flash.o] Error 1
