ADAU145X Assembler, Analog Devices Inc.
Version: 3.3.0,0  (built 11/27/2025)

##### Compile Started: Thursday, 05 February 2026 15:47:48 #####
ADAU145X Assembler, Analog Devices Inc.
Version: 3.3.0,0  (built 11/27/2025)

##### Compile Started: Thursday, 05 February 2026 15:47:48 #####
##### Compile succeeded:  0 errors, 0 warnings #####

##### Summary #####
DM0 RAM used:       00024    (of 40960)
DM1 RAM used:       00025    (of 40960)
PM  RAM used(Data): 00000    (of 24576)
PM  RAM used(Inst): 00136    (of 24576) 125 instructions (32bit: 114  64bit: 11)
Total PM used:      00136    (of 24576)

--------------------------------------------------------------------------------------
STREAM                        Inst      Inst      DM0     DM1     PM
Instance                      (cycles)  (size)    
--------------------------------------------------------------------------------------
STACK                          -         -        16      0       0       
FRAMEWORK                     60        42        4       8       0
Input0to15_1                  26        26        0       13      0
Output_37                     2         2         0       0       0
Output_36                     2         2         0       0       0
Output_35                     2         2         0       0       0
Output_34                     2         2         0       0       0
Output_33                     2         2         0       0       0
Output_32                     2         2         0       0       0
Output_31                     2         2         0       0       0
Output_3                      2         2         0       0       0
Output_2                      2         2         0       0       0
Output_30                     2         2         0       0       0
Output_29                     2         2         0       0       0
Output_28                     2         2         0       0       0
Output_27                     2         2         0       0       0
--------------------------------------------------------------------------------------
Total                         112       94        20      21      0
--------------------------------------------------------------------------------------
(% Fs=48.0kHz)                2%        1%        1%      1%      0%


======================================================================================
                                    Total Percentage 
======================================================================================
FRAMEWORK                   Inst(%)   Inst(%)    DM0(%)  DM1(%)  PM(%)
Instance                   (cycles)   (size)  
======================================================================================
STREAM                        2         1         1       1       0
======================================================================================
Total %                       2         1         1       1       0
======================================================================================

