/tmp/landed-d24.json  3989 cells  sha256 220a14eca190  pin defs-v2026.09.19.3
landed contract: d24  pin defs-v2026.09.19.3  sha256 220a14eca190  3989 cells

== cross-check: transcribed constants vs the landed contract ==
  cross-check: 25 of 25 transcribed constants agree with the landed contract

== chip 1 ==
  chip 1 build_cfg 0xCF45FF10
  chip 1 ready, healthy=True

== numeric (chip 1) ==
  zero sentinel: _scope_len = 1024
--- numeric: COMPRESSOR (COMP)
--- COMP: the makeup second rounding and the parallel blend (D28)
  build arm: DIAG_BUILD_CFG2 0xE2018E7F — GATE_LINTHR=1 DYN_LUT=1, block 16
  cvt comp makeup -> Q4.28                                    367756576 /    367756576  ok
  cvt comp parallel blend (D40: PERCENT on the wire)         2147483647 /   2147483647  ok
  cvt comp threshold -> Q6.25 log2                           -167198112 /   -167198112  ok
  cvt comp slope (1 - 1/ratio) -> Q0.31                      1610612736 /   1610612736  ok
  cvt comp half-knee (hard knee: zero)                                0 /            0  ok
  cvt comp k2 (hard knee: zero)                                       0 /            0  ok
  state settled 0.6 s after the capture (it was still moving when the capture ended)
  state at rest: [523]
  state before this capture: [468] (at rest it read [523])
  state before this capture: [511] (at rest it read [523])
  step amp 0x0D3A17B5: repeat capture DIFFERS in 54 of 64 words — not at rest, trying another amplitude; state before them [468] then [511]
  state settled 1.6 s after the capture (it was still moving when the capture ended)
  state before this capture: [548] (at rest it read [523])
  state settled 0.5 s after the capture (it was still moving when the capture ended)
  state before this capture: [508] (at rest it read [523])
  step amp 0x0553C1A7: repeat capture DIFFERS in 10 of 64 words — not at rest, trying another amplitude; state before them [548] then [508]
  state settled 1.1 s after the capture (it was still moving when the capture ended)
  state before this capture: [538] (at rest it read [523])
  state settled 1.1 s after the capture (it was still moving when the capture ended)
  state before this capture: [485] (at rest it read [523])
  step amp 0x08000000: repeat capture DIFFERS in 32 of 64 words — not at rest, trying another amplitude; state before them [538] then [485]
  step: no amplitude produced a usable capture
  NO amplitude in the search separates this node from its negative control on this stimulus — the run will say so rather than report a pass
  impulse: no amplitude produced a usable capture
--- numeric: GATE (GATE)
--- GATE: the hold/range/smoother ladder (D30)
  cvt gate range floor (D39: dB on the wire)                    2684355 /      2684355  ok
  cvt gate threshold -> Q4.28 LINEAR (GATE_LINTHR)              2684355 /      2684355  ok
  cvt gate attack alpha -> Q0.31                              107374184 /    107374184  ok
  state settled 2.1 s after the capture (it was still moving when the capture ended)
  state at rest: [158, 2684356, 2684355]
  BLOCK-RATE ARM: _gate_gain_C1_GATE_01 is one word per block (block 16); the output capture is 64 blocks and the input capture is 1024 samples of the scope's 1024-word buffer
  state settled 1.6 s after the capture (it was still moving when the capture ended)
  state before this capture: [92, 2684356, 2684355] (at rest it read [158, 2684356, 2684355])
  state settled 2.7 s after the capture (it was still moving when the capture ended)
  state before this capture: [145, 2684356, 2684355] (at rest it read [158, 2684356, 2684355])
  phase profile (bit-exact words per phase, scoring phase 15 = end of block): 0:61 1:61 2:61 3:61 4:61 5:61 6:62 7:62 8:62 9:62 10:62 11:62 12:62 13:62 14:62 15:64
  impulse  amp 0x0D3A17B5  model 64 of 64 bit-exact   negative control differs in 2 of 64 (predicted 2)
  NO amplitude in the search separates this node from its negative control on this stimulus — the run will say so rather than report a pass
  step: no amplitude produced a usable capture
--- numeric: FADER_PAN (FDR)
--- FDR: the pan law and the level coefficient (D31)
  cvt fdr level coefficient                                    99321120 /     99321120  ok
  cvt fdr LEFT pan leg (table index 40; D42 open)             183217856 /    183217856  ok
  cvt fdr RIGHT pan leg (table index 40)                       85217608 /     85217608  ok
  step     amp 0x02741F14  model 64 of 64 bit-exact   negative control differs in 64 of 64 (predicted 64)
  impulse  amp 0x02741F14  model 64 of 64 bit-exact   negative control differs in 1 of 64 (predicted 1)
--- numeric: TUBE_SAT (TUBE)
--- TUBE: the three chained roundings, PLUGIN-CLASS (D29)
  cvt tube saturation cell (unit UNDECLARED, D65)          0.8587999939918518 -> Q4.28 230532368
  step     amp 0x1A6F2E93  model 64 of 64 bit-exact   negative control differs in 64 of 64 (predicted 64)
  impulse  amp 0x1A6F2E93  model 64 of 64 bit-exact   negative control differs in 1 of 64 (predicted 1)
--- numeric: BQCVT SKIPPED — this image is the FLOAT cascade; its bit-exact bar is bqeverify.sh float against bq_float_ref

== audio ==
  audio: COMPRESSOR   _buf_C1_COMP_01          floor 64/147 moved 64/104418622 peak 0x06BD8E64->0x00844126 -> LIVE
  audio: GATE         _buf_C1_GATE_01          floor 0/0 moved 64/82225841 peak 0x04FB268C->0x00147BDB -> LIVE
  audio: FADER_PAN    _buf_C1_FDR_01           floor 0/0 moved 64/53667955 peak 0x0443E09A->0x0110F827 -> LIVE
  audio: TUBE_SAT     _buf_C1_TUBE_01          floor 0/0 moved 64/66472384 peak 0x0443E09A->0x083A2A5A -> LIVE

== contract ==
- COMPRESSOR (C1_COMP_01, 544 cells)
  contract: 17 of 17 rw cells on C1_COMP_01 answer at their landed address
- GATE (C1_GATE_01, 336 cells)
  contract: 12 of 12 rw cells on C1_GATE_01 answer at their landed address
- FADER_PAN (C1_FDR_01, 122 cells)
  contract: 3 of 3 rw cells on C1_FDR_01 answer at their landed address
- TUBE_SAT (C1_TUBE_01, 48 cells)
  contract: 2 of 2 rw cells on C1_TUBE_01 answer at their landed address

wrote famverify-s83-num.json

== summary ==
ANTI_FB      cells   160  contract   0/0    audio -                numeric -           
AUX_INPUT    cells     8  contract   0/0    audio -                numeric -           
COMPRESSOR   cells   544  contract  17/17   audio LIVE             numeric NO_VERDICT  
CROSSOVER    cells     8  contract   0/0    audio -                numeric -           
DCA          cells    16  contract   0/0    audio -                numeric -           
DELAY        cells    34  contract   0/0    audio -                numeric -           
EQ_BIQUAD    cells   625  contract   0/0    audio -                numeric -           
FADER_PAN    cells   122  contract   3/3    audio LIVE             numeric BIT_EXACT   
FX_ENGINE    cells   114  contract   0/0    audio -                numeric -           
GAIN         cells    96  contract   0/0    audio -                numeric -           
GATE         cells   336  contract  12/12   audio LIVE             numeric BIT_EXACT   
GEQ          cells   403  contract   0/0    audio -                numeric -           
HPF_LPF      cells    72  contract   0/0    audio -                numeric -           
LIMITER      cells    48  contract   0/0    audio -                numeric -           
METER        cells   118  contract   0/0    audio -                numeric -           
MIX_BUS      cells    96  contract   0/0    audio -                numeric -           
MONITOR      cells     3  contract   0/0    audio -                numeric -           
NOISE_GEN    cells     3  contract   0/0    audio -                numeric -           
OUTPUT_TDM   cells     8  contract   0/0    audio -                numeric -           
ROUTING      cells  1104  contract   0/0    audio -                numeric -           
TALKBACK     cells     8  contract   0/0    audio -                numeric -           
TEST_MEAS    cells     7  contract   0/0    audio -                numeric -           
TEST_OSC     cells     8  contract   0/0    audio -                numeric -           
TUBE_SAT     cells    48  contract   2/2    audio LIVE             numeric BIT_EXACT   
  report: goldens/famverify-s83-num.json
EXIT=0
