17:22:35 AN_EN: 26: op -- pd | hi // GPIO26 = output
17:22:36 base image VERIFIED; strips on AUX 1: [6]
17:22:37 J25 presence: code 0 coherent loop gain +5.577 dB (S55 law +5.578)
17:22:40 J25 silent null   (0, 0.0) -> (0, 0.0)  change @ 4800  pk pre -91.9 / post -91.9 dBFS  ovr 0  map [3.3, 15.9]  
17:22:41 J25 silent hw_up  (0, 0.0) -> (1, 0.0)  change @ 5029.1  pk pre -91.5 / post -73.9 dBFS  ovr 0  map [3.5, 17.1]  
17:22:44 J25 silent hw_up  (1, 0.0) -> (2, 0.0)  change @ 5009.0  pk pre -76.4 / post -72.9 dBFS  ovr 0  map [-0.0, 13.4]  
17:22:48 J25 silent hw_up  (2, 0.0) -> (3, 0.0)  change @ 5044.9  pk pre -72.6 / post -70.3 dBFS  ovr 0  map [5.8, 17.2]  
17:22:52 J25 silent hw_up  (3, 0.0) -> (4, 0.0)  change @ 5024.6  pk pre -69.6 / post -66.3 dBFS  ovr 0  map [3.6, 12.9]  
17:22:55 J25 silent hw_up  (4, 0.0) -> (5, 0.0)  change @ 5047.6  pk pre -66.0 / post -63.9 dBFS  ovr 0  map [4.8, 18.2]  
17:22:59 J25 silent hw_up  (5, 0.0) -> (6, 0.0)  change @ 5021.6  pk pre -63.5 / post -64.1 dBFS  ovr 0  map [0.8, 12.7]  
17:23:02 J25 silent hw_up  (6, 0.0) -> (7, 0.0)  change @ 5011.2  pk pre -63.8 / post -62.2 dBFS  ovr 0  map [-2.6, 9.5]  
17:23:06 J25 silent hw_up  (7, 0.0) -> (9, 0.0)  change @ 5012.8  pk pre -63.3 / post -57.6 dBFS  ovr 0  map [0.6, 14.3]  
17:23:10 J25 silent hw_up  (9, 0.0) -> (10, 0.0)  change @ 5027.0  pk pre -57.8 / post -57.8 dBFS  ovr 0  map [-0.5, 11.3]  
17:23:13 J25 silent hw_up  (10, 0.0) -> (11, 0.0)  change @ 5034.8  pk pre -54.6 / post -56.2 dBFS  ovr 0  map [3.2, 18.1]  
17:23:17 J25 silent hw_up  (11, 0.0) -> (13, 0.0)  change @ 5011.5  pk pre -56.8 / post -54.7 dBFS  ovr 0  map [-2.3, 9.3]  
17:23:21 J25 silent hw_up  (13, 0.0) -> (15, 0.0)  change @ 5029.2  pk pre -52.8 / post -54.9 dBFS  ovr 0  map [1.3, 12.9]  
17:23:24 J25 silent hw_up  (15, 0.0) -> (17, 0.0)  change @ 5011.7  pk pre -54.6 / post -51.1 dBFS  ovr 0  map [-2.0, 9.6]  
17:23:28 J25 silent hw_up  (17, 0.0) -> (20, 0.0)  change @ 5038.2  pk pre -51.2 / post -49.5 dBFS  ovr 0  map [0.0, 12.8]  
17:23:31 J25 silent hw_up  (20, 0.0) -> (23, 0.0)  change @ 5044.9  pk pre -49.6 / post -47.5 dBFS  ovr 0  map [5.8, 8.7]  
17:23:35 J25 silent hw_up  (23, 0.0) -> (25, 0.0)  change @ 5025.5  pk pre -48.6 / post -48.0 dBFS  ovr 0  map [-1.8, 9.8]  
17:23:39 J25 silent hw_up  (25, 0.0) -> (29, 0.0)  change @ 5034.3  pk pre -47.4 / post -47.3 dBFS  ovr 0  map [1.7, 16.4]  
17:23:42 J25 silent hw_up  (29, 0.0) -> (31, 0.0)  change @ 5025.3  pk pre -45.7 / post -44.5 dBFS  ovr 0  map [-1.2, 10.1]  
17:23:46 J25 silent hw_up  (31, 0.0) -> (37, 0.0)  change @ 5026.6  pk pre -48.1 / post -42.2 dBFS  ovr 0  map [-0.2, 11.1]  
17:23:50 J25 silent hw_up  (37, 0.0) -> (42, 0.0)  change @ 5017.1  pk pre -42.5 / post -43.1 dBFS  ovr 0  map [-0.1, 11.9]  
17:23:53 J25 silent hw_up  (42, 0.0) -> (47, 0.0)  change @ 5013.0  pk pre -43.6 / post -39.9 dBFS  ovr 0  map [2.7, 17.4]  
17:23:57 J25 silent hw_up  (47, 0.0) -> (53, 0.0)  change @ 5025.6  pk pre -41.9 / post -39.7 dBFS  ovr 0  map [-0.7, 10.2]  
17:24:00 J25 silent hw_up  (53, 0.0) -> (61, 0.0)  change @ 5027.4  pk pre -40.3 / post -38.7 dBFS  ovr 0  map [-0.1, 12.3]  
17:24:04 J25 silent hw_up  (61, 0.0) -> (63, 0.0)  change @ 5012.7  pk pre -38.2 / post -38.8 dBFS  ovr 0  map [2.9, 14.7]  
17:24:08 J25 silent null   (63, 0.0) -> (63, 0.0)  change @ 4800  pk pre -37.5 / post -36.9 dBFS  ovr 0  map [-0.0, 10.9]  
17:24:08 J25 silent hw_dn  (63, 0.0) -> (61, 0.0)  change @ 5014.6  pk pre -40.7 / post -40.6 dBFS  ovr 0  map [-0.1, 10.5]  
17:24:12 J25 silent hw_dn  (61, 0.0) -> (53, 0.0)  change @ 5040.4  pk pre -39.4 / post -37.7 dBFS  ovr 0  map [3.6, 13.9]  
17:24:15 J25 silent hw_dn  (53, 0.0) -> (47, 0.0)  change @ 5025.3  pk pre -40.6 / post -41.6 dBFS  ovr 0  map [0.3, 10.6]  
17:24:19 J25 silent hw_dn  (47, 0.0) -> (42, 0.0)  change @ 5033.6  pk pre -42.7 / post -43.8 dBFS  ovr 0  map [4.3, 16.2]  
17:24:23 J25 silent hw_dn  (42, 0.0) -> (37, 0.0)  change @ 5025.4  pk pre -41.8 / post -44.1 dBFS  ovr 0  map [0.5, 10.8]  
17:24:26 J25 silent hw_dn  (37, 0.0) -> (31, 0.0)  change @ 5010.8  pk pre -44.2 / post -45.4 dBFS  ovr 0  map [2.4, 14.6]  
17:24:30 J25 silent hw_dn  (31, 0.0) -> (29, 0.0)  change @ 5024.9  pk pre -46.8 / post -46.2 dBFS  ovr 0  map [1.1, 11.2]  
17:24:33 J25 silent hw_dn  (29, 0.0) -> (25, 0.0)  change @ 5026.3  pk pre -45.3 / post -45.5 dBFS  ovr 0  map [0.5, 13.3]  
17:24:37 J25 silent hw_dn  (25, 0.0) -> (23, 0.0)  change @ 5012.9  pk pre -48.6 / post -48.0 dBFS  ovr 0  map [4.9, 16.8]  
17:24:41 J25 silent hw_dn  (23, 0.0) -> (20, 0.0)  change @ 5025.4  pk pre -48.3 / post -48.7 dBFS  ovr 0  map [1.5, 11.4]  
17:24:44 J25 silent hw_dn  (20, 0.0) -> (17, 0.0)  change @ 5034.4  pk pre -48.9 / post -50.0 dBFS  ovr 0  map [2.6, 17.7]  
17:24:48 J25 silent hw_dn  (17, 0.0) -> (15, 0.0)  change @ 5024.7  pk pre -50.4 / post -52.7 dBFS  ovr 0  map [1.8, 11.5]  
17:24:51 J25 silent hw_dn  (15, 0.0) -> (13, 0.0)  change @ 5051.9  pk pre -55.0 / post -54.6 dBFS  ovr 0  map [5.6, 21.1]  
17:24:55 J25 silent hw_dn  (13, 0.0) -> (11, 0.0)  change @ 5025.3  pk pre -54.7 / post -55.4 dBFS  ovr 0  map [2.1, 11.7]  
17:24:59 J25 silent hw_dn  (11, 0.0) -> (10, 0.0)  change @ 5045.2  pk pre -57.8 / post -57.2 dBFS  ovr 0  map [2.5, 18.7]  
17:25:02 J25 silent hw_dn  (10, 0.0) -> (9, 0.0)  change @ 5044.1  pk pre -56.5 / post -58.4 dBFS  ovr 0  map [6.4, 17.0]  
17:25:06 J25 silent hw_dn  (9, 0.0) -> (7, 0.0)  change @ 5038.7  pk pre -57.4 / post -58.8 dBFS  ovr 0  map [2.8, 11.9]  
17:25:10 J25 silent hw_dn  (7, 0.0) -> (6, 0.0)  change @ 5012.4  pk pre -61.2 / post -63.7 dBFS  ovr 0  map [6.1, 17.4]  
17:25:13 J25 silent hw_dn  (6, 0.0) -> (5, 0.0)  change @ 5025.1  pk pre -61.8 / post -63.4 dBFS  ovr 0  map [2.9, 12.3]  
17:25:17 J25 silent hw_dn  (5, 0.0) -> (4, 0.0)  change @ 5052.6  pk pre -64.2 / post -65.0 dBFS  ovr 0  map [7.6, 8.5]  
17:25:20 J25 silent hw_dn  (4, 0.0) -> (3, 0.0)  change @ 5016.1  pk pre -64.7 / post -67.7 dBFS  ovr 0  map [6.8, 20.1]  
17:25:24 J25 silent hw_dn  (3, 0.0) -> (2, 0.0)  change @ 5028.0  pk pre -70.7 / post -70.9 dBFS  ovr 0  map [2.8, 15.5]  
17:25:28 J25 silent hw_dn  (2, 0.0) -> (1, 0.0)  change @ 5048.8  pk pre -72.7 / post -74.3 dBFS  ovr 0  map [7.7, 8.2]  
17:25:31 J25 silent hw_dn  (1, 0.0) -> (0, 0.0)  change @ 5050.5  pk pre -80.0 / post -81.4 dBFS  ovr 0  map [7.6, 8.5]  
17:25:35 J25 silent bit    (31, 0.0) -> (32, 0.0)  change @ 5051.5  pk pre -47.4 / post -43.7 dBFS  ovr 0  map [7.5, 8.6]  
17:25:38 J25 silent bit    (32, 0.0) -> (31, 0.0)  change @ 5048.8  pk pre -43.9 / post -46.8 dBFS  ovr 0  map [7.8, 8.3]  
17:25:42 J25 silent bit    (15, 0.0) -> (16, 0.0)  change @ 5044.7  pk pre -54.2 / post -50.7 dBFS  ovr 0  map [3.5, 9.3]  
17:25:46 J25 silent bit    (16, 0.0) -> (15, 0.0)  change @ 5048.5  pk pre -51.3 / post -52.9 dBFS  ovr 0  map [7.7, 8.3]  
17:25:49 J25 silent bit    (7, 0.0) -> (8, 0.0)  change @ 5045.6  pk pre -61.8 / post -57.3 dBFS  ovr 0  map [3.7, 8.8]  
17:25:53 J25 silent bit    (8, 0.0) -> (7, 0.0)  change @ 5049.4  pk pre -59.1 / post -60.7 dBFS  ovr 0  map [7.7, 8.2]  
17:25:57 J25 silent bit    (3, 0.0) -> (4, 0.0)  change @ 5048.7  pk pre -70.8 / post -64.1 dBFS  ovr 0  map [7.8, 8.2]  
17:26:00 J25 silent bit    (4, 0.0) -> (3, 0.0)  change @ 5049.9  pk pre -65.3 / post -68.1 dBFS  ovr 0  map [7.7, 8.2]  
17:26:04 J25 silent bit    (1, 0.0) -> (2, 0.0)  change @ 5050.6  pk pre -79.0 / post -73.9 dBFS  ovr 0  map [7.7, 8.7]  
17:26:08 J25 silent bit    (2, 0.0) -> (1, 0.0)  change @ 5049.5  pk pre -73.6 / post -72.7 dBFS  ovr 0  map [7.7, 8.3]  
17:26:11 J25 silent bit    (0, 0.0) -> (1, 0.0)  change @ 5050.1  pk pre -92.5 / post -75.5 dBFS  ovr 0  map [7.6, 11.8]  
17:26:15 J25 silent bit    (1, 0.0) -> (0, 0.0)  change @ 5049.1  pk pre -80.8 / post -81.2 dBFS  ovr 0  map [7.7, 8.2]  
17:26:18 J25 silent trim   (0, 0.0) -> (0, 1.0)  change @ 4863.9  pk pre -91.6 / post -89.5 dBFS  ovr 0  map [7.8, 8.3]  
17:26:22 J25 silent trim   (0, 1.0) -> (0, 0.0)  change @ 4864.5  pk pre -91.9 / post -90.7 dBFS  ovr 0  map [7.5, 8.5]  
17:26:26 J25 silent trim   (0, 0.0) -> (0, 3.0)  change @ 4863.9  pk pre -92.1 / post -90.4 dBFS  ovr 0  map [7.6, 8.4]  
17:26:29 J25 silent trim   (0, 3.0) -> (0, 0.0)  change @ 4860.0  pk pre -89.8 / post -91.3 dBFS  ovr 0  map [3.5, 8.8]  
17:26:33 J25 silent trim   (0, 0.0) -> (0, 6.0)  change @ 4863.8  pk pre -92.8 / post -85.5 dBFS  ovr 0  map [7.7, 8.2]  
17:26:36 J25 silent trim   (0, 6.0) -> (0, 0.0)  change @ 4861.0  pk pre -85.5 / post -90.7 dBFS  ovr 0  map [4.8, 10.5]  
17:26:40 J25 silent trim   (0, 0.0) -> (0, 12.0)  change @ 4860.2  pk pre -93.2 / post -79.0 dBFS  ovr 0  map [3.6, 10.3]  
17:26:44 J25 silent trim   (0, 12.0) -> (0, 0.0)  change @ 4864.2  pk pre -78.5 / post -84.7 dBFS  ovr 0  map [7.8, 8.3]  
17:26:47 J25 silent combo  (6, 0.315) -> (7, 0.401)  change @ 5048.9  pk pre -61.4 / post -60.7 dBFS  ovr 0  map [7.8, 8.4]  
17:26:51 J25 silent combo  (7, 0.401) -> (6, 0.315)  change @ 5048.7  pk pre -60.2 / post -63.0 dBFS  ovr 0  map [7.6, 8.2]  
17:26:55 J25 tone   null   (0, 0.0) -> (0, 0.0)  change @ 4800  pk pre -8.0 / post -8.0 dBFS  ovr 0  map [3.5, 9.6]  
17:26:58 J25 tone   hw_up  (0, 0.0) -> (1, 0.0)  change @ 5048.7  pk pre -20.9 / post -8.0 dBFS  ovr 0  map [7.8, 8.3]  
17:27:02 J25 tone   hw_up  (1, 0.0) -> (2, 0.0)  change @ 5049.1  pk pre -14.6 / post -8.0 dBFS  ovr 0  map [7.7, 8.2]  
17:27:06 J25 tone   hw_up  (2, 0.0) -> (3, 0.0)  change @ 5048.9  pk pre -10.7 / post -8.0 dBFS  ovr 0  map [7.7, 8.3]  
17:27:09 J25 tone   hw_up  (3, 0.0) -> (4, 0.0)  change @ 5053.1  pk pre -12.8 / post -8.0 dBFS  ovr 0  map [7.5, 10.3]  
17:27:13 J25 tone   hw_up  (4, 0.0) -> (5, 0.0)  change @ 5049.3  pk pre -9.2 / post -8.0 dBFS  ovr 0  map [7.8, 8.3]  
17:27:17 J25 tone   hw_up  (5, 0.0) -> (6, 0.0)  change @ 5045.0  pk pre -9.6 / post -8.0 dBFS  ovr 0  map [3.6, 9.1]  
17:27:20 J25 tone   hw_up  (6, 0.0) -> (7, 0.0)  change @ 5049.3  pk pre -8.9 / post -8.0 dBFS  ovr 0  map [7.7, 8.3]  
17:27:24 J25 tone   hw_up  (7, 0.0) -> (9, 0.0)  change @ 5049.0  pk pre -12.3 / post -8.0 dBFS  ovr 0  map [7.7, 8.2]  
17:27:27 J25 tone   hw_up  (9, 0.0) -> (10, 0.0)  change @ 5051.4  pk pre -8.7 / post -8.0 dBFS  ovr 0  map [7.3, 8.4]  
17:27:31 J25 tone   hw_up  (10, 0.0) -> (11, 0.0)  change @ 5044.5  pk pre -8.5 / post -8.0 dBFS  ovr 0  map [3.4, 8.4]  
17:27:35 J25 tone   hw_up  (11, 0.0) -> (13, 0.0)  change @ 5048.9  pk pre -9.6 / post -8.0 dBFS  ovr 0  map [7.7, 8.3]  
17:27:38 J25 tone   hw_up  (13, 0.0) -> (15, 0.0)  change @ 5049.0  pk pre -8.9 / post -8.0 dBFS  ovr 0  map [7.8, 8.3]  
17:27:42 J25 tone   hw_up  (15, 0.0) -> (17, 0.0)  change @ 5048.7  pk pre -11.2 / post -8.0 dBFS  ovr 0  map [7.5, 9.1]  
17:27:46 J25 tone   hw_up  (17, 0.0) -> (20, 0.0)  change @ 5049.5  pk pre -9.1 / post -8.0 dBFS  ovr 0  map [7.7, 8.3]  
17:27:49 J25 tone   hw_up  (20, 0.0) -> (23, 0.0)  change @ 5044.9  pk pre -8.7 / post -8.0 dBFS  ovr 0  map [3.4, 9.1]  
17:27:53 J25 tone   hw_up  (23, 0.0) -> (25, 0.0)  change @ 5048.6  pk pre -9.1 / post -8.0 dBFS  ovr 0  map [7.8, 8.3]  
17:27:57 J25 tone   hw_up  (25, 0.0) -> (29, 0.0)  change @ 5050.6  pk pre -8.9 / post -8.0 dBFS  ovr 0  map [7.6, 11.9]  
17:28:00 J25 tone   hw_up  (29, 0.0) -> (31, 0.0)  change @ 5051.7  pk pre -8.3 / post -8.0 dBFS  ovr 0  map [7.5, 8.4]  
17:28:04 J25 tone   hw_up  (31, 0.0) -> (37, 0.0)  change @ 5016.6  pk pre -10.7 / post -7.9 dBFS  ovr 0  map [7.7, 20.1]  
17:28:08 J25 tone   hw_up  (37, 0.0) -> (42, 0.0)  change @ 5021.5  pk pre -8.9 / post -7.9 dBFS  ovr 0  map [3.5, 16.7]  
17:28:11 J25 tone   hw_up  (42, 0.0) -> (47, 0.0)  change @ 5026.7  pk pre -8.6 / post -7.9 dBFS  ovr 0  map [-0.2, 13.2]  
17:28:15 J25 tone   hw_up  (47, 0.0) -> (53, 0.0)  change @ 5012.1  pk pre -9.3 / post -7.9 dBFS  ovr 0  map [6.3, 16.2]  
17:28:19 J25 tone   hw_up  (53, 0.0) -> (61, 0.0)  change @ 5026.3  pk pre -8.9 / post -7.9 dBFS  ovr 0  map [3.5, 12.8]  
17:28:22 J25 tone   hw_up  (61, 0.0) -> (63, 0.0)  change @ 5051.9  pk pre -8.0 / post -7.9 dBFS  ovr 0  map [7.6, 8.5]  
17:28:26 J25 tone   null   (63, 0.0) -> (63, 0.0)  change @ 4800  pk pre -7.9 / post -7.9 dBFS  ovr 0  map [3.7, 13.8]  
17:28:26 J25 tone   hw_dn  (63, 0.0) -> (61, 0.0)  change @ 5025.7  pk pre -7.9 / post -7.9 dBFS  ovr 0  map [-2.9, 9.3]  
17:28:30 J25 tone   hw_dn  (61, 0.0) -> (53, 0.0)  change @ 5024.9  pk pre -7.8 / post -7.9 dBFS  ovr 0  map [-2.8, 9.1]  
17:28:34 J25 tone   hw_dn  (53, 0.0) -> (47, 0.0)  change @ 5030.2  pk pre -7.9 / post -8.0 dBFS  ovr 0  map [6.0, 16.1]  
17:28:37 J25 tone   hw_dn  (47, 0.0) -> (42, 0.0)  change @ 5018.6  pk pre -7.9 / post -7.9 dBFS  ovr 0  map [-2.8, 9.2]  
17:28:41 J25 tone   hw_dn  (42, 0.0) -> (37, 0.0)  change @ 5037.5  pk pre -7.9 / post -7.9 dBFS  ovr 0  map [0.4, 15.7]  
17:28:45 J25 tone   hw_dn  (37, 0.0) -> (31, 0.0)  change @ 5014.5  pk pre -7.9 / post -8.0 dBFS  ovr 0  map [6.6, 12.5]  
17:28:48 J25 tone   hw_dn  (31, 0.0) -> (29, 0.0)  change @ 5025.1  pk pre -8.0 / post -8.0 dBFS  ovr 0  map [-2.3, 9.4]  
17:28:52 J25 tone   hw_dn  (29, 0.0) -> (25, 0.0)  change @ 5028.3  pk pre -8.0 / post -8.0 dBFS  ovr 0  map [1.1, 12.7]  
17:28:56 J25 tone   hw_dn  (25, 0.0) -> (23, 0.0)  change @ 5025.3  pk pre -8.0 / post -8.0 dBFS  ovr 0  map [-2.2, 9.6]  
17:28:59 J25 tone   hw_dn  (23, 0.0) -> (20, 0.0)  change @ 5030.5  pk pre -8.0 / post -8.0 dBFS  ovr 0  map [-0.1, 13.3]  
17:29:03 J25 tone   hw_dn  (20, 0.0) -> (17, 0.0)  change @ 5025.0  pk pre -8.0 / post -8.0 dBFS  ovr 0  map [-1.5, 9.8]  
17:29:06 J25 tone   hw_dn  (17, 0.0) -> (15, 0.0)  change @ 5019.2  pk pre -8.0 / post -8.0 dBFS  ovr 0  map [-1.4, 9.8]  
17:29:10 J25 tone   hw_dn  (15, 0.0) -> (13, 0.0)  change @ 5051.4  pk pre -8.0 / post -8.0 dBFS  ovr 0  map [7.2, 9.9]  
17:29:14 J25 tone   hw_dn  (13, 0.0) -> (11, 0.0)  change @ 5012.3  pk pre -8.0 / post -8.0 dBFS  ovr 0  map [-1.0, 10.3]  
17:29:17 J25 tone   hw_dn  (11, 0.0) -> (10, 0.0)  change @ 5031.6  pk pre -8.0 / post -8.0 dBFS  ovr 0  map [1.7, 15.4]  
17:29:21 J25 tone   hw_dn  (10, 0.0) -> (9, 0.0)  change @ 5013.0  pk pre -8.0 / post -8.0 dBFS  ovr 0  map [-0.6, 10.3]  
17:29:25 J25 tone   hw_dn  (9, 0.0) -> (7, 0.0)  change @ 5025.5  pk pre -8.0 / post -8.0 dBFS  ovr 0  map [-0.6, 10.6]  
17:29:28 J25 tone   hw_dn  (7, 0.0) -> (6, 0.0)  change @ 5026.3  pk pre -8.0 / post -8.0 dBFS  ovr 0  map [0.4, 11.5]  
17:29:32 J25 tone   hw_dn  (6, 0.0) -> (5, 0.0)  change @ 5008.0  pk pre -8.0 / post -8.0 dBFS  ovr 0  map [3.3, 14.3]  
17:29:36 J25 tone   hw_dn  (5, 0.0) -> (4, 0.0)  change @ 5025.0  pk pre -8.0 / post -8.0 dBFS  ovr 0  map [0.1, 10.6]  
17:29:39 J25 tone   hw_dn  (4, 0.0) -> (3, 0.0)  change @ 5013.7  pk pre -8.0 / post -8.0 dBFS  ovr 0  map [0.1, 10.5]  
17:29:43 J25 tone   hw_dn  (3, 0.0) -> (2, 0.0)  change @ 5021.4  pk pre -8.0 / post -8.0 dBFS  ovr 0  map [0.3, 10.8]  
17:29:47 J25 tone   hw_dn  (2, 0.0) -> (1, 0.0)  change @ 5029.7  pk pre -8.0 / post -8.0 dBFS  ovr 0  map [3.1, 14.1]  
17:29:50 J25 tone   hw_dn  (1, 0.0) -> (0, 0.0)  change @ 5025.2  pk pre -8.0 / post -8.0 dBFS  ovr 0  map [0.8, 11.3]  
17:29:54 J25 tone   bit    (31, 0.0) -> (32, 0.0)  change @ 5032.2  pk pre -9.9 / post -7.9 dBFS  ovr 0  map [1.7, 17.1]  
17:29:58 J25 tone   bit    (32, 0.0) -> (31, 0.0)  change @ 5009.5  pk pre -7.9 / post -8.0 dBFS  ovr 0  map [4.1, 14.3]  
17:30:01 J25 tone   bit    (15, 0.0) -> (16, 0.0)  change @ 5025.0  pk pre -11.0 / post -8.0 dBFS  ovr 0  map [1.1, 11.2]  
17:30:05 J25 tone   bit    (16, 0.0) -> (15, 0.0)  change @ 5025.9  pk pre -8.0 / post -8.0 dBFS  ovr 0  map [0.9, 12.5]  
17:30:09 J25 tone   bit    (7, 0.0) -> (8, 0.0)  change @ 5023.0  pk pre -11.7 / post -8.0 dBFS  ovr 0  map [1.6, 11.5]  
17:30:12 J25 tone   bit    (8, 0.0) -> (7, 0.0)  change @ 5022.8  pk pre -8.0 / post -8.0 dBFS  ovr 0  map [1.7, 11.5]  
17:30:16 J25 tone   bit    (3, 0.0) -> (4, 0.0)  change @ 5009.3  pk pre -12.8 / post -8.0 dBFS  ovr 0  map [5.1, 14.7]  
17:30:19 J25 tone   bit    (4, 0.0) -> (3, 0.0)  change @ 5022.8  pk pre -8.0 / post -8.0 dBFS  ovr 0  map [2.0, 11.6]  
17:30:23 J25 tone   bit    (1, 0.0) -> (2, 0.0)  change @ 5012.0  pk pre -14.6 / post -8.0 dBFS  ovr 0  map [-1.0, 15.4]  
17:30:27 J25 tone   bit    (2, 0.0) -> (1, 0.0)  change @ 5024.9  pk pre -8.0 / post -8.0 dBFS  ovr 0  map [2.3, 11.7]  
17:30:30 J25 tone   bit    (0, 0.0) -> (1, 0.0)  change @ 5010.4  pk pre -20.9 / post -8.0 dBFS  ovr 0  map [5.5, 15.0]  
17:30:34 J25 tone   bit    (1, 0.0) -> (0, 0.0)  change @ 5016.3  pk pre -8.0 / post -8.0 dBFS  ovr 0  map [2.7, 11.9]  
17:30:38 J25 tone   trim   (0, 0.0) -> (0, 1.0)  change @ 4864.1  pk pre -9.0 / post -8.0 dBFS  ovr 0  map [7.5, 9.3]  
17:30:41 J25 tone   trim   (0, 1.0) -> (0, 0.0)  change @ 4847.8  pk pre -8.0 / post -8.0 dBFS  ovr 0  map [3.0, 12.1]  
17:30:45 J25 tone   trim   (0, 0.0) -> (0, 3.0)  change @ 4848.1  pk pre -11.0 / post -8.0 dBFS  ovr 0  map [-0.6, 12.7]  
17:30:49 J25 tone   trim   (0, 3.0) -> (0, 0.0)  change @ 4863.3  pk pre -8.0 / post -8.1 dBFS  ovr 0  map [7.0, 20.2]  
17:30:52 J25 tone   trim   (0, 0.0) -> (0, 6.0)  change @ 4832.1  pk pre -14.0 / post -8.0 dBFS  ovr 0  map [7.6, 20.5]  
17:30:56 J25 tone   trim   (0, 6.0) -> (0, 0.0)  change @ 4864.3  pk pre -8.0 / post -8.2 dBFS  ovr 0  map [7.5, 8.7]  
17:31:00 J25 tone   trim   (0, 0.0) -> (0, 12.0)  change @ 4863.8  pk pre -20.0 / post -8.0 dBFS  ovr 0  map [7.7, 8.2]  
17:31:03 J25 tone   trim   (0, 12.0) -> (0, 0.0)  change @ 4863.8  pk pre -8.0 / post -8.3 dBFS  ovr 0  map [7.8, 8.2]  
17:31:07 J25 tone   combo  (6, 0.315) -> (7, 0.401)  change @ 5044.6  pk pre -9.0 / post -8.0 dBFS  ovr 0  map [3.5, 10.2]  
17:31:10 J25 tone   combo  (7, 0.401) -> (6, 0.315)  change @ 5048.9  pk pre -8.0 / post -8.0 dBFS  ovr 0  map [7.7, 8.3]  
17:31:10 J25: 144 captures in 8.6 min
