===== FXTYPE=5 =====
  image: chip1.ldr 160d8863 chip2.ldr 02e38fa8  block=16 budget=327680
/tmp/landed-d24.json  3698 cells  sha256 42b3817ed2f9  pin defs-v2026.09.08.2
--- boot 1 ---
witness: LIVE  _blk_C2_RECV_FX_01=0x08000000/0xF8000000
arm A  engines at the landed default (Type 0)   256369 cycles/block
arm B  Type 5 on 6 engines                      251322 cycles/block
arm C  restored to Type 0 (the CONTROL)          256447 cycles/block

delta  Type 5 - default                        -5047 cycles/block
drift  control - default                        +78 cycles/block
budget 327680 cycles/block: default 78.24 %  loaded 76.70 %  margin 23.30 %
wrote fxcost-b16-t5-r1.json
--- boot 2 ---
witness: LIVE  _blk_C2_RECV_FX_01=0x08000000/0xF8000000
arm A  engines at the landed default (Type 0)   256363 cycles/block
arm B  Type 5 on 6 engines                      251323 cycles/block
arm C  restored to Type 0 (the CONTROL)          256363 cycles/block

delta  Type 5 - default                        -5040 cycles/block
drift  control - default                        +0 cycles/block
budget 327680 cycles/block: default 78.24 %  loaded 76.70 %  margin 23.30 %
wrote fxcost-b16-t5-r2.json
===== FXTYPE=2 =====
  image: chip1.ldr 160d8863 chip2.ldr 02e38fa8  block=16 budget=327680
/tmp/landed-d24.json  3698 cells  sha256 42b3817ed2f9  pin defs-v2026.09.08.2
--- boot 1 ---
witness: LIVE  _blk_C2_RECV_FX_01=0x08000000/0xF8000000
arm A  engines at the landed default (Type 0)   256457 cycles/block
arm B  Type 2 on 6 engines                      255215 cycles/block
arm C  restored to Type 0 (the CONTROL)          256675 cycles/block

delta  Type 2 - default                        -1242 cycles/block
drift  control - default                        +218 cycles/block
budget 327680 cycles/block: default 78.26 %  loaded 77.89 %  margin 22.11 %
DRIFT IS NOT SMALL AGAINST THE DELTA — this pair is not a measurement
wrote fxcost-b16-t2-r1.json
--- boot 2 ---
witness: LIVE  _blk_C2_RECV_FX_01=0x08000000/0xF8000000
arm A  engines at the landed default (Type 0)   256361 cycles/block
arm B  Type 2 on 6 engines                      254833 cycles/block
arm C  restored to Type 0 (the CONTROL)          256352 cycles/block

delta  Type 2 - default                        -1528 cycles/block
drift  control - default                        -9 cycles/block
budget 327680 cycles/block: default 78.24 %  loaded 77.77 %  margin 22.23 %
wrote fxcost-b16-t2-r2.json
===== FXTYPE=3 =====
  image: chip1.ldr 160d8863 chip2.ldr 02e38fa8  block=16 budget=327680
/tmp/landed-d24.json  3698 cells  sha256 42b3817ed2f9  pin defs-v2026.09.08.2
--- boot 1 ---
witness: LIVE  _blk_C2_RECV_FX_01=0x08000000/0xF8000000
arm A  engines at the landed default (Type 0)   256371 cycles/block
arm B  Type 3 on 6 engines                      305650 cycles/block
arm C  restored to Type 0 (the CONTROL)          256362 cycles/block

delta  Type 3 - default                        +49279 cycles/block
drift  control - default                        -9 cycles/block
budget 327680 cycles/block: default 78.24 %  loaded 93.28 %  margin 6.72 %
wrote fxcost-b16-t3-r1.json
--- boot 2 ---
witness: LIVE  _blk_C2_RECV_FX_01=0x08000000/0xF8000000
arm A  engines at the landed default (Type 0)   256359 cycles/block
arm B  Type 3 on 6 engines                      305259 cycles/block
arm C  restored to Type 0 (the CONTROL)          256359 cycles/block

delta  Type 3 - default                        +48900 cycles/block
drift  control - default                        +0 cycles/block
budget 327680 cycles/block: default 78.23 %  loaded 93.16 %  margin 6.84 %
wrote fxcost-b16-t3-r2.json
