AN_EN 26: op -- pd | lo // GPIO26 = output
ensure-pair -- 2026-09-30T16:29:54Z
chip 1: MAGIC None BOOT_STAGE None -> NOT answering
chip 2: MAGIC None BOOT_STAGE None -> NOT answering
matrix-app stopped (was already inactive); AN_EN at start: 26: op -- pd | lo // GPIO26 = output
pair: /home/app/loopthd/s154 (/home/app/selftest/pair.conf) -- already staged in /home/app/s90, md5 matches, copy skipped
7caa1bf46f4b325c39d60b7df2fe93e1  /home/app/s90/chip1.ldr
4a9406ed755e8bc0d02ac9937c70590f  /home/app/s90/chip2.ldr
tools: 7 repo-only tools already current in /home/app/s90 (md5)
  (--local: HERE is /home/app/selftest ON THE UNIT, so these md5s prove the stage matches THAT DEP
s) at 10000000 Hz, SPI mode 1, 0 B/transfer, SPICMD 0x03
CHIP_ID verified: chip 1 = 1, chip 2 = 2
--- config cycle 1 chip 1 ---
wrote 53 registers to chip 1 (CS GPIO6)
--- config cycle 1 chip 2 ---
wrote 6 registers to chip 2 (CS GPIO24)
--- boot cycle 2 ---
pins: 6,24 op dh, 8,12 ip, 7,9,10,11,22,23,25 a0
!RST_D pulsed (GPIO16), 0.500s settle
  chip 1: attempt 1/2 OK — 435200 bytes sent on CS1 (GPIO6), RDY on GPIO8, 584.0 ms (100% unsynced collision risk)
  chip 2: attempt 1/2 OK — 460800 bytes sent on CS2 (GPIO24), RDY on GPIO12, 618.2 ms (100% unsynced collision risk)
booted 2 chip(s) at 10000000 Hz, SPI mode 1, 0 B/transfer, SPICMD 0x03
CHIP_ID verified: chip 1 = 1, chip 2 = 2
--- config cycle 2 chip 1 ---
wrote 53 registers to chip 1 (CS GPIO6)
--- config cycle 2 chip 2 ---
wrote 6 registers to chip 2 (CS GPIO24)
--- inter-chip link gate (s89_signbit, exit 0) ---
  lane 0 (SPORT 0)  MAIN L/R    sent bit31  38/ 64 (distinct 58)   received bit31  33/ 64 (distinct 59)
  lane 1 (SPORT 1)  codec ret   sent bit31  24/ 64 (distinct 63)   received bit31  28/ 64 (distinct 64)
  VERDICT lane 0 (SPORT 0)  MAIN L/R   CLEAN
  VERDICT lane 1 (SPORT 1)  codec ret  CLEAN
OVERALL: CLEAN
S_RUN (codec4619.py --run --reinit): ok
595 chain SAFE: VERIFIED 200/200 01 01 01 01 01 01 01 01 01 01 01 01 01 01 01 01 01 01 01 01 01 01 01 01 00
chip 1: MAGIC 0xD5B40001 BOOT_STAGE 7 -> answering
chip 2: MAGIC 0xD5B40001 BOOT_STAGE 7 -> answering
ENSURE-PAIR OK: the pair was down, this run booted it; AN_EN 26: op -- pd | lo
26: op -- pd | lo // GPIO26 = output
