symbols: /home/app/loopthd/s154 (booted pair); rails down 336 s before this run
standing + 219 bypass cells written (0 did not read back)
   .. the mic-pre chain writer is open (fast)
   .. mic-pre chain MIC 2 at code 63: verified
   .. the analog rails are up
RAILS UP at 16:40:42Z
drift 00 t+   0.6 s MIC 2 overruns [0, 0]
   .. mic-pre chain MIC 4 at code 63: verified
drift 00 t+   3.9 s MIC 4 overruns [0, 0]
   .. mic-pre chain MIC 2 at code 63: verified
drift 01 t+  30.6 s MIC 2 overruns [0, 0]
drift 02 t+  60.6 s MIC 2 overruns [0, 0]
drift 03 t+  90.6 s MIC 2 overruns [0, 0]
drift 04 t+ 120.7 s MIC 2 overruns [0, 0]
drift 05 t+ 150.6 s MIC 2 overruns [0, 0]
drift 06 t+ 180.6 s MIC 2 overruns [0, 0]
drift 07 t+ 210.6 s MIC 2 overruns [0, 0]
drift 08 t+ 240.7 s MIC 2 overruns [0, 0]
drift 09 t+ 270.6 s MIC 2 overruns [0, 0]
drift 10 t+ 300.6 s MIC 2 overruns [0, 0]
   .. mic-pre chain MIC 4 at code 63: verified
drift 10 t+ 304.0 s MIC 4 overruns [0, 0]
   .. mic-pre chain MIC 2 at code 63: verified
drift 11 t+ 330.6 s MIC 2 overruns [0, 0]
drift 12 t+ 360.7 s MIC 2 overruns [0, 0]
drift 13 t+ 390.6 s MIC 2 overruns [0, 0]
drift 14 t+ 420.7 s MIC 2 overruns [0, 0]
drift 15 t+ 450.6 s MIC 2 overruns [0, 0]
drift 16 t+ 480.6 s MIC 2 overruns [0, 0]
drift 17 t+ 510.6 s MIC 2 overruns [0, 0]
drift 18 t+ 540.6 s MIC 2 overruns [0, 0]
drift 19 t+ 570.6 s MIC 2 overruns [0, 0]
drift 20 t+ 600.7 s MIC 2 overruns [0, 0]
   .. mic-pre chain MIC 4 at code 63: verified
drift 20 t+ 604.1 s MIC 4 overruns [0, 0]
   .. mic-pre chain MIC 2 at code 63: verified
drift 21 t+ 630.6 s MIC 2 overruns [0, 0]
drift 22 t+ 660.6 s MIC 2 overruns [0, 0]
drift 23 t+ 690.6 s MIC 2 overruns [0, 0]
drift 24 t+ 720.6 s MIC 2 overruns [0, 0]
drift 25 t+ 750.6 s MIC 2 overruns [0, 0]
drift 26 t+ 780.6 s MIC 2 overruns [0, 0]
drift 27 t+ 810.7 s MIC 2 overruns [0, 0]
drift 28 t+ 840.6 s MIC 2 overruns [0, 0]
drift 29 t+ 870.6 s MIC 2 overruns [0, 0]
drift 30 t+ 900.6 s MIC 2 overruns [0, 0]
   .. mic-pre chain MIC 4 at code 63: verified
drift 30 t+ 903.9 s MIC 4 overruns [0, 0]
   .. mic-pre chain MIC 2 at code 63: verified
   .. mic-pre chain MIC 1 at code 63: verified
MIC 1  code 63 strip  1: settled 5.2 s, node RMS -75.12 dBFS, 6 x 16384 captures at t+912 s, overruns [0, 0, 0, 0, 0, 0]
   .. mic-pre chain MIC 2 at code 63: verified
MIC 2  code 63 strip  2: settled 5.1 s, node RMS -72.24 dBFS, 6 x 16384 captures at t+922 s, overruns [0, 0, 0, 0, 0, 0]
   .. mic-pre chain MIC 3 at code 63: verified
MIC 3  code 63 strip  3: settled 5.1 s, node RMS -73.01 dBFS, 6 x 16384 captures at t+931 s, overruns [0, 0, 0, 0, 0, 0]
   .. mic-pre chain MIC 4 at code 63: verified
MIC 4  code 63 strip  4: settled 5.1 s, node RMS -70.78 dBFS, 6 x 16384 captures at t+941 s, overruns [0, 0, 0, 0, 0, 0]
   .. mic-pre chain MIC 5 at code 63: verified
MIC 5  code 63 strip  5: settled 5.1 s, node RMS -77.34 dBFS, 6 x 16384 captures at t+950 s, overruns [0, 0, 0, 0, 0, 0]
   .. mic-pre chain MIC 2 at code 0: verified
MIC 2  code  0 strip  2: settled 5.6 s, node RMS -113.25 dBFS, 6 x 16384 captures at t+960 s, overruns [0, 0, 0, 0, 0, 0]
   .. mic-pre chain MIC 2 at code 32: verified
MIC 2  code 32 strip  2: settled 5.0 s, node RMS -78.19 dBFS, 6 x 16384 captures at t+969 s, overruns [0, 0, 0, 0, 0, 0]
   .. mic-pre chain MIC 2 at code 48: verified
MIC 2  code 48 strip  2: settled 5.1 s, node RMS -74.63 dBFS, 6 x 16384 captures at t+979 s, overruns [0, 0, 0, 0, 0, 0]
   .. the analog rails are down
   .. mic-pre chain back to safe (phantom shunt engaged, gain 0, phantom off): verified
bypass: 219 cells restored to the values found (0 did not read back)
handed back: rails down, chain safe, sends shut
